Archive member included to satisfy reference by file (symbol)

c:/nxp/s32ds_arm_v2.2/s32ds/build_tools/gcc_v6.3/gcc-6.3-arm32-eabi/bin/../lib/gcc/arm-none-eabi/6.3.1/thumb/v6-m\libgcc.a(_udivsi3.o)
                              ./Project_Settings/Startup_Code/system_S32K116.o (__aeabi_uidiv)
c:/nxp/s32ds_arm_v2.2/s32ds/build_tools/gcc_v6.3/gcc-6.3-arm32-eabi/bin/../lib/gcc/arm-none-eabi/6.3.1/thumb/v6-m\libgcc.a(_divsi3.o)
                              ./src/AppSAS.o (__aeabi_idiv)
c:/nxp/s32ds_arm_v2.2/s32ds/build_tools/gcc_v6.3/gcc-6.3-arm32-eabi/bin/../lib/gcc/arm-none-eabi/6.3.1/thumb/v6-m\libgcc.a(_dvmd_tls.o)
                              c:/nxp/s32ds_arm_v2.2/s32ds/build_tools/gcc_v6.3/gcc-6.3-arm32-eabi/bin/../lib/gcc/arm-none-eabi/6.3.1/thumb/v6-m\libgcc.a(_udivsi3.o) (__aeabi_idiv0)
c:/nxp/s32ds_arm_v2.2/s32ds/build_tools/gcc_v6.3/gcc-6.3-arm32-eabi/bin/../lib/gcc/arm-none-eabi/6.3.1/thumb/v6-m\libgcc.a(_arm_cmpdf2.o)
                              ./src/main.o (__aeabi_dcmplt)
c:/nxp/s32ds_arm_v2.2/s32ds/build_tools/gcc_v6.3/gcc-6.3-arm32-eabi/bin/../lib/gcc/arm-none-eabi/6.3.1/thumb/v6-m\libgcc.a(_arm_cmpsf2.o)
                              ./src/main.o (__aeabi_fcmpeq)
c:/nxp/s32ds_arm_v2.2/s32ds/build_tools/gcc_v6.3/gcc-6.3-arm32-eabi/bin/../lib/gcc/arm-none-eabi/6.3.1/thumb/v6-m\libgcc.a(_fixunssfsi.o)
                              ./src/AppSAS.o (__aeabi_f2uiz)
c:/nxp/s32ds_arm_v2.2/s32ds/build_tools/gcc_v6.3/gcc-6.3-arm32-eabi/bin/../lib/gcc/arm-none-eabi/6.3.1/thumb/v6-m\libgcc.a(_fixunsdfsi.o)
                              ./src/AppSAS.o (__aeabi_d2uiz)
c:/nxp/s32ds_arm_v2.2/s32ds/build_tools/gcc_v6.3/gcc-6.3-arm32-eabi/bin/../lib/gcc/arm-none-eabi/6.3.1/thumb/v6-m\libgcc.a(addsf3.o)
                              ./src/AppSAS.o (__aeabi_fadd)
c:/nxp/s32ds_arm_v2.2/s32ds/build_tools/gcc_v6.3/gcc-6.3-arm32-eabi/bin/../lib/gcc/arm-none-eabi/6.3.1/thumb/v6-m\libgcc.a(divsf3.o)
                              ./src/AppSAS.o (__aeabi_fdiv)
c:/nxp/s32ds_arm_v2.2/s32ds/build_tools/gcc_v6.3/gcc-6.3-arm32-eabi/bin/../lib/gcc/arm-none-eabi/6.3.1/thumb/v6-m\libgcc.a(eqsf2.o)
                              c:/nxp/s32ds_arm_v2.2/s32ds/build_tools/gcc_v6.3/gcc-6.3-arm32-eabi/bin/../lib/gcc/arm-none-eabi/6.3.1/thumb/v6-m\libgcc.a(_arm_cmpsf2.o) (__eqsf2)
c:/nxp/s32ds_arm_v2.2/s32ds/build_tools/gcc_v6.3/gcc-6.3-arm32-eabi/bin/../lib/gcc/arm-none-eabi/6.3.1/thumb/v6-m\libgcc.a(gesf2.o)
                              c:/nxp/s32ds_arm_v2.2/s32ds/build_tools/gcc_v6.3/gcc-6.3-arm32-eabi/bin/../lib/gcc/arm-none-eabi/6.3.1/thumb/v6-m\libgcc.a(_arm_cmpsf2.o) (__gesf2)
c:/nxp/s32ds_arm_v2.2/s32ds/build_tools/gcc_v6.3/gcc-6.3-arm32-eabi/bin/../lib/gcc/arm-none-eabi/6.3.1/thumb/v6-m\libgcc.a(lesf2.o)
                              c:/nxp/s32ds_arm_v2.2/s32ds/build_tools/gcc_v6.3/gcc-6.3-arm32-eabi/bin/../lib/gcc/arm-none-eabi/6.3.1/thumb/v6-m\libgcc.a(_arm_cmpsf2.o) (__lesf2)
c:/nxp/s32ds_arm_v2.2/s32ds/build_tools/gcc_v6.3/gcc-6.3-arm32-eabi/bin/../lib/gcc/arm-none-eabi/6.3.1/thumb/v6-m\libgcc.a(mulsf3.o)
                              ./src/AppSAS.o (__aeabi_fmul)
c:/nxp/s32ds_arm_v2.2/s32ds/build_tools/gcc_v6.3/gcc-6.3-arm32-eabi/bin/../lib/gcc/arm-none-eabi/6.3.1/thumb/v6-m\libgcc.a(subsf3.o)
                              ./src/AppSAS.o (__aeabi_fsub)
c:/nxp/s32ds_arm_v2.2/s32ds/build_tools/gcc_v6.3/gcc-6.3-arm32-eabi/bin/../lib/gcc/arm-none-eabi/6.3.1/thumb/v6-m\libgcc.a(fixsfsi.o)
                              c:/nxp/s32ds_arm_v2.2/s32ds/build_tools/gcc_v6.3/gcc-6.3-arm32-eabi/bin/../lib/gcc/arm-none-eabi/6.3.1/thumb/v6-m\libgcc.a(_fixunssfsi.o) (__aeabi_f2iz)
c:/nxp/s32ds_arm_v2.2/s32ds/build_tools/gcc_v6.3/gcc-6.3-arm32-eabi/bin/../lib/gcc/arm-none-eabi/6.3.1/thumb/v6-m\libgcc.a(floatsisf.o)
                              ./src/AppSAS.o (__aeabi_i2f)
c:/nxp/s32ds_arm_v2.2/s32ds/build_tools/gcc_v6.3/gcc-6.3-arm32-eabi/bin/../lib/gcc/arm-none-eabi/6.3.1/thumb/v6-m\libgcc.a(floatunsisf.o)
                              ./src/main.o (__aeabi_ui2f)
c:/nxp/s32ds_arm_v2.2/s32ds/build_tools/gcc_v6.3/gcc-6.3-arm32-eabi/bin/../lib/gcc/arm-none-eabi/6.3.1/thumb/v6-m\libgcc.a(divdf3.o)
                              ./src/AppSAS.o (__aeabi_ddiv)
c:/nxp/s32ds_arm_v2.2/s32ds/build_tools/gcc_v6.3/gcc-6.3-arm32-eabi/bin/../lib/gcc/arm-none-eabi/6.3.1/thumb/v6-m\libgcc.a(eqdf2.o)
                              c:/nxp/s32ds_arm_v2.2/s32ds/build_tools/gcc_v6.3/gcc-6.3-arm32-eabi/bin/../lib/gcc/arm-none-eabi/6.3.1/thumb/v6-m\libgcc.a(_arm_cmpdf2.o) (__eqdf2)
c:/nxp/s32ds_arm_v2.2/s32ds/build_tools/gcc_v6.3/gcc-6.3-arm32-eabi/bin/../lib/gcc/arm-none-eabi/6.3.1/thumb/v6-m\libgcc.a(gedf2.o)
                              c:/nxp/s32ds_arm_v2.2/s32ds/build_tools/gcc_v6.3/gcc-6.3-arm32-eabi/bin/../lib/gcc/arm-none-eabi/6.3.1/thumb/v6-m\libgcc.a(_arm_cmpdf2.o) (__gedf2)
c:/nxp/s32ds_arm_v2.2/s32ds/build_tools/gcc_v6.3/gcc-6.3-arm32-eabi/bin/../lib/gcc/arm-none-eabi/6.3.1/thumb/v6-m\libgcc.a(ledf2.o)
[...]
Memory Configuration

Name             Origin             Length             Attributes
m_interrupts     0x00005000         0x000000c0         xr
m_flash_config   0x00005400         0x00000010         xr
m_text           0x00005410         0x0000c000         xr
m_dorman         0x0001fe00         0x00000040         xr
m_SecSpec        0x0001fe40         0x00000004         xr
m_SecLibVer      0x0001fe44         0x00000004         xr
m_ModuleName     0x0001ff00         0x00000020         xr
m_HardwareVersion 0x0001ff20         0x00000010         xr
m_FirmwareVersion 0x0001ff30         0x00000008         xr
m_Reserved1      0x0001ff38         0x00000008         xr
m_Reserved2      0x0001ff40         0x00000020         xr
m_data           0x20000000         0x000020c0         rw
m_data_2         0x200020c0         0x00001740         rw
*default*        0x00000000         0xffffffff

Linker script and memory map

LOAD c:/nxp/s32ds_arm_v2.2/s32ds/build_tools/gcc_v6.3/gcc-6.3-arm32-eabi/bin/../lib/gcc/arm-none-eabi/6.3.1/thumb/v6-m/crti.o
LOAD c:/nxp/s32ds_arm_v2.2/s32ds/build_tools/gcc_v6.3/gcc-6.3-arm32-eabi/bin/../lib/gcc/arm-none-eabi/6.3.1/thumb/v6-m/crtbegin.o
LOAD C:/NXP/S32DS_ARM_v2.2/S32DS/build_tools/gcc_v6.3/gcc-6.3-arm32-eabi/arm-none-eabi/newlib/lib/thumb/v6-m/crt0.o
LOAD ./Project_Settings/Startup_Code/startup.o
LOAD ./Project_Settings/Startup_Code/startup_S32K116.o
LOAD ./Project_Settings/Startup_Code/system_S32K116.o
LOAD ./src/AppSAS.o
LOAD ./src/CAN_app.o
LOAD ./src/Clock_Driver.o
LOAD ./src/Clock_app.o
LOAD ./src/Flash.o
LOAD ./src/FlexCAN.o
LOAD ./src/GPIO_Driver.o
LOAD ./src/GPIO_app.o
LOAD ./src/PWRMode_Driver.o
LOAD ./src/analog_sense.o
LOAD ./src/clk.o
LOAD ./src/lpi2c.o
LOAD ./src/lptmr.o
LOAD ./src/main.o
LOAD ./src/watchdog_driver.o
START GROUP
LOAD c:/nxp/s32ds_arm_v2.2/s32ds/build_tools/gcc_v6.3/gcc-6.3-arm32-eabi/bin/../lib/gcc/arm-none-eabi/6.3.1/thumb/v6-m\libgcc.a
LOAD C:/NXP/S32DS_ARM_v2.2/S32DS/build_tools/gcc_v6.3/gcc-6.3-arm32-eabi/arm-none-eabi/newlib/lib/thumb/v6-m\libc.a
END GROUP
START GROUP
LOAD c:/nxp/s32ds_arm_v2.2/s32ds/build_tools/gcc_v6.3/gcc-6.3-arm32-eabi/bin/../lib/gcc/arm-none-eabi/6.3.1/thumb/v6-m\libgcc.a
LOAD C:/NXP/S32DS_ARM_v2.2/S32DS/build_tools/gcc_v6.3/gcc-6.3-arm32-eabi/arm-none-eabi/newlib/lib/thumb/v6-m\libc.a
LOAD C:/NXP/S32DS_ARM_v2.2/S32DS/build_tools/gcc_v6.3/gcc-6.3-arm32-eabi/arm-none-eabi/newlib/lib/thumb/v6-m\libnosys.a
END GROUP
LOAD c:/nxp/s32ds_arm_v2.2/s32ds/build_tools/gcc_v6.3/gcc-6.3-arm32-eabi/bin/../lib/gcc/arm-none-eabi/6.3.1/thumb/v6-m/crtend.o
LOAD c:/nxp/s32ds_arm_v2.2/s32ds/build_tools/gcc_v6.3/gcc-6.3-arm32-eabi/bin/../lib/gcc/arm-none-eabi/6.3.1/thumb/v6-m/crtn.o
                0x00000200                HEAP_SIZE = DEFINED (__heap_size__)?__heap_size__:0x200
                0x00000200                STACK_SIZE = DEFINED (__stack_size__)?__stack_size__:0x200
                0x000000c0                M_VECTOR_RAM_SIZE = DEFINED (__flash_vector_table__)?0x0:0xc0

.interrupts     0x00005000       0xc0
                0x00005000                __VECTOR_TABLE = .
                0x00005000                __interrupts_start__ = .
                0x00005000                . = ALIGN (0x4)
 *(.isr_vector)
 .isr_vector    0x00005000       0xc0 ./Project_Settings/Startup_Code/startup_S32K116.o
                0x00005000                __isr_vector
                0x000050c0                __interrupts_end__ = .
                0x000050c0                . = ALIGN (0x4)

.flash_config   0x00005400       0x10
                0x00005400                . = ALIGN (0x4)
 *(.FlashConfig)
 .FlashConfig   0x00005400       0x10 ./Project_Settings/Startup_Code/startup_S32K116.o
                0x00005410                . = ALIGN (0x4)

.text           0x00005410     0x74b8
                0x00005410                . = ALIGN (0x4)
 *(.text)
 .text          0x00005410       0xb4 c:/nxp/s32ds_arm_v2.2/s32ds/build_tools/gcc_v6.3/gcc-6.3-arm32-eabi/bin/../lib/gcc/arm-none-eabi/6.3.1/thumb/v6-m/crtbegin.o
 .text          0x000054c4       0x78 C:/NXP/S32DS_ARM_v2.2/S32DS/build_tools/gcc_v6.3/gcc-6.3-arm32-eabi/arm-none-eabi/newlib/lib/thumb/v6-m/crt0.o
                0x000054c4                _start
                0x000054c4                _mainCRTStartup
 .text          0x0000553c       0x60 ./Project_Settings/Startup_Code/startup_S32K116.o
                0x0000553c                Reset_Handler
                0x00005598                ERM_fault_IRQHandler
                0x00005598                PendSV_Handler
                0x00005598                NMI_Handler
                0x00005598                DMA2_IRQHandler
                0x00005598                LPIT0_IRQHandler
                0x00005598                ADC0_IRQHandler
                0x00005598                FTM0_Ovf_Reload_IRQHandler
                0x00005598                FTM1_Ch0_7_IRQHandler
                0x00005598                DefaultISR
                0x00005598                FTM0_Ch0_7_IRQHandler
                0x00005598                RTC_IRQHandler
                0x00005598                PDB0_IRQHandler
                0x00005598                HardFault_Handler
                0x00005598                CAN0_ORed_Err_Wakeup_IRQHandler
                0x00005598                Reserved27_IRQHandler
                0x00005598                LPUART1_RxTx_IRQHandler
                0x00005598                RTC_Seconds_IRQHandler
                0x00005598                FTFC_IRQHandler
                0x00005598                LPSPI0_IRQHandler
                0x00005598                FTM0_Fault_IRQHandler
                0x00005598                SVC_Handler
                0x00005598                RCM_IRQHandler
                0x00005598                DMA3_IRQHandler
                0x00005598                DMA0_IRQHandler
                0x00005598                FTM1_Fault_IRQHandler
                0x00005598                DMA_Error_IRQHandler
                0x00005598                LPUART0_RxTx_IRQHandler
                0x00005598                WDOG_IRQHandler
                0x00005598                FTM1_Ovf_Reload_IRQHandler
                0x00005598                CMP0_IRQHandler
                0x00005598                FLEXIO_IRQHandler
                0x00005598                DMA1_IRQHandler
 .text          0x0000559c      0x114 c:/nxp/s32ds_arm_v2.2/s32ds/build_tools/gcc_v6.3/gcc-6.3-arm32-eabi/bin/../lib/gcc/arm-none-eabi/6.3.1/thumb/v6-m\libgcc.a(_udivsi3.o)
                0x0000559c                __aeabi_uidiv
                0x0000559c                __udivsi3
                0x000056a8                __aeabi_uidivmod
 .text          0x000056b0      0x1d4 c:/nxp/s32ds_arm_v2.2/s32ds/build_tools/gcc_v6.3/gcc-6.3-arm32-eabi/bin/../lib/gcc/arm-none-eabi/6.3.1/thumb/v6-m\libgcc.a(_divsi3.o)
                0x000056b0                __divsi3
                0x000056b0                __aeabi_idiv
                0x0000587c                __aeabi_idivmod
 .text          0x00005884        0x4 c:/nxp/s32ds_arm_v2.2/s32ds/build_tools/gcc_v6.3/gcc-6.3-arm32-eabi/bin/../lib/gcc/arm-none-eabi/6.3.1/thumb/v6-m\libgcc.a(_dvmd_tls.o)
                0x00005884                __aeabi_idiv0
                0x00005884                __aeabi_ldiv0
 .text          0x00005888       0x7c c:/nxp/s32ds_arm_v2.2/s32ds/build_tools/gcc_v6.3/gcc-6.3-arm32-eabi/bin/../lib/gcc/arm-none-eabi/6.3.1/thumb/v6-m\libgcc.a(_arm_cmpdf2.o)
                0x00005888                __aeabi_cdrcmple
                0x00005898                __aeabi_cdcmple
                0x00005898                __aeabi_cdcmpeq
                0x000058a8                __aeabi_dcmpeq
                0x000058b4                __aeabi_dcmplt
                0x000058c8                __aeabi_dcmple
                0x000058dc                __aeabi_dcmpgt
                0x000058f0                __aeabi_dcmpge
 .text          0x00005904       0x74 c:/nxp/s32ds_arm_v2.2/s32ds/build_tools/gcc_v6.3/gcc-6.3-arm32-eabi/bin/../lib/gcc/arm-none-eabi/6.3.1/thumb/v6-m\libgcc.a(_arm_cmpsf2.o)
                0x00005904                __aeabi_cfrcmple
                0x0000590c                __aeabi_cfcmpeq
                0x0000590c                __aeabi_cfcmple
                0x0000591c                __aeabi_fcmpeq
                0x00005928                __aeabi_fcmplt
                0x0000593c                __aeabi_fcmple
                0x00005950                __aeabi_fcmpgt
                0x00005964                __aeabi_fcmpge
 .text          0x00005978       0x30 c:/nxp/s32ds_arm_v2.2/s32ds/build_tools/gcc_v6.3/gcc-6.3-arm32-eabi/bin/../lib/gcc/arm-none-eabi/6.3.1/thumb/v6-m\libgcc.a(_fixunssfsi.o)
                0x00005978                __fixunssfsi
                0x00005978                __aeabi_f2uiz
 .text          0x000059a8       0x3c c:/nxp/s32ds_arm_v2.2/s32ds/build_tools/gcc_v6.3/gcc-6.3-arm32-eabi/bin/../lib/gcc/arm-none-eabi/6.3.1/thumb/v6-m\libgcc.a(_fixunsdfsi.o)
                0x000059a8                __aeabi_d2uiz
                0x000059a8                __fixunsdfsi
 .text          0x000059e4      0x324 c:/nxp/s32ds_arm_v2.2/s32ds/build_tools/gcc_v6.3/gcc-6.3-arm32-eabi/bin/../lib/gcc/arm-none-eabi/6.3.1/thumb/v6-m\libgcc.a(addsf3.o)
                0x000059e4                __aeabi_fadd
 .text          0x00005d08      0x290 c:/nxp/s32ds_arm_v2.2/s32ds/build_tools/gcc_v6.3/gcc-6.3-arm32-eabi/bin/../lib/gcc/arm-none-eabi/6.3.1/thumb/v6-m\libgcc.a(divsf3.o)
                0x00005d08                __aeabi_fdiv
 .text          0x00005f98       0x4c c:/nxp/s32ds_arm_v2.2/s32ds/build_tools/gcc_v6.3/gcc-6.3-arm32-eabi/bin/../lib/gcc/arm-none-eabi/6.3.1/thumb/v6-m\libgcc.a(eqsf2.o)
                0x00005f98                __eqsf2
                0x00005f98                __nesf2
 .text          0x00005fe4       0x80 c:/nxp/s32ds_arm_v2.2/s32ds/build_tools/gcc_v6.3/gcc-6.3-arm32-eabi/bin/../lib/gcc/arm-none-eabi/6.3.1/thumb/v6-m\libgcc.a(gesf2.o)
                0x00005fe4                __gesf2
                0x00005fe4                __gtsf2
 .text          0x00006064       0x84 c:/nxp/s32ds_arm_v2.2/s32ds/build_tools/gcc_v6.3/gcc-6.3-arm32-eabi/bin/../lib/gcc/arm-none-eabi/6.3.1/thumb/v6-m\libgcc.a(lesf2.o)
                0x00006064                __ltsf2
                0x00006064                __lesf2
 .text          0x000060e8      0x240 c:/nxp/s32ds_arm_v2.2/s32ds/build_tools/gcc_v6.3/gcc-6.3-arm32-eabi/bin/../lib/gcc/arm-none-eabi/6.3.1/thumb/v6-m\libgcc.a(mulsf3.o)
                0x000060e8                __aeabi_fmul
 .text          0x00006328      0x338 c:/nxp/s32ds_arm_v2.2/s32ds/build_tools/gcc_v6.3/gcc-6.3-arm32-eabi/bin/../lib/gcc/arm-none-eabi/6.3.1/thumb/v6-m\libgcc.a(subsf3.o)
                0x00006328                __aeabi_fsub
 .text          0x00006660       0x40 c:/nxp/s32ds_arm_v2.2/s32ds/build_tools/gcc_v6.3/gcc-6.3-arm32-eabi/bin/../lib/gcc/arm-none-eabi/6.3.1/thumb/v6-m\libgcc.a(fixsfsi.o)
                0x00006660                __aeabi_f2iz
 .text          0x000066a0       0xa0 c:/nxp/s32ds_arm_v2.2/s32ds/build_tools/gcc_v6.3/gcc-6.3-arm32-eabi/bin/../lib/gcc/arm-none-eabi/6.3.1/thumb/v6-m\libgcc.a(floatsisf.o)
                0x000066a0                __aeabi_i2f
 .text          0x00006740       0x8c c:/nxp/s32ds_arm_v2.2/s32ds/build_tools/gcc_v6.3/gcc-6.3-arm32-eabi/bin/../lib/gcc/arm-none-eabi/6.3.1/thumb/v6-m\libgcc.a(floatunsisf.o)
                0x00006740                __aeabi_ui2f
 .text          0x000067cc      0x668 c:/nxp/s32ds_arm_v2.2/s32ds/build_tools/gcc_v6.3/gcc-6.3-arm32-eabi/bin/../lib/gcc/arm-none-eabi/6.3.1/thumb/v6-m\libgcc.a(divdf3.o)
                0x000067cc                __aeabi_ddiv
 .text          0x00006e34       0x74 c:/nxp/s32ds_arm_v2.2/s32ds/build_tools/gcc_v6.3/gcc-6.3-arm32-eabi/bin/../lib/gcc/arm-none-eabi/6.3.1/thumb/v6-m\libgcc.a(eqdf2.o)
                0x00006e34                __nedf2
                0x00006e34                __eqdf2
 .text          0x00006ea8       0xc8 c:/nxp/s32ds_arm_v2.2/s32ds/build_tools/gcc_v6.3/gcc-6.3-arm32-eabi/bin/../lib/gcc/arm-none-eabi/6.3.1/thumb/v6-m\libgcc.a(gedf2.o)
                0x00006ea8                __gedf2
                0x00006ea8                __gtdf2
 .text          0x00006f70       0xc4 c:/nxp/s32ds_arm_v2.2/s32ds/build_tools/gcc_v6.3/gcc-6.3-arm32-eabi/bin/../lib/gcc/arm-none-eabi/6.3.1/thumb/v6-m\libgcc.a(ledf2.o)
                0x00006f70                __ledf2
                0x00006f70                __ltdf2
 .text          0x00007034      0x500 c:/nxp/s32ds_arm_v2.2/s32ds/build_tools/gcc_v6.3/gcc-6.3-arm32-eabi/bin/../lib/gcc/arm-none-eabi/6.3.1/thumb/v6-m\libgcc.a(muldf3.o)
                0x00007034                __aeabi_dmul
 .text          0x00007534      0x62c c:/nxp/s32ds_arm_v2.2/s32ds/build_tools/gcc_v6.3/gcc-6.3-arm32-eabi/bin/../lib/gcc/arm-none-eabi/6.3.1/thumb/v6-m\libgcc.a(subdf3.o)
                0x00007534                __aeabi_dsub
 .text          0x00007b60       0x68 c:/nxp/s32ds_arm_v2.2/s32ds/build_tools/gcc_v6.3/gcc-6.3-arm32-eabi/bin/../lib/gcc/arm-none-eabi/6.3.1/thumb/v6-m\libgcc.a(fixdfsi.o)
                0x00007b60                __aeabi_d2iz
 .text          0x00007bc8       0x84 c:/nxp/s32ds_arm_v2.2/s32ds/build_tools/gcc_v6.3/gcc-6.3-arm32-eabi/bin/../lib/gcc/arm-none-eabi/6.3.1/thumb/v6-m\libgcc.a(floatsidf.o)
                0x00007bc8                __aeabi_i2d
 .text          0x00007c4c       0xa4 c:/nxp/s32ds_arm_v2.2/s32ds/build_tools/gcc_v6.3/gcc-6.3-arm32-eabi/bin/../lib/gcc/arm-none-eabi/6.3.1/thumb/v6-m\libgcc.a(extendsfdf2.o)
                0x00007c4c                __aeabi_f2d
 .text          0x00007cf0      0x114 c:/nxp/s32ds_arm_v2.2/s32ds/build_tools/gcc_v6.3/gcc-6.3-arm32-eabi/bin/../lib/gcc/arm-none-eabi/6.3.1/thumb/v6-m\libgcc.a(truncdfsf2.o)
                0x00007cf0                __aeabi_d2f
 .text          0x00007e04       0x3c c:/nxp/s32ds_arm_v2.2/s32ds/build_tools/gcc_v6.3/gcc-6.3-arm32-eabi/bin/../lib/gcc/arm-none-eabi/6.3.1/thumb/v6-m\libgcc.a(_clzsi2.o)
                0x00007e04                __clzsi2
 *(.text*)
 .text.init_data_bss
                0x00007e40       0xdc ./Project_Settings/Startup_Code/startup.o
                0x00007e40                init_data_bss
 .text.SystemInit
                0x00007f1c       0x24 ./Project_Settings/Startup_Code/system_S32K116.o
                0x00007f1c                SystemInit
 .text.SystemSoftwareReset
                0x00007f40       0x20 ./Project_Settings/Startup_Code/system_S32K116.o
                0x00007f40                SystemSoftwareReset
 .text.sleep_actions
                0x00007f60       0x84 ./src/AppSAS.o
                0x00007f60                sleep_actions
 .text.wakeup_actions
                0x00007fe4       0x58 ./src/AppSAS.o
                0x00007fe4                wakeup_actions
 .text.LPI2C_CONF_Reg_Write
                0x0000803c       0x44 ./src/AppSAS.o
                0x0000803c                LPI2C_CONF_Reg_Write
 .text.Position_Check
                0x00008080      0x4fc ./src/AppSAS.o
                0x00008080                Position_Check
 .text.App_SAS_Operations
                0x0000857c      0xd84 ./src/AppSAS.o
                0x0000857c                App_SAS_Operations
 .text.CAN_App_Config
                0x00009300       0x44 ./src/CAN_app.o
                0x00009300                CAN_App_Config
 .text.CAN_App_GetRxID
                0x00009344       0x20 ./src/CAN_app.o
                0x00009344                CAN_App_GetRxID
 .text.CAN_App_GetRxBUF
                0x00009364       0x30 ./src/CAN_app.o
                0x00009364                CAN_App_GetRxBUF
 .text.CAN_App_Task
                0x00009394      0x7a0 ./src/CAN_app.o
                0x00009394                CAN_App_Task
 .text.CAN_App_Rx_Handler
                0x00009b34       0x44 ./src/CAN_app.o
                0x00009b34                CAN_App_Rx_Handler
 .text.Clock_Init
                0x00009b78      0x588 ./src/Clock_Driver.o
                0x00009b78                Clock_Init
 .text.Clock_Drv_Init
                0x0000a100        0x8 ./src/Clock_Driver.o
                0x0000a100                Clock_Drv_Init
 .text.Clock_App_Init
                0x0000a108       0x28 ./src/Clock_app.o
                0x0000a108                Clock_App_Init
 .text.FLASH_DRV_EWrite
                0x0000a130       0xd0 ./src/Flash.o
                0x0000a130                FLASH_DRV_EWrite
 .text.FLASH_DRV_EEERead
                0x0000a200       0x1e ./src/Flash.o
                0x0000a200                FLASH_DRV_EEERead
 *fill*         0x0000a21e        0x2 
 .text.Flash_ProgramPartitioning
                0x0000a220       0x40 ./src/Flash.o
                0x0000a220                Flash_ProgramPartitioning
 .text.Flash_SetFlexRAM
                0x0000a260       0x34 ./src/Flash.o
                0x0000a260                Flash_SetFlexRAM
 .text.Flash_Init
                0x0000a294        0xc ./src/Flash.o
                0x0000a294                Flash_Init
 .text.CAN0_ORed_0_31_MB_IRQHandler
                0x0000a2a0       0x10 ./src/FlexCAN.o
                0x0000a2a0                CAN0_ORed_0_31_MB_IRQHandler
 .text.CAN_Init
                0x0000a2b0      0x124 ./src/FlexCAN.o
                0x0000a2b0                CAN_Init
 .text.CAN_Port_Init
                0x0000a3d4       0x40 ./src/FlexCAN.o
                0x0000a3d4                CAN_Port_Init
 .text.CAN_ITConfig
                0x0000a414       0x20 ./src/FlexCAN.o
                0x0000a414                CAN_ITConfig
 .text.CAN_Transmit_msg
                0x0000a434       0x98 ./src/FlexCAN.o
                0x0000a434                CAN_Transmit_msg
 .text.CAN_Receive_msg
                0x0000a4cc       0x84 ./src/FlexCAN.o
                0x0000a4cc                CAN_Receive_msg
 .text.GPIO_Mode_Init
                0x0000a550       0x6c ./src/GPIO_Driver.o
                0x0000a550                GPIO_Mode_Init
 .text.GPIO_Drv_Init
                0x0000a5bc       0x1a ./src/GPIO_Driver.o
                0x0000a5bc                GPIO_Drv_Init
 *fill*         0x0000a5d6        0x2 
 .text.GPIO_Clk_Init
                0x0000a5d8       0x24 ./src/GPIO_Driver.o
                0x0000a5d8                GPIO_Clk_Init
 .text.PIN_Muxmode_Select
                0x0000a5fc        0xe ./src/GPIO_Driver.o
                0x0000a5fc                PIN_Muxmode_Select
 .text.PIN_Input_Read
                0x0000a60a       0x10 ./src/GPIO_Driver.o
                0x0000a60a                PIN_Input_Read
 .text.PIN_Set  0x0000a61a        0xc ./src/GPIO_Driver.o
                0x0000a61a                PIN_Set
 .text.PIN_Clear
                0x0000a626        0xc ./src/GPIO_Driver.o
                0x0000a626                PIN_Clear
 .text.PIN_Toggle
                0x0000a632        0xc ./src/GPIO_Driver.o
                0x0000a632                PIN_Toggle
 .text.PIN_Interrupt_Enable
                0x0000a63e       0x14 ./src/GPIO_Driver.o
                0x0000a63e                PIN_Interrupt_Enable
 .text.PIN_Interrupt_Disable
                0x0000a652        0xa ./src/GPIO_Driver.o
                0x0000a652                PIN_Interrupt_Disable
 .text.PIN_Pull_Select
                0x0000a65c       0x20 ./src/GPIO_Driver.o
                0x0000a65c                PIN_Pull_Select
 .text.GPIO_App_init
                0x0000a67c      0x180 ./src/GPIO_app.o
                0x0000a67c                GPIO_App_init
 .text.PORT_IRQHandler
                0x0000a7fc       0x24 ./src/GPIO_app.o
                0x0000a7fc                PORT_IRQHandler
 .text.SIRC_Init
                0x0000a820       0x50 ./src/PWRMode_Driver.o
                0x0000a820                SIRC_Init
 .text.SIRC_RUNState
                0x0000a870       0x48 ./src/PWRMode_Driver.o
                0x0000a870                SIRC_RUNState
 .text.FIRC_Disable
                0x0000a8b8       0x58 ./src/PWRMode_Driver.o
                0x0000a8b8                FIRC_Disable
 .text.Set_Power_Mode
                0x0000a910      0x120 ./src/PWRMode_Driver.o
                0x0000a910                Set_Power_Mode
 .text.ADC_Init
                0x0000aa30       0x50 ./src/analog_sense.o
                0x0000aa30                ADC_Init
 .text.Read_ADC
                0x0000aa80       0x50 ./src/analog_sense.o
                0x0000aa80                Read_ADC
 .text.LPI2C_init
                0x0000aad0       0x44 ./src/lpi2c.o
                0x0000aad0                LPI2C_init
 .text.LPI2C_Transmit_Int
                0x0000ab14       0x20 ./src/lpi2c.o
                0x0000ab14                LPI2C_Transmit_Int
 .text.LPI2C_Generate_Start_Ack
                0x0000ab34       0x14 ./src/lpi2c.o
                0x0000ab34                LPI2C_Generate_Start_Ack
 .text.LPI2C_DataToRead
                0x0000ab48       0x18 ./src/lpi2c.o
                0x0000ab48                LPI2C_DataToRead
 .text.LPI2C_Receive_Data
                0x0000ab60       0x78 ./src/lpi2c.o
                0x0000ab60                LPI2C_Receive_Data
 .text.LPI2C_Check_Busy
                0x0000abd8       0x38 ./src/lpi2c.o
                0x0000abd8                LPI2C_Check_Busy
 .text.LPI2C_Generate_Stop
                0x0000ac10       0x54 ./src/lpi2c.o
                0x0000ac10                LPI2C_Generate_Stop
 .text.LPI2C_Read_Location
                0x0000ac64       0x5c ./src/lpi2c.o
                0x0000ac64                LPI2C_Read_Location
 .text.LPI2C_Select_MuxChannel
                0x0000acc0       0x60 ./src/lpi2c.o
                0x0000acc0                LPI2C_Select_MuxChannel
 .text.LPI2C0_Master_Slave_IRQHandler
                0x0000ad20      0x440 ./src/lpi2c.o
                0x0000ad20                LPI2C0_Master_Slave_IRQHandler
 .text.SAS_ReadMagnet_Status
                0x0000b160       0x58 ./src/lpi2c.o
                0x0000b160                SAS_ReadMagnet_Status
 .text.LPTMR0_IRQHandler
                0x0000b1b8       0x20 ./src/lptmr.o
                0x0000b1b8                LPTMR0_IRQHandler
 .text.check_dorman_rights
                0x0000b1d8       0x2c ./src/main.o
                0x0000b1d8                check_dorman_rights
 .text.NVIC_Init_IRQs
                0x0000b204       0x60 ./src/main.o
                0x0000b204                NVIC_Init_IRQs
 .text.Init_SysTick
                0x0000b264       0x20 ./src/main.o
                0x0000b264                Init_SysTick
 .text.Task_1ms
                0x0000b284       0xbc ./src/main.o
                0x0000b284                Task_1ms
 .text.Task_12ms
                0x0000b340       0x88 ./src/main.o
                0x0000b340                Task_12ms
 .text.Task_50ms
                0x0000b3c8      0x21c ./src/main.o
                0x0000b3c8                Task_50ms
 .text.SysTick_Handler
                0x0000b5e4       0xcc ./src/main.o
                0x0000b5e4                SysTick_Handler
 .text.Task_960msec
                0x0000b6b0       0x24 ./src/main.o
                0x0000b6b0                Task_960msec
 .text.Task_1sec
                0x0000b6d4      0x2ac ./src/main.o
                0x0000b6d4                Task_1sec
 .text.Scheduler_Task
                0x0000b980       0x68 ./src/main.o
                0x0000b980                Scheduler_Task
 .text.GetTheAngleCounterValueCW
                0x0000b9e8      0x1ac ./src/main.o
                0x0000b9e8                GetTheAngleCounterValueCW
 .text.GetTheAngleCounterValueCCW
                0x0000bb94      0x1b0 ./src/main.o
                0x0000bb94                GetTheAngleCounterValueCCW
 .text.ADC_Disable
                0x0000bd44        0xc ./src/main.o
                0x0000bd44                ADC_Disable
 .text.CSAS_checksum_Byte
                0x0000bd50       0x16 ./src/main.o
                0x0000bd50                CSAS_checksum_Byte
 *fill*         0x0000bd66        0x2 
 .text.Low_voltage_detection_enable
                0x0000bd68       0x10 ./src/main.o
                0x0000bd68                Low_voltage_detection_enable
 .text.SCG_CMU_LVD_LVWSCG_IRQHandler
                0x0000bd78       0x38 ./src/main.o
                0x0000bd78                SCG_CMU_LVD_LVWSCG_IRQHandler
 .text.Flash_write_struct
                0x0000bdb0       0x24 ./src/main.o
                0x0000bdb0                Flash_write_struct
 .text.flash_checksum_write
                0x0000bdd4       0x68 ./src/main.o
                0x0000bdd4                flash_checksum_write
 .text.Flash_read_struct
                0x0000be3c       0xe8 ./src/main.o
                0x0000be3c                Flash_read_struct
 .text.Flash_array_store
                0x0000bf24       0xb0 ./src/main.o
                0x0000bf24                Flash_array_store
 .text.Init_Sys_Peripherals
                0x0000bfd4       0x40 ./src/main.o
                0x0000bfd4                Init_Sys_Peripherals
 .text.main     0x0000c014       0x6c ./src/main.o
                0x0000c014                main
 .text.WDOG_disable
                0x0000c080       0x28 ./src/watchdog_driver.o
                0x0000c080                WDOG_disable
 .text.exit     0x0000c0a8       0x20 C:/NXP/S32DS_ARM_v2.2/S32DS/build_tools/gcc_v6.3/gcc-6.3-arm32-eabi/arm-none-eabi/newlib/lib/thumb/v6-m\libc.a(lib_a-exit.o)
                0x0000c0a8                exit
 .text.__libc_init_array
                0x0000c0c8       0x48 C:/NXP/S32DS_ARM_v2.2/S32DS/build_tools/gcc_v6.3/gcc-6.3-arm32-eabi/arm-none-eabi/newlib/lib/thumb/v6-m\libc.a(lib_a-init.o)
                0x0000c0c8                __libc_init_array
 .text.memcpy   0x0000c110       0x12 C:/NXP/S32DS_ARM_v2.2/S32DS/build_tools/gcc_v6.3/gcc-6.3-arm32-eabi/arm-none-eabi/newlib/lib/thumb/v6-m\libc.a(lib_a-memcpy-stub.o)
                0x0000c110                memcpy
 .text.memset   0x0000c122       0x10 C:/NXP/S32DS_ARM_v2.2/S32DS/build_tools/gcc_v6.3/gcc-6.3-arm32-eabi/arm-none-eabi/newlib/lib/thumb/v6-m\libc.a(lib_a-memset.o)
                0x0000c122                memset
 *fill*         0x0000c132        0x2 
 .text.startup.register_fini
                0x0000c134       0x18 C:/NXP/S32DS_ARM_v2.2/S32DS/build_tools/gcc_v6.3/gcc-6.3-arm32-eabi/arm-none-eabi/newlib/lib/thumb/v6-m\libc.a(lib_a-__call_atexit.o)
 .text.__call_exitprocs
                0x0000c14c       0xc8 C:/NXP/S32DS_ARM_v2.2/S32DS/build_tools/gcc_v6.3/gcc-6.3-arm32-eabi/arm-none-eabi/newlib/lib/thumb/v6-m\libc.a(lib_a-__call_atexit.o)
                0x0000c14c                __call_exitprocs
 .text.__libc_fini_array
                0x0000c214       0x28 C:/NXP/S32DS_ARM_v2.2/S32DS/build_tools/gcc_v6.3/gcc-6.3-arm32-eabi/arm-none-eabi/newlib/lib/thumb/v6-m\libc.a(lib_a-fini.o)
                0x0000c214                __libc_fini_array
 .text.atexit   0x0000c23c       0x10 C:/NXP/S32DS_ARM_v2.2/S32DS/build_tools/gcc_v6.3/gcc-6.3-arm32-eabi/arm-none-eabi/newlib/lib/thumb/v6-m\libc.a(lib_a-atexit.o)
                0x0000c23c                atexit
 .text.__register_exitproc
                0x0000c24c       0x98 C:/NXP/S32DS_ARM_v2.2/S32DS/build_tools/gcc_v6.3/gcc-6.3-arm32-eabi/arm-none-eabi/newlib/lib/thumb/v6-m\libc.a(lib_a-__atexit.o)
                0x0000c24c                __register_exitproc
 .text._exit    0x0000c2e4        0x2 C:/NXP/S32DS_ARM_v2.2/S32DS/build_tools/gcc_v6.3/gcc-6.3-arm32-eabi/arm-none-eabi/newlib/lib/thumb/v6-m\libnosys.a(_exit.o)
                0x0000c2e4                _exit
 *(.rodata)
 *fill*         0x0000c2e6        0x2 
 .rodata        0x0000c2e8       0x80 c:/nxp/s32ds_arm_v2.2/s32ds/build_tools/gcc_v6.3/gcc-6.3-arm32-eabi/bin/../lib/gcc/arm-none-eabi/6.3.1/thumb/v6-m\libgcc.a(divsf3.o)
 .rodata        0x0000c368       0x40 c:/nxp/s32ds_arm_v2.2/s32ds/build_tools/gcc_v6.3/gcc-6.3-arm32-eabi/bin/../lib/gcc/arm-none-eabi/6.3.1/thumb/v6-m\libgcc.a(mulsf3.o)
 .rodata        0x0000c3a8       0x40 c:/nxp/s32ds_arm_v2.2/s32ds/build_tools/gcc_v6.3/gcc-6.3-arm32-eabi/bin/../lib/gcc/arm-none-eabi/6.3.1/thumb/v6-m\libgcc.a(divdf3.o)
 .rodata        0x0000c3e8       0x40 c:/nxp/s32ds_arm_v2.2/s32ds/build_tools/gcc_v6.3/gcc-6.3-arm32-eabi/bin/../lib/gcc/arm-none-eabi/6.3.1/thumb/v6-m\libgcc.a(muldf3.o)
 *(.rodata*)
 .rodata.CAN_App_Task
                0x0000c428       0x80 ./src/CAN_app.o
 .rodata.Clock_Init
                0x0000c4a8      0x3e8 ./src/Clock_Driver.o
 .rodata.Set_Power_Mode
                0x0000c890       0x18 ./src/PWRMode_Driver.o
 .rodata.Read_ADC.cst2
                0x0000c8a8        0x2 ./src/analog_sense.o
 *fill*         0x0000c8aa        0x2 
 .rodata._global_impure_ptr
                0x0000c8ac        0x4 C:/NXP/S32DS_ARM_v2.2/S32DS/build_tools/gcc_v6.3/gcc-6.3-arm32-eabi/arm-none-eabi/newlib/lib/thumb/v6-m\libc.a(lib_a-impure.o)
                0x0000c8ac                _global_impure_ptr
 *(.glue_7)
 .glue_7        0x0000c8b0        0x0 linker stubs
 *(.glue_7t)
 .glue_7t       0x0000c8b0        0x0 linker stubs
 *(.eh_frame)
 .eh_frame      0x0000c8b0        0x0 c:/nxp/s32ds_arm_v2.2/s32ds/build_tools/gcc_v6.3/gcc-6.3-arm32-eabi/bin/../lib/gcc/arm-none-eabi/6.3.1/thumb/v6-m/crtbegin.o
 *(.init)
 .init          0x0000c8b0        0x4 c:/nxp/s32ds_arm_v2.2/s32ds/build_tools/gcc_v6.3/gcc-6.3-arm32-eabi/bin/../lib/gcc/arm-none-eabi/6.3.1/thumb/v6-m/crti.o
                0x0000c8b0                _init
 .init          0x0000c8b4        0x8 c:/nxp/s32ds_arm_v2.2/s32ds/build_tools/gcc_v6.3/gcc-6.3-arm32-eabi/bin/../lib/gcc/arm-none-eabi/6.3.1/thumb/v6-m/crtn.o
 *(.fini)
 .fini          0x0000c8bc        0x4 c:/nxp/s32ds_arm_v2.2/s32ds/build_tools/gcc_v6.3/gcc-6.3-arm32-eabi/bin/../lib/gcc/arm-none-eabi/6.3.1/thumb/v6-m/crti.o
                0x0000c8bc                _fini
 .fini          0x0000c8c0        0x8 c:/nxp/s32ds_arm_v2.2/s32ds/build_tools/gcc_v6.3/gcc-6.3-arm32-eabi/bin/../lib/gcc/arm-none-eabi/6.3.1/thumb/v6-m/crtn.o
                0x0000c8c8                . = ALIGN (0x4)

.vfp11_veneer   0x0000c8c8        0x0
 .vfp11_veneer  0x0000c8c8        0x0 linker stubs

.v4_bx          0x0000c8c8        0x0
 .v4_bx         0x0000c8c8        0x0 linker stubs

.iplt           0x0000c8c8        0x0
 .iplt          0x0000c8c8        0x0 c:/nxp/s32ds_arm_v2.2/s32ds/build_tools/gcc_v6.3/gcc-6.3-arm32-eabi/bin/../lib/gcc/arm-none-eabi/6.3.1/thumb/v6-m/crtbegin.o

.ARM.extab
 *(.ARM.extab* .gnu.linkonce.armextab.*)

.ARM            0x0000c8c8        0x8
                0x0000c8c8                __exidx_start = .
 *(.ARM.exidx*)
 .ARM.exidx     0x0000c8c8        0x8 C:/NXP/S32DS_ARM_v2.2/S32DS/build_tools/gcc_v6.3/gcc-6.3-arm32-eabi/arm-none-eabi/newlib/lib/thumb/v6-m/crt0.o
                0x0000c8d0                __exidx_end = .

.rel.dyn        0x0000c8d0        0x0
 .rel.iplt      0x0000c8d0        0x0 c:/nxp/s32ds_arm_v2.2/s32ds/build_tools/gcc_v6.3/gcc-6.3-arm32-eabi/bin/../lib/gcc/arm-none-eabi/6.3.1/thumb/v6-m/crtbegin.o

.ctors          0x0000c8d0        0x0
                0x0000c8d0                __CTOR_LIST__ = .
 *crtbegin.o(.ctors)
 *crtbegin?.o(.ctors)
 *(EXCLUDE_FILE(*crtend.o *crtend?.o) .ctors)
 *(SORT(.ctors.*))
 *(.ctors)
                0x0000c8d0                __CTOR_END__ = .

.dtors          0x0000c8d0        0x0
                0x0000c8d0                __DTOR_LIST__ = .
 *crtbegin.o(.dtors)
 *crtbegin?.o(.dtors)
 *(EXCLUDE_FILE(*crtend.o *crtend?.o) .dtors)
 *(SORT(.dtors.*))
 *(.dtors)
                0x0000c8d0                __DTOR_END__ = .

.preinit_array  0x0000c8d0        0x0
                0x0000c8d0                PROVIDE (__preinit_array_start, .)
 *(.preinit_array*)
                0x0000c8d0                PROVIDE (__preinit_array_end, .)

.init_array     0x0000c8d0        0x8
                0x0000c8d0                PROVIDE (__init_array_start, .)
 *(SORT(.init_array.*))
 .init_array.00000
                0x0000c8d0        0x4 C:/NXP/S32DS_ARM_v2.2/S32DS/build_tools/gcc_v6.3/gcc-6.3-arm32-eabi/arm-none-eabi/newlib/lib/thumb/v6-m\libc.a(lib_a-__call_atexit.o)
 *(.init_array*)
 .init_array    0x0000c8d4        0x4 c:/nxp/s32ds_arm_v2.2/s32ds/build_tools/gcc_v6.3/gcc-6.3-arm32-eabi/bin/../lib/gcc/arm-none-eabi/6.3.1/thumb/v6-m/crtbegin.o
                0x0000c8d8                PROVIDE (__init_array_end, .)

.fini_array     0x0000c8d8        0x4
                0x0000c8d8                PROVIDE (__fini_array_start, .)
 *(SORT(.fini_array.*))
 *(.fini_array*)
 .fini_array    0x0000c8d8        0x4 c:/nxp/s32ds_arm_v2.2/s32ds/build_tools/gcc_v6.3/gcc-6.3-arm32-eabi/bin/../lib/gcc/arm-none-eabi/6.3.1/thumb/v6-m/crtbegin.o
                0x0000c8dc                PROVIDE (__fini_array_end, .)
                0x0000c8dc                __etext = .
                0x0000c8dc                __DATA_ROM = .

.interrupts_ram
                0x20000000       0xc0
                0x20000000                . = ALIGN (0x4)
                0x20000000                __VECTOR_RAM__ = .
                0x20000000                __RAM_START = .
                0x20000000                __interrupts_ram_start__ = .
 *(.m_interrupts_ram)
                0x200000c0                . = (. + M_VECTOR_RAM_SIZE)
 *fill*         0x20000000       0xc0 
                0x200000c0                . = ALIGN (0x4)
                0x200000c0                __interrupts_ram_end__ = .
                0x20000000                __VECTOR_RAM = DEFINED (__flash_vector_table__)?ORIGIN (m_interrupts):__VECTOR_RAM__
                0x000000c0                __RAM_VECTOR_TABLE_SIZE = DEFINED (__flash_vector_table__)?0x0:(__interrupts_ram_end__ - __interrupts_ram_start__)

.data           0x200000c0      0x594 load address 0x0000c8dc
                0x200000c0                . = ALIGN (0x4)
                0x200000c0                __DATA_RAM = .
                0x200000c0                __data_start__ = .
 *(.data)
 *(.data*)
 .data.BOOT_Initial_Response
                0x200000c0        0x8 ./src/CAN_app.o
                0x200000c0                BOOT_Initial_Response
 .data.BOOT_Response1
                0x200000c8        0x8 ./src/CAN_app.o
                0x200000c8                BOOT_Response1
 .data.BOOT_Response2
                0x200000d0        0x8 ./src/CAN_app.o
                0x200000d0                BOOT_Response2
 .data.BOOT_Response3
                0x200000d8        0x8 ./src/CAN_app.o
                0x200000d8                BOOT_Response3
 .data.BOOT_Response4
                0x200000e0        0x8 ./src/CAN_app.o
                0x200000e0                BOOT_Response4
 .data.BOOT_Response5
                0x200000e8        0x8 ./src/CAN_app.o
                0x200000e8                BOOT_Response5
 .data.BOOT_Response6
                0x200000f0        0x8 ./src/CAN_app.o
                0x200000f0                BOOT_Response6
 .data.BOOT_Response7
                0x200000f8        0x8 ./src/CAN_app.o
                0x200000f8                BOOT_Response7
 .data.can_comm_state
                0x20000100        0x1 ./src/CAN_app.o
                0x20000100                can_comm_state
 *fill*         0x20000101        0x3 
 .data.gu8CSASclearcompletemem
                0x20000104        0x8 ./src/CAN_app.o
                0x20000104                gu8CSASclearcompletemem
 .data.gu8CSASdiagnosticack
                0x2000010c        0x8 ./src/CAN_app.o
                0x2000010c                gu8CSASdiagnosticack
 .data.gu8CSASendzeropoint
                0x20000114        0x8 ./src/CAN_app.o
                0x20000114                gu8CSASendzeropoint
 .data.gu8CSASresponse
                0x2000011c        0x8 ./src/CAN_app.o
                0x2000011c                gu8CSASresponse
 .data.gu8CSASresponsepending
                0x20000124        0x8 ./src/CAN_app.o
                0x20000124                gu8CSASresponsepending
 .data.gu8CSAStesterpresentack
                0x2000012c        0x8 ./src/CAN_app.o
                0x2000012c                gu8CSAStesterpresentack
 .data.clk_firc_init
                0x20000134        0x3 ./src/Clock_app.o
                0x20000134                clk_firc_init
 *fill*         0x20000137        0x1 
 .data.clk_sirc_init
                0x20000138        0x3 ./src/Clock_app.o
                0x20000138                clk_sirc_init
 *fill*         0x2000013b        0x1 
 .data.freq_firc_init
                0x2000013c       0x18 ./src/Clock_app.o
                0x2000013c                freq_firc_init
 .data.freq_sirc_init
                0x20000154       0x18 ./src/Clock_app.o
                0x20000154                freq_sirc_init
 .data.start_address
                0x2000016c        0x4 ./src/Flash.o
                0x2000016c                start_address
 .data.gpio_struct
                0x20000170       0x78 ./src/GPIO_app.o
                0x20000170                gpio_struct
 .data.pta_out  0x200001e8        0x5 ./src/GPIO_app.o
                0x200001e8                pta_out
 .data.ptb_in   0x200001ed        0x1 ./src/GPIO_app.o
                0x200001ed                ptb_in
 *fill*         0x200001ee        0x2 
 .data.ptb_out  0x200001f0        0x6 ./src/GPIO_app.o
                0x200001f0                ptb_out
 *fill*         0x200001f6        0x2 
 .data.ptc_out  0x200001f8        0x7 ./src/GPIO_app.o
                0x200001f8                ptc_out
 *fill*         0x200001ff        0x1 
 .data.ptd_out  0x20000200        0x7 ./src/GPIO_app.o
                0x20000200                ptd_out
 *fill*         0x20000207        0x1 
 .data.pte_out  0x20000208        0x2 ./src/GPIO_app.o
                0x20000208                pte_out
 .data.IsSasAngleDataValid
                0x2000020a        0x1 ./src/main.o
                0x2000020a                IsSasAngleDataValid
 *fill*         0x2000020b        0x1 
 .data.gu16ClockWiseCounterS1
                0x2000020c        0x2 ./src/main.o
                0x2000020c                gu16ClockWiseCounterS1
 .data.gu16ClockWiseCounterS2
                0x2000020e        0x2 ./src/main.o
                0x2000020e                gu16ClockWiseCounterS2
 .data.gu16CounterClockWiseCounterS1
                0x20000210        0x2 ./src/main.o
                0x20000210                gu16CounterClockWiseCounterS1
 .data.gu16CounterClockWiseCounterS2
                0x20000212        0x2 ./src/main.o
                0x20000212                gu16CounterClockWiseCounterS2
 .data.gu16phaseangleratio
                0x20000214        0x4 ./src/main.o
                0x20000214                gu16phaseangleratio
 .data.gu8CSASCanDataFrame
                0x20000218        0x8 ./src/main.o
                0x20000218                gu8CSASCanDataFrame
 .data.gu8CSASCanDataFrame_960MS
                0x20000220        0x8 ./src/main.o
                0x20000220                gu8CSASCanDataFrame_960MS
 .data.magnet_present_check
                0x20000228        0x1 ./src/main.o
                0x20000228                magnet_present_check
 *fill*         0x20000229        0x3 
 .data.poweroff_address
                0x2000022c        0x4 ./src/main.o
                0x2000022c                poweroff_address
 .data.test_char_t1
                0x20000230        0x6 ./src/main.o
                0x20000230                test_char_t1
 *fill*         0x20000236        0x2 
 .data.impure_data
                0x20000238      0x418 C:/NXP/S32DS_ARM_v2.2/S32DS/build_tools/gcc_v6.3/gcc-6.3-arm32-eabi/arm-none-eabi/newlib/lib/thumb/v6-m\libc.a(lib_a-impure.o)
 *(.jcr*)
 .jcr           0x20000650        0x0 c:/nxp/s32ds_arm_v2.2/s32ds/build_tools/gcc_v6.3/gcc-6.3-arm32-eabi/bin/../lib/gcc/arm-none-eabi/6.3.1/thumb/v6-m/crtbegin.o
 .jcr           0x20000650        0x4 c:/nxp/s32ds_arm_v2.2/s32ds/build_tools/gcc_v6.3/gcc-6.3-arm32-eabi/bin/../lib/gcc/arm-none-eabi/6.3.1/thumb/v6-m/crtend.o
                0x20000654                . = ALIGN (0x4)
                0x20000654                __data_end__ = .
                0x0000ce70                __DATA_END = (__DATA_ROM + (__data_end__ - __data_start__))
                0x0000ce70                __CODE_ROM = __DATA_END

.tm_clone_table
                0x20000654        0x0 load address 0x0000ce70
 .tm_clone_table
                0x20000654        0x0 c:/nxp/s32ds_arm_v2.2/s32ds/build_tools/gcc_v6.3/gcc-6.3-arm32-eabi/bin/../lib/gcc/arm-none-eabi/6.3.1/thumb/v6-m/crtbegin.o
 .tm_clone_table
                0x20000654        0x0 c:/nxp/s32ds_arm_v2.2/s32ds/build_tools/gcc_v6.3/gcc-6.3-arm32-eabi/bin/../lib/gcc/arm-none-eabi/6.3.1/thumb/v6-m/crtend.o

.igot.plt       0x20000654        0x0 load address 0x0000ce70
 .igot.plt      0x20000654        0x0 c:/nxp/s32ds_arm_v2.2/s32ds/build_tools/gcc_v6.3/gcc-6.3-arm32-eabi/bin/../lib/gcc/arm-none-eabi/6.3.1/thumb/v6-m/crtbegin.o

.code           0x20000654        0x0 load address 0x0000ce70
                0x20000654                . = ALIGN (0x4)
                0x20000654                __CODE_RAM = .
                0x20000654                __code_start__ = .
                0x20000654                __code_ram_start__ = .
 *(.code_ram)
                0x20000654                . = ALIGN (0x4)
                0x20000654                __code_end__ = .
                0x20000654                __code_ram_end__ = .
                0x0000ce70                __CODE_END = (__CODE_ROM + (__code_end__ - __code_start__))
                0x0000ce70                __CUSTOM_ROM = __CODE_END

.customSectionBlock
                0x200020c0        0x0 load address 0x0000ce70
                0x200020c0                __customSection_start__ = .
 *(.customSection)
                0x200020c0                __customSection_end__ = .
                0x0000ce70                __CUSTOM_END = (__CUSTOM_ROM + (__customSection_end__ - __customSection_start__))

.bss            0x200020c0      0x17c
                0x200020c0                . = ALIGN (0x4)
                0x200020c0                __BSS_START = .
                0x200020c0                __bss_start__ = .
 *(.bss)
 .bss           0x200020c0       0x1c c:/nxp/s32ds_arm_v2.2/s32ds/build_tools/gcc_v6.3/gcc-6.3-arm32-eabi/bin/../lib/gcc/arm-none-eabi/6.3.1/thumb/v6-m/crtbegin.o
 *(.bss*)
 .bss.current_positions1
                0x200020dc        0x1 ./src/AppSAS.o
                0x200020dc                current_positions1
 .bss.current_positions2
                0x200020dd        0x1 ./src/AppSAS.o
                0x200020dd                current_positions2
 *fill*         0x200020de        0x2 
 .bss.position_difference
                0x200020e0        0x4 ./src/AppSAS.o
                0x200020e0                position_difference
 .bss.previous_positions1
                0x200020e4        0x1 ./src/AppSAS.o
                0x200020e4                previous_positions1
 .bss.previous_positions2
                0x200020e5        0x1 ./src/AppSAS.o
                0x200020e5                previous_positions2
 .bss.wake_up   0x200020e6        0x1 ./src/AppSAS.o
                0x200020e6                wake_up
 .bss.Boot_Enable
                0x200020e7        0x1 ./src/CAN_app.o
                0x200020e7                Boot_Enable
 .bss.Boot_Step
                0x200020e8        0x1 ./src/CAN_app.o
                0x200020e8                Boot_Step
 .bss.Cal_Stop  0x200020e9        0x1 ./src/CAN_app.o
                0x200020e9                Cal_Stop
 .bss.Tester_Present
                0x200020ea        0x1 ./src/CAN_app.o
                0x200020ea                Tester_Present
 .bss.byte0_msb
                0x200020eb        0x1 ./src/CAN_app.o
                0x200020eb                byte0_msb
 .bss.can_msg   0x200020ec        0x8 ./src/CAN_app.o
                0x200020ec                can_msg
 .bss.canrxid   0x200020f4        0x4 ./src/CAN_app.o
                0x200020f4                canrxid
 .bss.check_mem
                0x200020f8        0x1 ./src/CAN_app.o
                0x200020f8                check_mem
 *fill*         0x200020f9        0x3 
 .bss.clear     0x200020fc        0xc ./src/CAN_app.o
                0x200020fc                clear
 .bss.gCANMailBoxNo
                0x20002108        0x1 ./src/CAN_app.o
                0x20002108                gCANMailBoxNo
 .bss.incr      0x20002109        0x1 ./src/CAN_app.o
                0x20002109                incr
 .bss.mem_loop  0x2000210a        0x1 ./src/CAN_app.o
                0x2000210a                mem_loop
 .bss.one_time  0x2000210b        0x1 ./src/CAN_app.o
                0x2000210b                one_time
 .bss.write_cal_data
                0x2000210c        0x5 ./src/CAN_app.o
                0x2000210c                write_cal_data
 .bss.zero_point_set
                0x20002111        0x1 ./src/CAN_app.o
                0x20002111                zero_point_set
 *fill*         0x20002112        0x2 
 .bss.retfreq   0x20002114       0x18 ./src/Clock_Driver.o
                0x20002114                retfreq
 .bss.loop      0x2000212c        0x1 ./src/Flash.o
                0x2000212c                loop
 *fill*         0x2000212d        0x3 
 .bss.temp_addr
                0x20002130        0x4 ./src/Flash.o
                0x20002130                temp_addr
 .bss.anglelsb_data1
                0x20002134        0x1 ./src/lpi2c.o
                0x20002134                anglelsb_data1
 .bss.anglelsb_data2
                0x20002135        0x1 ./src/lpi2c.o
                0x20002135                anglelsb_data2
 .bss.anglemsb_data1
                0x20002136        0x1 ./src/lpi2c.o
                0x20002136                anglemsb_data1
 .bss.anglemsb_data2
                0x20002137        0x1 ./src/lpi2c.o
                0x20002137                anglemsb_data2
 .bss.cur_channel
                0x20002138        0x1 ./src/lpi2c.o
                0x20002138                cur_channel
 .bss.cur_tx_fifo_cnt
                0x20002139        0x1 ./src/lpi2c.o
                0x20002139                cur_tx_fifo_cnt
 .bss.error     0x2000213a        0x1 ./src/lpi2c.o
                0x2000213a                error
 .bss.i2c_state
                0x2000213b        0x1 ./src/lpi2c.o
                0x2000213b                i2c_state
 .bss.one_time_reject
                0x2000213c        0x1 ./src/lpi2c.o
                0x2000213c                one_time_reject
 .bss.u8RegMuxSelect
                0x2000213d        0x1 ./src/lpi2c.o
                0x2000213d                u8RegMuxSelect
 .bss.u8RegReadValMagPresent
                0x2000213e        0x1 ./src/lpi2c.o
                0x2000213e                u8RegReadValMagPresent
 *fill*         0x2000213f        0x1 
 .bss.ADC_Output
                0x20002140        0x4 ./src/main.o
                0x20002140                ADC_Output
 .bss.AngleDataCAN
                0x20002144        0x2 ./src/main.o
                0x20002144                AngleDataCAN
 *fill*         0x20002146        0x2 
 .bss.BattVoltage
                0x20002148        0x4 ./src/main.o
                0x20002148                BattVoltage
 .bss.CalOk     0x2000214c        0x1 ./src/main.o
                0x2000214c                CalOk
 .bss.Count_100ms_Reg
                0x2000214d        0x1 ./src/main.o
                0x2000214d                Count_100ms_Reg
 .bss.Count_10ms_Reg
                0x2000214e        0x1 ./src/main.o
                0x2000214e                Count_10ms_Reg
 .bss.Count_1ms_Reg
                0x2000214f        0x1 ./src/main.o
                0x2000214f                Count_1ms_Reg
 .bss.Count_1sec_Reg
                0x20002150        0x1 ./src/main.o
                0x20002150                Count_1sec_Reg
 .bss.Count_20ms_Reg
                0x20002151        0x1 ./src/main.o
                0x20002151                Count_20ms_Reg
 .bss.F_CalOk   0x20002152        0x1 ./src/main.o
                0x20002152                F_CalOk
 .bss.IsCalibarationComp
                0x20002153        0x1 ./src/main.o
                0x20002153                IsCalibarationComp
 .bss.IsSasAngleExceed
                0x20002154        0x1 ./src/main.o
                0x20002154                IsSasAngleExceed
 .bss.IsSasAngleoutphase
                0x20002155        0x1 ./src/main.o
                0x20002155                IsSasAngleoutphase
 .bss.IsSasHardFault
                0x20002156        0x1 ./src/main.o
                0x20002156                IsSasHardFault
 .bss.Receive_Check
                0x20002157        0x1 ./src/main.o
                0x20002157                Receive_Check
 .bss.TempVar   0x20002158        0x2 ./src/main.o
                0x20002158                TempVar
 *fill*         0x2000215a        0x2 
 .bss.TempVar_1
                0x2000215c        0x4 ./src/main.o
                0x2000215c                TempVar_1
 .bss.Temp_State
                0x20002160        0x1 ./src/main.o
                0x20002160                Temp_State
 *fill*         0x20002161        0x3 
 .bss.Temp_angle
                0x20002164        0x4 ./src/main.o
                0x20002164                Temp_angle
 .bss.cal_stuck
                0x20002168        0x1 ./src/main.o
                0x20002168                cal_stuck
 .bss.decrement_flag
                0x20002169        0x1 ./src/main.o
                0x20002169                decrement_flag
 .bss.difference
                0x2000216a        0x2 ./src/main.o
                0x2000216a                difference
 .bss.dorman_flag
                0x2000216c        0x1 ./src/main.o
                0x2000216c                dorman_flag
 .bss.first_read
                0x2000216d        0x1 ./src/main.o
                0x2000216d                first_read
 .bss.flag_anticlockwise
                0x2000216e        0x1 ./src/main.o
                0x2000216e                flag_anticlockwise
 .bss.flag_clockwise
                0x2000216f        0x1 ./src/main.o
                0x2000216f                flag_clockwise
 .bss.flash_array
                0x20002170        0xc ./src/main.o
                0x20002170                flash_array
 .bss.flash_struct_data
                0x2000217c       0x10 ./src/main.o
                0x2000217c                flash_struct_data
 .bss.gTime     0x2000218c        0x1 ./src/main.o
                0x2000218c                gTime
 .bss.gflag_5sec
                0x2000218d        0x1 ./src/main.o
                0x2000218d                gflag_5sec
 *fill*         0x2000218e        0x2 
 .bss.gu16AHFromS1
                0x20002190        0x4 ./src/main.o
                0x20002190                gu16AHFromS1
 .bss.gu16AHFromS2
                0x20002194        0x4 ./src/main.o
                0x20002194                gu16AHFromS2
 .bss.gu16AS5600s1Angle
                0x20002198        0x2 ./src/main.o
                0x20002198                gu16AS5600s1Angle
 .bss.gu16AS5600s2Angle
                0x2000219a        0x2 ./src/main.o
                0x2000219a                gu16AS5600s2Angle
 .bss.gu16AbsAngleS1
                0x2000219c        0x4 ./src/main.o
                0x2000219c                gu16AbsAngleS1
 .bss.gu16AbsAngleS2
                0x200021a0        0x4 ./src/main.o
                0x200021a0                gu16AbsAngleS2
 .bss.gu16CCWAngleS1
                0x200021a4        0x4 ./src/main.o
                0x200021a4                gu16CCWAngleS1
 .bss.gu16CCWAngleS2
                0x200021a8        0x4 ./src/main.o
                0x200021a8                gu16CCWAngleS2
 .bss.gu16CWAngleS1
                0x200021ac        0x4 ./src/main.o
                0x200021ac                gu16CWAngleS1
 .bss.gu16CWAngleS2
                0x200021b0        0x4 ./src/main.o
                0x200021b0                gu16CWAngleS2
 .bss.gu16CounterValue
                0x200021b4        0x2 ./src/main.o
                0x200021b4                gu16CounterValue
 .bss.gu16CurrentAngleData1
                0x200021b6        0x2 ./src/main.o
                0x200021b6                gu16CurrentAngleData1
 .bss.gu16CurrentAngleData1_phase
                0x200021b8        0x2 ./src/main.o
                0x200021b8                gu16CurrentAngleData1_phase
 .bss.gu16CurrentAngleData2
                0x200021ba        0x2 ./src/main.o
                0x200021ba                gu16CurrentAngleData2
 .bss.gu16CurrentAngleData2_phase
                0x200021bc        0x2 ./src/main.o
                0x200021bc                gu16CurrentAngleData2_phase
 .bss.gu16Difference
                0x200021be        0x2 ./src/main.o
                0x200021be                gu16Difference
 .bss.gu16FinalSasAngle
                0x200021c0        0x4 ./src/main.o
                0x200021c0                gu16FinalSasAngle
 .bss.gu16PreviousAngleData1
                0x200021c4        0x2 ./src/main.o
                0x200021c4                gu16PreviousAngleData1
 .bss.gu16PreviousAngleData1_phase
                0x200021c6        0x2 ./src/main.o
                0x200021c6                gu16PreviousAngleData1_phase
 .bss.gu16PreviousAngleData2
                0x200021c8        0x2 ./src/main.o
                0x200021c8                gu16PreviousAngleData2
 .bss.gu16PreviousAngleData2_phase
                0x200021ca        0x2 ./src/main.o
                0x200021ca                gu16PreviousAngleData2_phase
 .bss.gu16RevCntS1
                0x200021cc        0x2 ./src/main.o
                0x200021cc                gu16RevCntS1
 .bss.gu16RevCntS2
                0x200021ce        0x2 ./src/main.o
                0x200021ce                gu16RevCntS2
 .bss.gu16TempVar
                0x200021d0        0x2 ./src/main.o
                0x200021d0                gu16TempVar
 .bss.gu16ZeroPositionS1
                0x200021d2        0x2 ./src/main.o
                0x200021d2                gu16ZeroPositionS1
 .bss.gu16ZeroPositionS2
                0x200021d4        0x2 ./src/main.o
                0x200021d4                gu16ZeroPositionS2
 *fill*         0x200021d6        0x2 
 .bss.gu8CSASCanDataFrame_1Sec
                0x200021d8        0x1 ./src/main.o
                0x200021d8                gu8CSASCanDataFrame_1Sec
 .bss.gu8STDIDbit
                0x200021d9        0x1 ./src/main.o
                0x200021d9                gu8STDIDbit
 .bss.gu8STSnibble
                0x200021da        0x1 ./src/main.o
                0x200021da                gu8STSnibble
 .bss.gu8increment_value
                0x200021db        0x1 ./src/main.o
                0x200021db                gu8increment_value
 .bss.isFlagCCWS1
                0x200021dc        0x1 ./src/main.o
                0x200021dc                isFlagCCWS1
 .bss.isFlagCCWS2
                0x200021dd        0x1 ./src/main.o
                0x200021dd                isFlagCCWS2
 .bss.isFlagCWS1
                0x200021de        0x1 ./src/main.o
                0x200021de                isFlagCWS1
 .bss.isFlagCWS2
                0x200021df        0x1 ./src/main.o
                0x200021df                isFlagCWS2
 .bss.isFlagpoweroff
                0x200021e0        0x1 ./src/main.o
                0x200021e0                isFlagpoweroff
 .bss.isFlagpoweroff_1
                0x200021e1        0x1 ./src/main.o
                0x200021e1                isFlagpoweroff_1
 .bss.isMovedS1
                0x200021e2        0x1 ./src/main.o
                0x200021e2                isMovedS1
 .bss.isMovedS2
                0x200021e3        0x1 ./src/main.o
                0x200021e3                isMovedS2
 .bss.phase_check
                0x200021e4        0x1 ./src/main.o
                0x200021e4                phase_check
 *fill*         0x200021e5        0x3 
 .bss.speed     0x200021e8        0x4 ./src/main.o
                0x200021e8                speed
 .bss.velocity  0x200021ec        0x2 ./src/main.o
                0x200021ec                velocity
 *(COMMON)
 *fill*         0x200021ee        0x2 
 COMMON         0x200021f0        0xc ./src/CAN_app.o
                0x200021f0                byte1_msb
                0x200021f4                RxBuff
 COMMON         0x200021fc       0x19 ./src/FlexCAN.o
                0x200021fc                RxDATA
                0x20002204                RxID
                0x20002208                RxLENGTH
                0x2000220c                RxCODE
                0x20002210                RxTIMESTAMP
                0x20002214                RxIDType
 *fill*         0x20002215        0x3 
 COMMON         0x20002218       0x24 ./src/main.o
                0x20002218                err_3
                0x2000221c                address
                0x20002220                Destination_Buff
                0x2000222a                err_1
                0x2000222b                err_4
                0x2000222c                err_0
                0x2000222d                err_5
                0x2000222e                err_2
                0x20002230                EE_BL_Byte
                0x20002235                err_6
                0x20002236                ready
                0x20002238                Flag
                0x2000223c                . = ALIGN (0x4)
                0x2000223c                __bss_end__ = .
                0x2000223c                __BSS_END = .

.heap           0x2000223c      0x204
                0x20002240                . = ALIGN (0x8)
 *fill*         0x2000223c        0x4 
                0x20002240                __end__ = .
                0x20002240                __heap_start__ = .
                [!provide]                PROVIDE (end, .)
                [!provide]                PROVIDE (_end, .)
                [!provide]                PROVIDE (__end, .)
                0x20002240                __HeapBase = .
                0x20002440                . = (. + HEAP_SIZE)
 *fill*         0x20002240      0x200 
                0x20002440                __HeapLimit = .
                0x20002440                __heap_limit = .
                0x20002440                __heap_end__ = .
                0x20003800                __StackTop = (ORIGIN (m_data_2) + LENGTH (m_data_2))
                0x20003600                __StackLimit = (__StackTop - STACK_SIZE)
                0x20003800                PROVIDE (__stack, __StackTop)
                0x20003800                __RAM_END = __StackTop

.stack          0x20003600      0x200
                0x20003600                . = ALIGN (0x8)
                0x20003600                __stack_start__ = .
                0x20003800                . = (. + STACK_SIZE)
 *fill*         0x20003600      0x200 
                0x20003800                __stack_end__ = .
                0x200020c0                __START_BSS = __BSS_START
                0x2000223c                __END_BSS = __BSS_END
                0x20003800                __SP_INIT = __StackTop

.ARM.attributes
                0x00000000       0x28
 *(.ARM.attributes)
 .ARM.attributes
                0x00000000       0x1e c:/nxp/s32ds_arm_v2.2/s32ds/build_tools/gcc_v6.3/gcc-6.3-arm32-eabi/bin/../lib/gcc/arm-none-eabi/6.3.1/thumb/v6-m/crti.o
 .ARM.attributes
                0x0000001e       0x2c c:/nxp/s32ds_arm_v2.2/s32ds/build_tools/gcc_v6.3/gcc-6.3-arm32-eabi/bin/../lib/gcc/arm-none-eabi/6.3.1/thumb/v6-m/crtbegin.o
 .ARM.attributes
                0x0000004a       0x1b C:/NXP/S32DS_ARM_v2.2/S32DS/build_tools/gcc_v6.3/gcc-6.3-arm32-eabi/arm-none-eabi/newlib/lib/thumb/v6-m/crt0.o
 .ARM.attributes
                0x00000065       0x32 ./Project_Settings/Startup_Code/startup.o
 .ARM.attributes
                0x00000097       0x1b ./Project_Settings/Startup_Code/startup_S32K116.o
 .ARM.attributes
                0x000000b2       0x32 ./Project_Settings/Startup_Code/system_S32K116.o
 .ARM.attributes
                0x000000e4       0x32 ./src/AppSAS.o
 .ARM.attributes
                0x00000116       0x32 ./src/CAN_app.o
 .ARM.attributes
                0x00000148       0x32 ./src/Clock_Driver.o
 .ARM.attributes
                0x0000017a       0x32 ./src/Clock_app.o
 .ARM.attributes
                0x000001ac       0x32 ./src/Flash.o
 .ARM.attributes
                0x000001de       0x32 ./src/FlexCAN.o
 .ARM.attributes
                0x00000210       0x32 ./src/GPIO_Driver.o
 .ARM.attributes
                0x00000242       0x32 ./src/GPIO_app.o
 .ARM.attributes
                0x00000274       0x32 ./src/PWRMode_Driver.o
 .ARM.attributes
                0x000002a6       0x32 ./src/analog_sense.o
 .ARM.attributes
                0x000002d8       0x32 ./src/lpi2c.o
 .ARM.attributes
                0x0000030a       0x32 ./src/lptmr.o
 .ARM.attributes
                0x0000033c       0x32 ./src/main.o
 .ARM.attributes
                0x0000036e       0x32 ./src/watchdog_driver.o
 .ARM.attributes
                0x000003a0       0x1e c:/nxp/s32ds_arm_v2.2/s32ds/build_tools/gcc_v6.3/gcc-6.3-arm32-eabi/bin/../lib/gcc/arm-none-eabi/6.3.1/thumb/v6-m\libgcc.a(_udivsi3.o)
 .ARM.attributes
                0x000003be       0x1e c:/nxp/s32ds_arm_v2.2/s32ds/build_tools/gcc_v6.3/gcc-6.3-arm32-eabi/bin/../lib/gcc/arm-none-eabi/6.3.1/thumb/v6-m\libgcc.a(_divsi3.o)
 .ARM.attributes
                0x000003dc       0x1e c:/nxp/s32ds_arm_v2.2/s32ds/build_tools/gcc_v6.3/gcc-6.3-arm32-eabi/bin/../lib/gcc/arm-none-eabi/6.3.1/thumb/v6-m\libgcc.a(_dvmd_tls.o)
 .ARM.attributes
                0x000003fa       0x1e c:/nxp/s32ds_arm_v2.2/s32ds/build_tools/gcc_v6.3/gcc-6.3-arm32-eabi/bin/../lib/gcc/arm-none-eabi/6.3.1/thumb/v6-m\libgcc.a(_arm_cmpdf2.o)
 .ARM.attributes
                0x00000418       0x1e c:/nxp/s32ds_arm_v2.2/s32ds/build_tools/gcc_v6.3/gcc-6.3-arm32-eabi/bin/../lib/gcc/arm-none-eabi/6.3.1/thumb/v6-m\libgcc.a(_arm_cmpsf2.o)
 .ARM.attributes
                0x00000436       0x2c c:/nxp/s32ds_arm_v2.2/s32ds/build_tools/gcc_v6.3/gcc-6.3-arm32-eabi/bin/../lib/gcc/arm-none-eabi/6.3.1/thumb/v6-m\libgcc.a(_fixunssfsi.o)
 .ARM.attributes
                0x00000462       0x2c c:/nxp/s32ds_arm_v2.2/s32ds/build_tools/gcc_v6.3/gcc-6.3-arm32-eabi/bin/../lib/gcc/arm-none-eabi/6.3.1/thumb/v6-m\libgcc.a(_fixunsdfsi.o)
 .ARM.attributes
                0x0000048e       0x2c c:/nxp/s32ds_arm_v2.2/s32ds/build_tools/gcc_v6.3/gcc-6.3-arm32-eabi/bin/../lib/gcc/arm-none-eabi/6.3.1/thumb/v6-m\libgcc.a(addsf3.o)
 .ARM.attributes
                0x000004ba       0x2c c:/nxp/s32ds_arm_v2.2/s32ds/build_tools/gcc_v6.3/gcc-6.3-arm32-eabi/bin/../lib/gcc/arm-none-eabi/6.3.1/thumb/v6-m\libgcc.a(divsf3.o)
 .ARM.attributes
                0x000004e6       0x2c c:/nxp/s32ds_arm_v2.2/s32ds/build_tools/gcc_v6.3/gcc-6.3-arm32-eabi/bin/../lib/gcc/arm-none-eabi/6.3.1/thumb/v6-m\libgcc.a(eqsf2.o)
 .ARM.attributes
                0x00000512       0x2c c:/nxp/s32ds_arm_v2.2/s32ds/build_tools/gcc_v6.3/gcc-6.3-arm32-eabi/bin/../lib/gcc/arm-none-eabi/6.3.1/thumb/v6-m\libgcc.a(gesf2.o)
 .ARM.attributes
                0x0000053e       0x2c c:/nxp/s32ds_arm_v2.2/s32ds/build_tools/gcc_v6.3/gcc-6.3-arm32-eabi/bin/../lib/gcc/arm-none-eabi/6.3.1/thumb/v6-m\libgcc.a(lesf2.o)
 .ARM.attributes
                0x0000056a       0x2c c:/nxp/s32ds_arm_v2.2/s32ds/build_tools/gcc_v6.3/gcc-6.3-arm32-eabi/bin/../lib/gcc/arm-none-eabi/6.3.1/thumb/v6-m\libgcc.a(mulsf3.o)
 .ARM.attributes
                0x00000596       0x2c c:/nxp/s32ds_arm_v2.2/s32ds/build_tools/gcc_v6.3/gcc-6.3-arm32-eabi/bin/../lib/gcc/arm-none-eabi/6.3.1/thumb/v6-m\libgcc.a(subsf3.o)
 .ARM.attributes
                0x000005c2       0x2c c:/nxp/s32ds_arm_v2.2/s32ds/build_tools/gcc_v6.3/gcc-6.3-arm32-eabi/bin/../lib/gcc/arm-none-eabi/6.3.1/thumb/v6-m\libgcc.a(fixsfsi.o)
 .ARM.attributes
                0x000005ee       0x2c c:/nxp/s32ds_arm_v2.2/s32ds/build_tools/gcc_v6.3/gcc-6.3-arm32-eabi/bin/../lib/gcc/arm-none-eabi/6.3.1/thumb/v6-m\libgcc.a(floatsisf.o)
 .ARM.attributes
                0x0000061a       0x2c c:/nxp/s32ds_arm_v2.2/s32ds/build_tools/gcc_v6.3/gcc-6.3-arm32-eabi/bin/../lib/gcc/arm-none-eabi/6.3.1/thumb/v6-m\libgcc.a(floatunsisf.o)
 .ARM.attributes
                0x00000646       0x2c c:/nxp/s32ds_arm_v2.2/s32ds/build_tools/gcc_v6.3/gcc-6.3-arm32-eabi/bin/../lib/gcc/arm-none-eabi/6.3.1/thumb/v6-m\libgcc.a(divdf3.o)
 .ARM.attributes
                0x00000672       0x2c c:/nxp/s32ds_arm_v2.2/s32ds/build_tools/gcc_v6.3/gcc-6.3-arm32-eabi/bin/../lib/gcc/arm-none-eabi/6.3.1/thumb/v6-m\libgcc.a(eqdf2.o)
 .ARM.attributes
                0x0000069e       0x2c c:/nxp/s32ds_arm_v2.2/s32ds/build_tools/gcc_v6.3/gcc-6.3-arm32-eabi/bin/../lib/gcc/arm-none-eabi/6.3.1/thumb/v6-m\libgcc.a(gedf2.o)
 .ARM.attributes
                0x000006ca       0x2c c:/nxp/s32ds_arm_v2.2/s32ds/build_tools/gcc_v6.3/gcc-6.3-arm32-eabi/bin/../lib/gcc/arm-none-eabi/6.3.1/thumb/v6-m\libgcc.a(ledf2.o)
 .ARM.attributes
                0x000006f6       0x2c c:/nxp/s32ds_arm_v2.2/s32ds/build_tools/gcc_v6.3/gcc-6.3-arm32-eabi/bin/../lib/gcc/arm-none-eabi/6.3.1/thumb/v6-m\libgcc.a(muldf3.o)
 .ARM.attributes
                0x00000722       0x2c c:/nxp/s32ds_arm_v2.2/s32ds/build_tools/gcc_v6.3/gcc-6.3-arm32-eabi/bin/../lib/gcc/arm-none-eabi/6.3.1/thumb/v6-m\libgcc.a(subdf3.o)
 .ARM.attributes
                0x0000074e       0x2c c:/nxp/s32ds_arm_v2.2/s32ds/build_tools/gcc_v6.3/gcc-6.3-arm32-eabi/bin/../lib/gcc/arm-none-eabi/6.3.1/thumb/v6-m\libgcc.a(fixdfsi.o)
 .ARM.attributes
                0x0000077a       0x2c c:/nxp/s32ds_arm_v2.2/s32ds/build_tools/gcc_v6.3/gcc-6.3-arm32-eabi/bin/../lib/gcc/arm-none-eabi/6.3.1/thumb/v6-m\libgcc.a(floatsidf.o)
 .ARM.attributes
                0x000007a6       0x2c c:/nxp/s32ds_arm_v2.2/s32ds/build_tools/gcc_v6.3/gcc-6.3-arm32-eabi/bin/../lib/gcc/arm-none-eabi/6.3.1/thumb/v6-m\libgcc.a(extendsfdf2.o)
 .ARM.attributes
                0x000007d2       0x2c c:/nxp/s32ds_arm_v2.2/s32ds/build_tools/gcc_v6.3/gcc-6.3-arm32-eabi/bin/../lib/gcc/arm-none-eabi/6.3.1/thumb/v6-m\libgcc.a(truncdfsf2.o)
 .ARM.attributes
                0x000007fe       0x1e c:/nxp/s32ds_arm_v2.2/s32ds/build_tools/gcc_v6.3/gcc-6.3-arm32-eabi/bin/../lib/gcc/arm-none-eabi/6.3.1/thumb/v6-m\libgcc.a(_clzsi2.o)
 .ARM.attributes
                0x0000081c       0x2c C:/NXP/S32DS_ARM_v2.2/S32DS/build_tools/gcc_v6.3/gcc-6.3-arm32-eabi/arm-none-eabi/newlib/lib/thumb/v6-m\libc.a(lib_a-exit.o)
 .ARM.attributes
                0x00000848       0x2c C:/NXP/S32DS_ARM_v2.2/S32DS/build_tools/gcc_v6.3/gcc-6.3-arm32-eabi/arm-none-eabi/newlib/lib/thumb/v6-m\libc.a(lib_a-impure.o)
 .ARM.attributes
                0x00000874       0x2c C:/NXP/S32DS_ARM_v2.2/S32DS/build_tools/gcc_v6.3/gcc-6.3-arm32-eabi/arm-none-eabi/newlib/lib/thumb/v6-m\libc.a(lib_a-init.o)
 .ARM.attributes
                0x000008a0       0x2c C:/NXP/S32DS_ARM_v2.2/S32DS/build_tools/gcc_v6.3/gcc-6.3-arm32-eabi/arm-none-eabi/newlib/lib/thumb/v6-m\libc.a(lib_a-memcpy-stub.o)
 .ARM.attributes
                0x000008cc       0x2c C:/NXP/S32DS_ARM_v2.2/S32DS/build_tools/gcc_v6.3/gcc-6.3-arm32-eabi/arm-none-eabi/newlib/lib/thumb/v6-m\libc.a(lib_a-memset.o)
 .ARM.attributes
                0x000008f8       0x2c C:/NXP/S32DS_ARM_v2.2/S32DS/build_tools/gcc_v6.3/gcc-6.3-arm32-eabi/arm-none-eabi/newlib/lib/thumb/v6-m\libc.a(lib_a-__call_atexit.o)
 .ARM.attributes
                0x00000924       0x2c C:/NXP/S32DS_ARM_v2.2/S32DS/build_tools/gcc_v6.3/gcc-6.3-arm32-eabi/arm-none-eabi/newlib/lib/thumb/v6-m\libc.a(lib_a-fini.o)
 .ARM.attributes
                0x00000950       0x2c C:/NXP/S32DS_ARM_v2.2/S32DS/build_tools/gcc_v6.3/gcc-6.3-arm32-eabi/arm-none-eabi/newlib/lib/thumb/v6-m\libc.a(lib_a-atexit.o)
 .ARM.attributes
                0x0000097c       0x2c C:/NXP/S32DS_ARM_v2.2/S32DS/build_tools/gcc_v6.3/gcc-6.3-arm32-eabi/arm-none-eabi/newlib/lib/thumb/v6-m\libc.a(lib_a-__atexit.o)
 .ARM.attributes
                0x000009a8       0x2c C:/NXP/S32DS_ARM_v2.2/S32DS/build_tools/gcc_v6.3/gcc-6.3-arm32-eabi/arm-none-eabi/newlib/lib/thumb/v6-m\libnosys.a(_exit.o)
 .ARM.attributes
                0x000009d4       0x2c c:/nxp/s32ds_arm_v2.2/s32ds/build_tools/gcc_v6.3/gcc-6.3-arm32-eabi/bin/../lib/gcc/arm-none-eabi/6.3.1/thumb/v6-m/crtend.o
 .ARM.attributes
                0x00000a00       0x1e c:/nxp/s32ds_arm_v2.2/s32ds/build_tools/gcc_v6.3/gcc-6.3-arm32-eabi/bin/../lib/gcc/arm-none-eabi/6.3.1/thumb/v6-m/crtn.o
                0x00000001                ASSERT ((__StackLimit >= __HeapLimit), region m_data_2 overflowed with stack and heap)
OUTPUT(E168-0011-SAS.elf elf32-littlearm)

.comment        0x00000000       0xa0
 .comment       0x00000000       0xa0 c:/nxp/s32ds_arm_v2.2/s32ds/build_tools/gcc_v6.3/gcc-6.3-arm32-eabi/bin/../lib/gcc/arm-none-eabi/6.3.1/thumb/v6-m/crtbegin.o
                                 0xa1 (size before relaxing)
 .comment       0x000000a0       0xa1 ./Project_Settings/Startup_Code/startup.o
 .comment       0x000000a0       0xa1 ./Project_Settings/Startup_Code/system_S32K116.o
 .comment       0x000000a0       0xa1 ./src/AppSAS.o
 .comment       0x000000a0       0xa1 ./src/CAN_app.o
 .comment       0x000000a0       0xa1 ./src/Clock_Driver.o
 .comment       0x000000a0       0xa1 ./src/Clock_app.o
 .comment       0x000000a0       0xa1 ./src/Flash.o
 .comment       0x000000a0       0xa1 ./src/FlexCAN.o
 .comment       0x000000a0       0xa1 ./src/GPIO_Driver.o
 .comment       0x000000a0       0xa1 ./src/GPIO_app.o
 .comment       0x000000a0       0xa1 ./src/PWRMode_Driver.o
 .comment       0x000000a0       0xa1 ./src/analog_sense.o
 .comment       0x000000a0       0xa1 ./src/lpi2c.o
 .comment       0x000000a0       0xa1 ./src/lptmr.o
 .comment       0x000000a0       0xa1 ./src/main.o
 .comment       0x000000a0       0xa1 ./src/watchdog_driver.o
 .comment       0x000000a0       0xa1 c:/nxp/s32ds_arm_v2.2/s32ds/build_tools/gcc_v6.3/gcc-6.3-arm32-eabi/bin/../lib/gcc/arm-none-eabi/6.3.1/thumb/v6-m/crtend.o

.debug_info     0x00000000    0x12cf6
 .debug_info    0x00000000      0x299 ./Project_Settings/Startup_Code/startup.o
 .debug_info    0x00000299       0x26 ./Project_Settings/Startup_Code/startup_S32K116.o
 .debug_info    0x000002bf      0x3f7 ./Project_Settings/Startup_Code/system_S32K116.o
 .debug_info    0x000006b6     0x17aa ./src/AppSAS.o
 .debug_info    0x00001e60     0x1741 ./src/CAN_app.o
 .debug_info    0x000035a1     0x1a0e ./src/Clock_Driver.o
 .debug_info    0x00004faf     0x10fb ./src/Clock_app.o
 .debug_info    0x000060aa     0x124a ./src/Flash.o
 .debug_info    0x000072f4     0x1808 ./src/FlexCAN.o
 .debug_info    0x00008afc     0x1521 ./src/GPIO_Driver.o
 .debug_info    0x0000a01d     0x16b0 ./src/GPIO_app.o
 .debug_info    0x0000b6cd     0x1596 ./src/PWRMode_Driver.o
 .debug_info    0x0000cc63      0x332 ./src/analog_sense.o
 .debug_info    0x0000cf95     0x1776 ./src/lpi2c.o
 .debug_info    0x0000e70b     0x10f1 ./src/lptmr.o
 .debug_info    0x0000f7fc     0x248e ./src/main.o
 .debug_info    0x00011c8a     0x106c ./src/watchdog_driver.o

.debug_abbrev   0x00000000     0x2503
 .debug_abbrev  0x00000000       0xe3 ./Project_Settings/Startup_Code/startup.o
 .debug_abbrev  0x000000e3       0x14 ./Project_Settings/Startup_Code/startup_S32K116.o
 .debug_abbrev  0x000000f7      0x14e ./Project_Settings/Startup_Code/system_S32K116.o
 .debug_abbrev  0x00000245      0x29b ./src/AppSAS.o
 .debug_abbrev  0x000004e0      0x2b2 ./src/CAN_app.o
 .debug_abbrev  0x00000792      0x3a0 ./src/Clock_Driver.o
 .debug_abbrev  0x00000b32      0x1e9 ./src/Clock_app.o
 .debug_abbrev  0x00000d1b      0x265 ./src/Flash.o
 .debug_abbrev  0x00000f80      0x28f ./src/FlexCAN.o
 .debug_abbrev  0x0000120f      0x290 ./src/GPIO_Driver.o
 .debug_abbrev  0x0000149f      0x220 ./src/GPIO_app.o
 .debug_abbrev  0x000016bf      0x28c ./src/PWRMode_Driver.o
 .debug_abbrev  0x0000194b       0xf1 ./src/analog_sense.o
 .debug_abbrev  0x00001a3c      0x348 ./src/lpi2c.o
 .debug_abbrev  0x00001d84      0x213 ./src/lptmr.o
 .debug_abbrev  0x00001f97      0x34b ./src/main.o
 .debug_abbrev  0x000022e2      0x221 ./src/watchdog_driver.o

.debug_loc      0x00000000     0x3478
 .debug_loc     0x00000000       0x32 ./Project_Settings/Startup_Code/startup.o
 .debug_loc     0x00000032       0xc0 ./Project_Settings/Startup_Code/system_S32K116.o
 .debug_loc     0x000000f2       0x21 ./src/AppSAS.o
 .debug_loc     0x00000113       0xc5 ./src/CAN_app.o
 .debug_loc     0x000001d8     0x2032 ./src/Clock_Driver.o
 .debug_loc     0x0000220a      0x12d ./src/Flash.o
 .debug_loc     0x00002337      0x21f ./src/FlexCAN.o
 .debug_loc     0x00002556      0x2b6 ./src/GPIO_Driver.o
 .debug_loc     0x0000280c       0x40 ./src/PWRMode_Driver.o
 .debug_loc     0x0000284c       0xd1 ./src/analog_sense.o
 .debug_loc     0x0000291d      0x3d1 ./src/lpi2c.o
 .debug_loc     0x00002cee      0x769 ./src/main.o
 .debug_loc     0x00003457       0x21 ./src/watchdog_driver.o

.debug_aranges  0x00000000      0x500
 .debug_aranges
                0x00000000       0x20 ./Project_Settings/Startup_Code/startup.o
 .debug_aranges
                0x00000020       0x20 ./Project_Settings/Startup_Code/startup_S32K116.o
 .debug_aranges
                0x00000040       0x30 ./Project_Settings/Startup_Code/system_S32K116.o
 .debug_aranges
                0x00000070       0x40 ./src/AppSAS.o
 .debug_aranges
                0x000000b0       0x40 ./src/CAN_app.o
 .debug_aranges
                0x000000f0       0x70 ./src/Clock_Driver.o
 .debug_aranges
                0x00000160       0x20 ./src/Clock_app.o
 .debug_aranges
                0x00000180       0x48 ./src/Flash.o
 .debug_aranges
                0x000001c8       0x48 ./src/FlexCAN.o
 .debug_aranges
                0x00000210       0x88 ./src/GPIO_Driver.o
 .debug_aranges
                0x00000298       0x28 ./src/GPIO_app.o
 .debug_aranges
                0x000002c0       0x50 ./src/PWRMode_Driver.o
 .debug_aranges
                0x00000310       0x28 ./src/analog_sense.o
 .debug_aranges
                0x00000338       0x88 ./src/lpi2c.o
 .debug_aranges
                0x000003c0       0x38 ./src/lptmr.o
 .debug_aranges
                0x000003f8       0xd0 ./src/main.o
 .debug_aranges
                0x000004c8       0x38 ./src/watchdog_driver.o

.debug_ranges   0x00000000      0x3e0
 .debug_ranges  0x00000000       0x10 ./Project_Settings/Startup_Code/startup.o
 .debug_ranges  0x00000010       0x20 ./Project_Settings/Startup_Code/system_S32K116.o
 .debug_ranges  0x00000030       0x30 ./src/AppSAS.o
 .debug_ranges  0x00000060       0x30 ./src/CAN_app.o
 .debug_ranges  0x00000090       0x60 ./src/Clock_Driver.o
 .debug_ranges  0x000000f0       0x10 ./src/Clock_app.o
 .debug_ranges  0x00000100       0x38 ./src/Flash.o
 .debug_ranges  0x00000138       0x38 ./src/FlexCAN.o
 .debug_ranges  0x00000170       0x78 ./src/GPIO_Driver.o
 .debug_ranges  0x000001e8       0x18 ./src/GPIO_app.o
 .debug_ranges  0x00000200       0x40 ./src/PWRMode_Driver.o
 .debug_ranges  0x00000240       0x18 ./src/analog_sense.o
 .debug_ranges  0x00000258       0x78 ./src/lpi2c.o
 .debug_ranges  0x000002d0       0x28 ./src/lptmr.o
 .debug_ranges  0x000002f8       0xc0 ./src/main.o
 .debug_ranges  0x000003b8       0x28 ./src/watchdog_driver.o

.debug_macro    0x00000000    0x1de06
 .debug_macro   0x00000000       0xaf ./Project_Settings/Startup_Code/startup.o
 .debug_macro   0x000000af      0x8bc ./Project_Settings/Startup_Code/startup.o
 .debug_macro   0x0000096b       0x22 ./Project_Settings/Startup_Code/startup.o
 .debug_macro   0x0000098d       0x87 ./Project_Settings/Startup_Code/startup.o
 .debug_macro   0x00000a14       0x51 ./Project_Settings/Startup_Code/startup.o
 .debug_macro   0x00000a65       0xef ./Project_Settings/Startup_Code/startup.o
 .debug_macro   0x00000b54       0x6a ./Project_Settings/Startup_Code/startup.o
 .debug_macro   0x00000bbe      0x1df ./Project_Settings/Startup_Code/startup.o
 .debug_macro   0x00000d9d       0x10 ./Project_Settings/Startup_Code/startup.o
 .debug_macro   0x00000dad       0x73 ./Project_Settings/Startup_Code/startup.o
 .debug_macro   0x00000e20     0xc7e8 ./Project_Settings/Startup_Code/startup.o
 .debug_macro   0x0000d608      0x9bd ./Project_Settings/Startup_Code/startup.o
 .debug_macro   0x0000dfc5       0x22 ./Project_Settings/Startup_Code/startup.o
 .debug_macro   0x0000dfe7       0x40 ./Project_Settings/Startup_Code/startup.o
 .debug_macro   0x0000e027       0xae ./Project_Settings/Startup_Code/system_S32K116.o
 .debug_macro   0x0000e0d5       0x16 ./Project_Settings/Startup_Code/system_S32K116.o
 .debug_macro   0x0000e0eb     0xc7d6 ./Project_Settings/Startup_Code/system_S32K116.o
 .debug_macro   0x0001a8c1       0x22 ./Project_Settings/Startup_Code/system_S32K116.o
 .debug_macro   0x0001a8e3      0x2e6 ./src/AppSAS.o
 .debug_macro   0x0001abc9       0x1c ./src/AppSAS.o
 .debug_macro   0x0001abe5       0x22 ./src/AppSAS.o
 .debug_macro   0x0001ac07       0x34 ./src/AppSAS.o
 .debug_macro   0x0001ac3b       0x52 ./src/AppSAS.o
 .debug_macro   0x0001ac8d       0x3c ./src/AppSAS.o
 .debug_macro   0x0001acc9       0x9c ./src/AppSAS.o
 .debug_macro   0x0001ad65      0x174 ./src/AppSAS.o
 .debug_macro   0x0001aed9       0x52 ./src/AppSAS.o
 .debug_macro   0x0001af2b       0x1f ./src/AppSAS.o
 .debug_macro   0x0001af4a       0x43 ./src/AppSAS.o
 .debug_macro   0x0001af8d       0x20 ./src/AppSAS.o
 .debug_macro   0x0001afad      0x1a3 ./src/AppSAS.o
 .debug_macro   0x0001b150      0x30d ./src/AppSAS.o
 .debug_macro   0x0001b45d       0x10 ./src/AppSAS.o
 .debug_macro   0x0001b46d       0x35 ./src/AppSAS.o
 .debug_macro   0x0001b4a2       0x16 ./src/AppSAS.o
 .debug_macro   0x0001b4b8       0x1c ./src/AppSAS.o
 .debug_macro   0x0001b4d4       0x10 ./src/AppSAS.o
 .debug_macro   0x0001b4e4       0x10 ./src/AppSAS.o
 .debug_macro   0x0001b4f4       0x1c ./src/AppSAS.o
 .debug_macro   0x0001b510       0x52 ./src/AppSAS.o
 .debug_macro   0x0001b562       0x40 ./src/AppSAS.o
 .debug_macro   0x0001b5a2       0x10 ./src/AppSAS.o
 .debug_macro   0x0001b5b2       0x40 ./src/AppSAS.o
 .debug_macro   0x0001b5f2       0xd7 ./src/AppSAS.o
 .debug_macro   0x0001b6c9       0x16 ./src/AppSAS.o
 .debug_macro   0x0001b6df      0x161 ./src/AppSAS.o
 .debug_macro   0x0001b840       0x70 ./src/AppSAS.o
 .debug_macro   0x0001b8b0       0x10 ./src/AppSAS.o
 .debug_macro   0x0001b8c0       0x10 ./src/AppSAS.o
 .debug_macro   0x0001b8d0       0x16 ./src/AppSAS.o
 .debug_macro   0x0001b8e6       0x3a ./src/AppSAS.o
 .debug_macro   0x0001b920       0x16 ./src/AppSAS.o
 .debug_macro   0x0001b936       0x70 ./src/AppSAS.o
 .debug_macro   0x0001b9a6      0x2f4 ./src/CAN_app.o
 .debug_macro   0x0001bc9a       0x6a ./src/CAN_app.o
 .debug_macro   0x0001bd04      0x2e6 ./src/Clock_Driver.o
 .debug_macro   0x0001bfea      0x2e6 ./src/Clock_app.o
 .debug_macro   0x0001c2d0      0x2ec ./src/Flash.o
 .debug_macro   0x0001c5bc       0x2e ./src/Flash.o
 .debug_macro   0x0001c5ea      0x2f0 ./src/FlexCAN.o
 .debug_macro   0x0001c8da      0x2ec ./src/GPIO_Driver.o
 .debug_macro   0x0001cbc6       0x16 ./src/GPIO_Driver.o
 .debug_macro   0x0001cbdc      0x2ec ./src/GPIO_app.o
 .debug_macro   0x0001cec8       0x1c ./src/GPIO_app.o
 .debug_macro   0x0001cee4      0x2ec ./src/PWRMode_Driver.o
 .debug_macro   0x0001d1d0       0x7b ./src/analog_sense.o
 .debug_macro   0x0001d24b      0x2e2 ./src/lpi2c.o
 .debug_macro   0x0001d52d      0x2ed ./src/lptmr.o
 .debug_macro   0x0001d81a      0x2f0 ./src/main.o
 .debug_macro   0x0001db0a      0x2ec ./src/watchdog_driver.o
 .debug_macro   0x0001ddf6       0x10 ./src/watchdog_driver.o

.debug_line     0x00000000     0x611c
 .debug_line    0x00000000      0x32f ./Project_Settings/Startup_Code/startup.o
 .debug_line    0x0000032f       0x94 ./Project_Settings/Startup_Code/startup_S32K116.o
 .debug_line    0x000003c3      0x34b ./Project_Settings/Startup_Code/system_S32K116.o
 .debug_line    0x0000070e      0x8f5 ./src/AppSAS.o
 .debug_line    0x00001003      0x7b1 ./src/CAN_app.o
 .debug_line    0x000017b4      0x859 ./src/Clock_Driver.o
 .debug_line    0x0000200d      0x524 ./src/Clock_app.o
 .debug_line    0x00002531      0x5fa ./src/Flash.o
 .debug_line    0x00002b2b      0x60c ./src/FlexCAN.o
 .debug_line    0x00003137      0x661 ./src/GPIO_Driver.o
 .debug_line    0x00003798      0x559 ./src/GPIO_app.o
 .debug_line    0x00003cf1      0x61a ./src/PWRMode_Driver.o
 .debug_line    0x0000430b      0x2cf ./src/analog_sense.o
 .debug_line    0x000045da      0x747 ./src/lpi2c.o
 .debug_line    0x00004d21      0x559 ./src/lptmr.o
 .debug_line    0x0000527a      0x924 ./src/main.o
 .debug_line    0x00005b9e      0x57e ./src/watchdog_driver.o

.debug_str      0x00000000    0x5f46c
 .debug_str     0x00000000    0x57efc ./Project_Settings/Startup_Code/startup.o
                              0x58129 (size before relaxing)
 .debug_str     0x00057efc       0x3f ./Project_Settings/Startup_Code/startup_S32K116.o
                                 0x88 (size before relaxing)
 .debug_str     0x00057f3b      0x21c ./Project_Settings/Startup_Code/system_S32K116.o
                              0x57f2b (size before relaxing)
 .debug_str     0x00058157     0x5786 ./src/AppSAS.o
                              0x5d6b4 (size before relaxing)
 .debug_str     0x0005d8dd      0x311 ./src/CAN_app.o
                              0x5d5fd (size before relaxing)
 .debug_str     0x0005dbee      0x6d7 ./src/Clock_Driver.o
                              0x5da54 (size before relaxing)
 .debug_str     0x0005e2c5       0x5c ./src/Clock_app.o
                              0x5d431 (size before relaxing)
 .debug_str     0x0005e321       0xf4 ./src/Flash.o
                              0x5d3e0 (size before relaxing)
 .debug_str     0x0005e415      0x3d0 ./src/FlexCAN.o
                              0x5d81e (size before relaxing)
 .debug_str     0x0005e7e5      0x1ec ./src/GPIO_Driver.o
                              0x5d5ee (size before relaxing)
 .debug_str     0x0005e9d1       0x6b ./src/GPIO_app.o
                              0x5d4d1 (size before relaxing)
 .debug_str     0x0005ea3c       0xd7 ./src/PWRMode_Driver.o
                              0x5d519 (size before relaxing)
 .debug_str     0x0005eb13       0xdf ./src/analog_sense.o
                              0x5322a (size before relaxing)
 .debug_str     0x0005ebf2      0x251 ./src/lpi2c.o
                              0x5d663 (size before relaxing)
 .debug_str     0x0005ee43       0x52 ./src/lptmr.o
                              0x5d349 (size before relaxing)
 .debug_str     0x0005ee95      0x58c ./src/main.o
                              0x5ddb3 (size before relaxing)
 .debug_str     0x0005f421       0x4b ./src/watchdog_driver.o
                              0x5d324 (size before relaxing)

.debug_frame    0x00000000     0x102c
 .debug_frame   0x00000000       0x2c ./Project_Settings/Startup_Code/startup.o
 .debug_frame   0x0000002c       0x48 ./Project_Settings/Startup_Code/system_S32K116.o
 .debug_frame   0x00000074       0xb0 ./src/AppSAS.o
 .debug_frame   0x00000124       0x80 ./src/CAN_app.o
 .debug_frame   0x000001a4       0xec ./src/Clock_Driver.o
 .debug_frame   0x00000290       0x28 ./src/Clock_app.o
 .debug_frame   0x000002b8       0xb0 ./src/Flash.o
 .debug_frame   0x00000368       0xac ./src/FlexCAN.o
 .debug_frame   0x00000414      0x10c ./src/GPIO_Driver.o
 .debug_frame   0x00000520       0x38 ./src/GPIO_app.o
 .debug_frame   0x00000558       0x90 ./src/PWRMode_Driver.o
 .debug_frame   0x000005e8       0x40 ./src/analog_sense.o
 .debug_frame   0x00000628      0x12c ./src/lpi2c.o
 .debug_frame   0x00000754       0x58 ./src/lptmr.o
 .debug_frame   0x000007ac      0x218 ./src/main.o
 .debug_frame   0x000009c4       0x58 ./src/watchdog_driver.o
 .debug_frame   0x00000a1c       0x20 c:/nxp/s32ds_arm_v2.2/s32ds/build_tools/gcc_v6.3/gcc-6.3-arm32-eabi/bin/../lib/gcc/arm-none-eabi/6.3.1/thumb/v6-m\libgcc.a(_udivsi3.o)
 .debug_frame   0x00000a3c       0x20 c:/nxp/s32ds_arm_v2.2/s32ds/build_tools/gcc_v6.3/gcc-6.3-arm32-eabi/bin/../lib/gcc/arm-none-eabi/6.3.1/thumb/v6-m\libgcc.a(_divsi3.o)
 .debug_frame   0x00000a5c       0x28 c:/nxp/s32ds_arm_v2.2/s32ds/build_tools/gcc_v6.3/gcc-6.3-arm32-eabi/bin/../lib/gcc/arm-none-eabi/6.3.1/thumb/v6-m\libgcc.a(_fixunssfsi.o)
 .debug_frame   0x00000a84       0x2c c:/nxp/s32ds_arm_v2.2/s32ds/build_tools/gcc_v6.3/gcc-6.3-arm32-eabi/bin/../lib/gcc/arm-none-eabi/6.3.1/thumb/v6-m\libgcc.a(_fixunsdfsi.o)
 .debug_frame   0x00000ab0       0x34 c:/nxp/s32ds_arm_v2.2/s32ds/build_tools/gcc_v6.3/gcc-6.3-arm32-eabi/bin/../lib/gcc/arm-none-eabi/6.3.1/thumb/v6-m\libgcc.a(addsf3.o)
 .debug_frame   0x00000ae4       0x3c c:/nxp/s32ds_arm_v2.2/s32ds/build_tools/gcc_v6.3/gcc-6.3-arm32-eabi/bin/../lib/gcc/arm-none-eabi/6.3.1/thumb/v6-m\libgcc.a(divsf3.o)
 .debug_frame   0x00000b20       0x2c c:/nxp/s32ds_arm_v2.2/s32ds/build_tools/gcc_v6.3/gcc-6.3-arm32-eabi/bin/../lib/gcc/arm-none-eabi/6.3.1/thumb/v6-m\libgcc.a(eqsf2.o)
 .debug_frame   0x00000b4c       0x30 c:/nxp/s32ds_arm_v2.2/s32ds/build_tools/gcc_v6.3/gcc-6.3-arm32-eabi/bin/../lib/gcc/arm-none-eabi/6.3.1/thumb/v6-m\libgcc.a(gesf2.o)
 .debug_frame   0x00000b7c       0x30 c:/nxp/s32ds_arm_v2.2/s32ds/build_tools/gcc_v6.3/gcc-6.3-arm32-eabi/bin/../lib/gcc/arm-none-eabi/6.3.1/thumb/v6-m\libgcc.a(lesf2.o)
 .debug_frame   0x00000bac       0x3c c:/nxp/s32ds_arm_v2.2/s32ds/build_tools/gcc_v6.3/gcc-6.3-arm32-eabi/bin/../lib/gcc/arm-none-eabi/6.3.1/thumb/v6-m\libgcc.a(mulsf3.o)
 .debug_frame   0x00000be8       0x38 c:/nxp/s32ds_arm_v2.2/s32ds/build_tools/gcc_v6.3/gcc-6.3-arm32-eabi/bin/../lib/gcc/arm-none-eabi/6.3.1/thumb/v6-m\libgcc.a(subsf3.o)
 .debug_frame   0x00000c20       0x20 c:/nxp/s32ds_arm_v2.2/s32ds/build_tools/gcc_v6.3/gcc-6.3-arm32-eabi/bin/../lib/gcc/arm-none-eabi/6.3.1/thumb/v6-m\libgcc.a(fixsfsi.o)
 .debug_frame   0x00000c40       0x2c c:/nxp/s32ds_arm_v2.2/s32ds/build_tools/gcc_v6.3/gcc-6.3-arm32-eabi/bin/../lib/gcc/arm-none-eabi/6.3.1/thumb/v6-m\libgcc.a(floatsisf.o)
 .debug_frame   0x00000c6c       0x28 c:/nxp/s32ds_arm_v2.2/s32ds/build_tools/gcc_v6.3/gcc-6.3-arm32-eabi/bin/../lib/gcc/arm-none-eabi/6.3.1/thumb/v6-m\libgcc.a(floatunsisf.o)
 .debug_frame   0x00000c94       0x3c c:/nxp/s32ds_arm_v2.2/s32ds/build_tools/gcc_v6.3/gcc-6.3-arm32-eabi/bin/../lib/gcc/arm-none-eabi/6.3.1/thumb/v6-m\libgcc.a(divdf3.o)
 .debug_frame   0x00000cd0       0x38 c:/nxp/s32ds_arm_v2.2/s32ds/build_tools/gcc_v6.3/gcc-6.3-arm32-eabi/bin/../lib/gcc/arm-none-eabi/6.3.1/thumb/v6-m\libgcc.a(eqdf2.o)
 .debug_frame   0x00000d08       0x38 c:/nxp/s32ds_arm_v2.2/s32ds/build_tools/gcc_v6.3/gcc-6.3-arm32-eabi/bin/../lib/gcc/arm-none-eabi/6.3.1/thumb/v6-m\libgcc.a(gedf2.o)
 .debug_frame   0x00000d40       0x38 c:/nxp/s32ds_arm_v2.2/s32ds/build_tools/gcc_v6.3/gcc-6.3-arm32-eabi/bin/../lib/gcc/arm-none-eabi/6.3.1/thumb/v6-m\libgcc.a(ledf2.o)
 .debug_frame   0x00000d78       0x3c c:/nxp/s32ds_arm_v2.2/s32ds/build_tools/gcc_v6.3/gcc-6.3-arm32-eabi/bin/../lib/gcc/arm-none-eabi/6.3.1/thumb/v6-m\libgcc.a(muldf3.o)
 .debug_frame   0x00000db4       0x38 c:/nxp/s32ds_arm_v2.2/s32ds/build_tools/gcc_v6.3/gcc-6.3-arm32-eabi/bin/../lib/gcc/arm-none-eabi/6.3.1/thumb/v6-m\libgcc.a(subdf3.o)
 .debug_frame   0x00000dec       0x2c c:/nxp/s32ds_arm_v2.2/s32ds/build_tools/gcc_v6.3/gcc-6.3-arm32-eabi/bin/../lib/gcc/arm-none-eabi/6.3.1/thumb/v6-m\libgcc.a(fixdfsi.o)
 .debug_frame   0x00000e18       0x2c c:/nxp/s32ds_arm_v2.2/s32ds/build_tools/gcc_v6.3/gcc-6.3-arm32-eabi/bin/../lib/gcc/arm-none-eabi/6.3.1/thumb/v6-m\libgcc.a(floatsidf.o)
 .debug_frame   0x00000e44       0x2c c:/nxp/s32ds_arm_v2.2/s32ds/build_tools/gcc_v6.3/gcc-6.3-arm32-eabi/bin/../lib/gcc/arm-none-eabi/6.3.1/thumb/v6-m\libgcc.a(extendsfdf2.o)
 .debug_frame   0x00000e70       0x30 c:/nxp/s32ds_arm_v2.2/s32ds/build_tools/gcc_v6.3/gcc-6.3-arm32-eabi/bin/../lib/gcc/arm-none-eabi/6.3.1/thumb/v6-m\libgcc.a(truncdfsf2.o)
 .debug_frame   0x00000ea0       0x28 C:/NXP/S32DS_ARM_v2.2/S32DS/build_tools/gcc_v6.3/gcc-6.3-arm32-eabi/arm-none-eabi/newlib/lib/thumb/v6-m\libc.a(lib_a-exit.o)
 .debug_frame   0x00000ec8       0x2c C:/NXP/S32DS_ARM_v2.2/S32DS/build_tools/gcc_v6.3/gcc-6.3-arm32-eabi/arm-none-eabi/newlib/lib/thumb/v6-m\libc.a(lib_a-init.o)
 .debug_frame   0x00000ef4       0x28 C:/NXP/S32DS_ARM_v2.2/S32DS/build_tools/gcc_v6.3/gcc-6.3-arm32-eabi/arm-none-eabi/newlib/lib/thumb/v6-m\libc.a(lib_a-memcpy-stub.o)
 .debug_frame   0x00000f1c       0x20 C:/NXP/S32DS_ARM_v2.2/S32DS/build_tools/gcc_v6.3/gcc-6.3-arm32-eabi/arm-none-eabi/newlib/lib/thumb/v6-m\libc.a(lib_a-memset.o)
 .debug_frame   0x00000f3c       0x48 C:/NXP/S32DS_ARM_v2.2/S32DS/build_tools/gcc_v6.3/gcc-6.3-arm32-eabi/arm-none-eabi/newlib/lib/thumb/v6-m\libc.a(lib_a-__call_atexit.o)
 .debug_frame   0x00000f84       0x2c C:/NXP/S32DS_ARM_v2.2/S32DS/build_tools/gcc_v6.3/gcc-6.3-arm32-eabi/arm-none-eabi/newlib/lib/thumb/v6-m\libc.a(lib_a-fini.o)
 .debug_frame   0x00000fb0       0x28 C:/NXP/S32DS_ARM_v2.2/S32DS/build_tools/gcc_v6.3/gcc-6.3-arm32-eabi/arm-none-eabi/newlib/lib/thumb/v6-m\libc.a(lib_a-atexit.o)
 .debug_frame   0x00000fd8       0x34 C:/NXP/S32DS_ARM_v2.2/S32DS/build_tools/gcc_v6.3/gcc-6.3-arm32-eabi/arm-none-eabi/newlib/lib/thumb/v6-m\libc.a(lib_a-__atexit.o)
 .debug_frame   0x0000100c       0x20 C:/NXP/S32DS_ARM_v2.2/S32DS/build_tools/gcc_v6.3/gcc-6.3-arm32-eabi/arm-none-eabi/newlib/lib/thumb/v6-m\libnosys.a(_exit.o)
