Archive member included to satisfy reference by file (symbol)

c:/nxp/s32ds_arm_v2.2/s32ds/build_tools/gcc_v6.3/gcc-6.3-arm32-eabi/bin/../lib/gcc/arm-none-eabi/6.3.1/thumb/v6-m\libgcc.a(_udivsi3.o)
                              ./Project_Settings/Startup_Code/system_S32K116.o (__aeabi_uidiv)
c:/nxp/s32ds_arm_v2.2/s32ds/build_tools/gcc_v6.3/gcc-6.3-arm32-eabi/bin/../lib/gcc/arm-none-eabi/6.3.1/thumb/v6-m\libgcc.a(_dvmd_tls.o)
                              c:/nxp/s32ds_arm_v2.2/s32ds/build_tools/gcc_v6.3/gcc-6.3-arm32-eabi/bin/../lib/gcc/arm-none-eabi/6.3.1/thumb/v6-m\libgcc.a(_udivsi3.o) (__aeabi_idiv0)
c:/nxp/s32ds_arm_v2.2/s32ds/build_tools/gcc_v6.3/gcc-6.3-arm32-eabi/bin/../lib/gcc/arm-none-eabi/6.3.1/thumb/v6-m\libgcc.a(_arm_cmpdf2.o)
                              ./src/main.o (__aeabi_dcmplt)
c:/nxp/s32ds_arm_v2.2/s32ds/build_tools/gcc_v6.3/gcc-6.3-arm32-eabi/bin/../lib/gcc/arm-none-eabi/6.3.1/thumb/v6-m\libgcc.a(_arm_cmpsf2.o)
                              ./src/main.o (__aeabi_fcmpeq)
c:/nxp/s32ds_arm_v2.2/s32ds/build_tools/gcc_v6.3/gcc-6.3-arm32-eabi/bin/../lib/gcc/arm-none-eabi/6.3.1/thumb/v6-m\libgcc.a(_fixunssfsi.o)
                              ./src/AppSAS.o (__aeabi_f2uiz)
c:/nxp/s32ds_arm_v2.2/s32ds/build_tools/gcc_v6.3/gcc-6.3-arm32-eabi/bin/../lib/gcc/arm-none-eabi/6.3.1/thumb/v6-m\libgcc.a(_fixunsdfsi.o)
                              ./src/AppSAS.o (__aeabi_d2uiz)
c:/nxp/s32ds_arm_v2.2/s32ds/build_tools/gcc_v6.3/gcc-6.3-arm32-eabi/bin/../lib/gcc/arm-none-eabi/6.3.1/thumb/v6-m\libgcc.a(addsf3.o)
                              ./src/AppSAS.o (__aeabi_fadd)
c:/nxp/s32ds_arm_v2.2/s32ds/build_tools/gcc_v6.3/gcc-6.3-arm32-eabi/bin/../lib/gcc/arm-none-eabi/6.3.1/thumb/v6-m\libgcc.a(divsf3.o)
                              ./src/AppSAS.o (__aeabi_fdiv)
c:/nxp/s32ds_arm_v2.2/s32ds/build_tools/gcc_v6.3/gcc-6.3-arm32-eabi/bin/../lib/gcc/arm-none-eabi/6.3.1/thumb/v6-m\libgcc.a(eqsf2.o)
                              c:/nxp/s32ds_arm_v2.2/s32ds/build_tools/gcc_v6.3/gcc-6.3-arm32-eabi/bin/../lib/gcc/arm-none-eabi/6.3.1/thumb/v6-m\libgcc.a(_arm_cmpsf2.o) (__eqsf2)
c:/nxp/s32ds_arm_v2.2/s32ds/build_tools/gcc_v6.3/gcc-6.3-arm32-eabi/bin/../lib/gcc/arm-none-eabi/6.3.1/thumb/v6-m\libgcc.a(gesf2.o)
                              c:/nxp/s32ds_arm_v2.2/s32ds/build_tools/gcc_v6.3/gcc-6.3-arm32-eabi/bin/../lib/gcc/arm-none-eabi/6.3.1/thumb/v6-m\libgcc.a(_arm_cmpsf2.o) (__gesf2)
c:/nxp/s32ds_arm_v2.2/s32ds/build_tools/gcc_v6.3/gcc-6.3-arm32-eabi/bin/../lib/gcc/arm-none-eabi/6.3.1/thumb/v6-m\libgcc.a(lesf2.o)
                              c:/nxp/s32ds_arm_v2.2/s32ds/build_tools/gcc_v6.3/gcc-6.3-arm32-eabi/bin/../lib/gcc/arm-none-eabi/6.3.1/thumb/v6-m\libgcc.a(_arm_cmpsf2.o) (__lesf2)
c:/nxp/s32ds_arm_v2.2/s32ds/build_tools/gcc_v6.3/gcc-6.3-arm32-eabi/bin/../lib/gcc/arm-none-eabi/6.3.1/thumb/v6-m\libgcc.a(mulsf3.o)
                              ./src/AppSAS.o (__aeabi_fmul)
c:/nxp/s32ds_arm_v2.2/s32ds/build_tools/gcc_v6.3/gcc-6.3-arm32-eabi/bin/../lib/gcc/arm-none-eabi/6.3.1/thumb/v6-m\libgcc.a(subsf3.o)
                              ./src/AppSAS.o (__aeabi_fsub)
c:/nxp/s32ds_arm_v2.2/s32ds/build_tools/gcc_v6.3/gcc-6.3-arm32-eabi/bin/../lib/gcc/arm-none-eabi/6.3.1/thumb/v6-m\libgcc.a(fixsfsi.o)
                              c:/nxp/s32ds_arm_v2.2/s32ds/build_tools/gcc_v6.3/gcc-6.3-arm32-eabi/bin/../lib/gcc/arm-none-eabi/6.3.1/thumb/v6-m\libgcc.a(_fixunssfsi.o) (__aeabi_f2iz)
c:/nxp/s32ds_arm_v2.2/s32ds/build_tools/gcc_v6.3/gcc-6.3-arm32-eabi/bin/../lib/gcc/arm-none-eabi/6.3.1/thumb/v6-m\libgcc.a(floatsisf.o)
                              ./src/AppSAS.o (__aeabi_i2f)
c:/nxp/s32ds_arm_v2.2/s32ds/build_tools/gcc_v6.3/gcc-6.3-arm32-eabi/bin/../lib/gcc/arm-none-eabi/6.3.1/thumb/v6-m\libgcc.a(floatunsisf.o)
                              ./src/main.o (__aeabi_ui2f)
c:/nxp/s32ds_arm_v2.2/s32ds/build_tools/gcc_v6.3/gcc-6.3-arm32-eabi/bin/../lib/gcc/arm-none-eabi/6.3.1/thumb/v6-m\libgcc.a(divdf3.o)
                              ./src/AppSAS.o (__aeabi_ddiv)
c:/nxp/s32ds_arm_v2.2/s32ds/build_tools/gcc_v6.3/gcc-6.3-arm32-eabi/bin/../lib/gcc/arm-none-eabi/6.3.1/thumb/v6-m\libgcc.a(eqdf2.o)
                              c:/nxp/s32ds_arm_v2.2/s32ds/build_tools/gcc_v6.3/gcc-6.3-arm32-eabi/bin/../lib/gcc/arm-none-eabi/6.3.1/thumb/v6-m\libgcc.a(_arm_cmpdf2.o) (__eqdf2)
c:/nxp/s32ds_arm_v2.2/s32ds/build_tools/gcc_v6.3/gcc-6.3-arm32-eabi/bin/../lib/gcc/arm-none-eabi/6.3.1/thumb/v6-m\libgcc.a(gedf2.o)
                              c:/nxp/s32ds_arm_v2.2/s32ds/build_tools/gcc_v6.3/gcc-6.3-arm32-eabi/bin/../lib/gcc/arm-none-eabi/6.3.1/thumb/v6-m\libgcc.a(_arm_cmpdf2.o) (__gedf2)
c:/nxp/s32ds_arm_v2.2/s32ds/build_tools/gcc_v6.3/gcc-6.3-arm32-eabi/bin/../lib/gcc/arm-none-eabi/6.3.1/thumb/v6-m\libgcc.a(ledf2.o)
                              c:/nxp/s32ds_arm_v2.2/s32ds/build_tools/gcc_v6.3/gcc-6.3-arm32-eabi/bin/../lib/gcc/arm-none-eabi/6.3.1/thumb/v6-m\libgcc.a(_arm_cmpdf2.o) (__ledf2)
[...]
Memory Configuration

Name             Origin             Length             Attributes
m_interrupts     0x00005000         0x000000c0         xr
m_flash_config   0x00005400         0x00000010         xr
m_text           0x00005410         0x0000c000         xr
m_dorman         0x0001fe00         0x00000040         xr
m_SecSpec        0x0001fe40         0x00000004         xr
m_SecLibVer      0x0001fe44         0x00000004         xr
m_ModuleName     0x0001ff00         0x00000020         xr
m_HardwareVersion 0x0001ff20         0x00000010         xr
m_FirmwareVersion 0x0001ff30         0x00000008         xr
m_Reserved1      0x0001ff38         0x00000008         xr
m_Reserved2      0x0001ff40         0x00000020         xr
m_data           0x20000000         0x000020c0         rw
m_data_2         0x200020c0         0x00001740         rw
*default*        0x00000000         0xffffffff

Linker script and memory map

LOAD c:/nxp/s32ds_arm_v2.2/s32ds/build_tools/gcc_v6.3/gcc-6.3-arm32-eabi/bin/../lib/gcc/arm-none-eabi/6.3.1/thumb/v6-m/crti.o
LOAD c:/nxp/s32ds_arm_v2.2/s32ds/build_tools/gcc_v6.3/gcc-6.3-arm32-eabi/bin/../lib/gcc/arm-none-eabi/6.3.1/thumb/v6-m/crtbegin.o
LOAD C:/NXP/S32DS_ARM_v2.2/S32DS/build_tools/gcc_v6.3/gcc-6.3-arm32-eabi/arm-none-eabi/newlib/lib/thumb/v6-m/crt0.o
LOAD ./Project_Settings/Startup_Code/startup.o
LOAD ./Project_Settings/Startup_Code/startup_S32K116.o
LOAD ./Project_Settings/Startup_Code/system_S32K116.o
LOAD ./src/AppSAS.o
LOAD ./src/CAN_app.o
LOAD ./src/Clock_Driver.o
LOAD ./src/Clock_app.o
LOAD ./src/Flash.o
LOAD ./src/FlexCAN.o
LOAD ./src/GPIO_Driver.o
LOAD ./src/GPIO_app.o
LOAD ./src/PWRMode_Driver.o
LOAD ./src/analog_sense.o
LOAD ./src/clk.o
LOAD ./src/lpi2c.o
LOAD ./src/lptmr.o
LOAD ./src/main.o
LOAD ./src/watchdog_driver.o
START GROUP
LOAD c:/nxp/s32ds_arm_v2.2/s32ds/build_tools/gcc_v6.3/gcc-6.3-arm32-eabi/bin/../lib/gcc/arm-none-eabi/6.3.1/thumb/v6-m\libgcc.a
LOAD C:/NXP/S32DS_ARM_v2.2/S32DS/build_tools/gcc_v6.3/gcc-6.3-arm32-eabi/arm-none-eabi/newlib/lib/thumb/v6-m\libc.a
END GROUP
START GROUP
LOAD c:/nxp/s32ds_arm_v2.2/s32ds/build_tools/gcc_v6.3/gcc-6.3-arm32-eabi/bin/../lib/gcc/arm-none-eabi/6.3.1/thumb/v6-m\libgcc.a
LOAD C:/NXP/S32DS_ARM_v2.2/S32DS/build_tools/gcc_v6.3/gcc-6.3-arm32-eabi/arm-none-eabi/newlib/lib/thumb/v6-m\libc.a
LOAD C:/NXP/S32DS_ARM_v2.2/S32DS/build_tools/gcc_v6.3/gcc-6.3-arm32-eabi/arm-none-eabi/newlib/lib/thumb/v6-m\libnosys.a
END GROUP
LOAD c:/nxp/s32ds_arm_v2.2/s32ds/build_tools/gcc_v6.3/gcc-6.3-arm32-eabi/bin/../lib/gcc/arm-none-eabi/6.3.1/thumb/v6-m/crtend.o
LOAD c:/nxp/s32ds_arm_v2.2/s32ds/build_tools/gcc_v6.3/gcc-6.3-arm32-eabi/bin/../lib/gcc/arm-none-eabi/6.3.1/thumb/v6-m/crtn.o
                0x00000200                HEAP_SIZE = DEFINED (__heap_size__)?__heap_size__:0x200
                0x00000200                STACK_SIZE = DEFINED (__stack_size__)?__stack_size__:0x200
                0x000000c0                M_VECTOR_RAM_SIZE = DEFINED (__flash_vector_table__)?0x0:0xc0

.interrupts     0x00005000       0xc0
                0x00005000                __VECTOR_TABLE = .
                0x00005000                __interrupts_start__ = .
                0x00005000                . = ALIGN (0x4)
 *(.isr_vector)
 .isr_vector    0x00005000       0xc0 ./Project_Settings/Startup_Code/startup_S32K116.o
                0x00005000                __isr_vector
                0x000050c0                __interrupts_end__ = .
                0x000050c0                . = ALIGN (0x4)

.flash_config   0x00005400       0x10
                0x00005400                . = ALIGN (0x4)
 *(.FlashConfig)
 .FlashConfig   0x00005400       0x10 ./Project_Settings/Startup_Code/startup_S32K116.o
                0x00005410                . = ALIGN (0x4)

.text           0x00005410     0x6bd8
                0x00005410                . = ALIGN (0x4)
 *(.text)
 .text          0x00005410       0xb4 c:/nxp/s32ds_arm_v2.2/s32ds/build_tools/gcc_v6.3/gcc-6.3-arm32-eabi/bin/../lib/gcc/arm-none-eabi/6.3.1/thumb/v6-m/crtbegin.o
 .text          0x000054c4       0x78 C:/NXP/S32DS_ARM_v2.2/S32DS/build_tools/gcc_v6.3/gcc-6.3-arm32-eabi/arm-none-eabi/newlib/lib/thumb/v6-m/crt0.o
                0x000054c4                _start
                0x000054c4                _mainCRTStartup
 .text          0x0000553c       0x60 ./Project_Settings/Startup_Code/startup_S32K116.o
                0x0000553c                Reset_Handler
                0x00005598                ERM_fault_IRQHandler
                0x00005598                PendSV_Handler
                0x00005598                NMI_Handler
                0x00005598                DMA2_IRQHandler
                0x00005598                LPIT0_IRQHandler
                0x00005598                ADC0_IRQHandler
                0x00005598                FTM0_Ovf_Reload_IRQHandler
                0x00005598                FTM1_Ch0_7_IRQHandler
                0x00005598                DefaultISR
                0x00005598                FTM0_Ch0_7_IRQHandler
                0x00005598                RTC_IRQHandler
                0x00005598                PDB0_IRQHandler
                0x00005598                HardFault_Handler
                0x00005598                CAN0_ORed_Err_Wakeup_IRQHandler
                0x00005598                Reserved27_IRQHandler
                0x00005598                LPUART1_RxTx_IRQHandler
                0x00005598                RTC_Seconds_IRQHandler
                0x00005598                FTFC_IRQHandler
                0x00005598                LPSPI0_IRQHandler
                0x00005598                FTM0_Fault_IRQHandler
                0x00005598                SVC_Handler
                0x00005598                RCM_IRQHandler
                0x00005598                DMA3_IRQHandler
                0x00005598                DMA0_IRQHandler
                0x00005598                FTM1_Fault_IRQHandler
                0x00005598                DMA_Error_IRQHandler
                0x00005598                LPUART0_RxTx_IRQHandler
                0x00005598                WDOG_IRQHandler
                0x00005598                FTM1_Ovf_Reload_IRQHandler
                0x00005598                CMP0_IRQHandler
                0x00005598                FLEXIO_IRQHandler
                0x00005598                DMA1_IRQHandler
 .text          0x0000559c      0x114 c:/nxp/s32ds_arm_v2.2/s32ds/build_tools/gcc_v6.3/gcc-6.3-arm32-eabi/bin/../lib/gcc/arm-none-eabi/6.3.1/thumb/v6-m\libgcc.a(_udivsi3.o)
                0x0000559c                __aeabi_uidiv
                0x0000559c                __udivsi3
                0x000056a8                __aeabi_uidivmod
 .text          0x000056b0        0x4 c:/nxp/s32ds_arm_v2.2/s32ds/build_tools/gcc_v6.3/gcc-6.3-arm32-eabi/bin/../lib/gcc/arm-none-eabi/6.3.1/thumb/v6-m\libgcc.a(_dvmd_tls.o)
                0x000056b0                __aeabi_idiv0
                0x000056b0                __aeabi_ldiv0
 .text          0x000056b4       0x7c c:/nxp/s32ds_arm_v2.2/s32ds/build_tools/gcc_v6.3/gcc-6.3-arm32-eabi/bin/../lib/gcc/arm-none-eabi/6.3.1/thumb/v6-m\libgcc.a(_arm_cmpdf2.o)
                0x000056b4                __aeabi_cdrcmple
                0x000056c4                __aeabi_cdcmple
                0x000056c4                __aeabi_cdcmpeq
                0x000056d4                __aeabi_dcmpeq
                0x000056e0                __aeabi_dcmplt
                0x000056f4                __aeabi_dcmple
                0x00005708                __aeabi_dcmpgt
                0x0000571c                __aeabi_dcmpge
 .text          0x00005730       0x74 c:/nxp/s32ds_arm_v2.2/s32ds/build_tools/gcc_v6.3/gcc-6.3-arm32-eabi/bin/../lib/gcc/arm-none-eabi/6.3.1/thumb/v6-m\libgcc.a(_arm_cmpsf2.o)
                0x00005730                __aeabi_cfrcmple
                0x00005738                __aeabi_cfcmpeq
                0x00005738                __aeabi_cfcmple
                0x00005748                __aeabi_fcmpeq
                0x00005754                __aeabi_fcmplt
                0x00005768                __aeabi_fcmple
                0x0000577c                __aeabi_fcmpgt
                0x00005790                __aeabi_fcmpge
 .text          0x000057a4       0x30 c:/nxp/s32ds_arm_v2.2/s32ds/build_tools/gcc_v6.3/gcc-6.3-arm32-eabi/bin/../lib/gcc/arm-none-eabi/6.3.1/thumb/v6-m\libgcc.a(_fixunssfsi.o)
                0x000057a4                __fixunssfsi
                0x000057a4                __aeabi_f2uiz
 .text          0x000057d4       0x3c c:/nxp/s32ds_arm_v2.2/s32ds/build_tools/gcc_v6.3/gcc-6.3-arm32-eabi/bin/../lib/gcc/arm-none-eabi/6.3.1/thumb/v6-m\libgcc.a(_fixunsdfsi.o)
                0x000057d4                __aeabi_d2uiz
                0x000057d4                __fixunsdfsi
 .text          0x00005810      0x324 c:/nxp/s32ds_arm_v2.2/s32ds/build_tools/gcc_v6.3/gcc-6.3-arm32-eabi/bin/../lib/gcc/arm-none-eabi/6.3.1/thumb/v6-m\libgcc.a(addsf3.o)
                0x00005810                __aeabi_fadd
 .text          0x00005b34      0x290 c:/nxp/s32ds_arm_v2.2/s32ds/build_tools/gcc_v6.3/gcc-6.3-arm32-eabi/bin/../lib/gcc/arm-none-eabi/6.3.1/thumb/v6-m\libgcc.a(divsf3.o)
                0x00005b34                __aeabi_fdiv
 .text          0x00005dc4       0x4c c:/nxp/s32ds_arm_v2.2/s32ds/build_tools/gcc_v6.3/gcc-6.3-arm32-eabi/bin/../lib/gcc/arm-none-eabi/6.3.1/thumb/v6-m\libgcc.a(eqsf2.o)
                0x00005dc4                __eqsf2
                0x00005dc4                __nesf2
 .text          0x00005e10       0x80 c:/nxp/s32ds_arm_v2.2/s32ds/build_tools/gcc_v6.3/gcc-6.3-arm32-eabi/bin/../lib/gcc/arm-none-eabi/6.3.1/thumb/v6-m\libgcc.a(gesf2.o)
                0x00005e10                __gesf2
                0x00005e10                __gtsf2
 .text          0x00005e90       0x84 c:/nxp/s32ds_arm_v2.2/s32ds/build_tools/gcc_v6.3/gcc-6.3-arm32-eabi/bin/../lib/gcc/arm-none-eabi/6.3.1/thumb/v6-m\libgcc.a(lesf2.o)
                0x00005e90                __ltsf2
                0x00005e90                __lesf2
 .text          0x00005f14      0x240 c:/nxp/s32ds_arm_v2.2/s32ds/build_tools/gcc_v6.3/gcc-6.3-arm32-eabi/bin/../lib/gcc/arm-none-eabi/6.3.1/thumb/v6-m\libgcc.a(mulsf3.o)
                0x00005f14                __aeabi_fmul
 .text          0x00006154      0x338 c:/nxp/s32ds_arm_v2.2/s32ds/build_tools/gcc_v6.3/gcc-6.3-arm32-eabi/bin/../lib/gcc/arm-none-eabi/6.3.1/thumb/v6-m\libgcc.a(subsf3.o)
                0x00006154                __aeabi_fsub
 .text          0x0000648c       0x40 c:/nxp/s32ds_arm_v2.2/s32ds/build_tools/gcc_v6.3/gcc-6.3-arm32-eabi/bin/../lib/gcc/arm-none-eabi/6.3.1/thumb/v6-m\libgcc.a(fixsfsi.o)
                0x0000648c                __aeabi_f2iz
 .text          0x000064cc       0xa0 c:/nxp/s32ds_arm_v2.2/s32ds/build_tools/gcc_v6.3/gcc-6.3-arm32-eabi/bin/../lib/gcc/arm-none-eabi/6.3.1/thumb/v6-m\libgcc.a(floatsisf.o)
                0x000064cc                __aeabi_i2f
 .text          0x0000656c       0x8c c:/nxp/s32ds_arm_v2.2/s32ds/build_tools/gcc_v6.3/gcc-6.3-arm32-eabi/bin/../lib/gcc/arm-none-eabi/6.3.1/thumb/v6-m\libgcc.a(floatunsisf.o)
                0x0000656c                __aeabi_ui2f
 .text          0x000065f8      0x668 c:/nxp/s32ds_arm_v2.2/s32ds/build_tools/gcc_v6.3/gcc-6.3-arm32-eabi/bin/../lib/gcc/arm-none-eabi/6.3.1/thumb/v6-m\libgcc.a(divdf3.o)
                0x000065f8                __aeabi_ddiv
 .text          0x00006c60       0x74 c:/nxp/s32ds_arm_v2.2/s32ds/build_tools/gcc_v6.3/gcc-6.3-arm32-eabi/bin/../lib/gcc/arm-none-eabi/6.3.1/thumb/v6-m\libgcc.a(eqdf2.o)
                0x00006c60                __nedf2
                0x00006c60                __eqdf2
 .text          0x00006cd4       0xc8 c:/nxp/s32ds_arm_v2.2/s32ds/build_tools/gcc_v6.3/gcc-6.3-arm32-eabi/bin/../lib/gcc/arm-none-eabi/6.3.1/thumb/v6-m\libgcc.a(gedf2.o)
                0x00006cd4                __gedf2
                0x00006cd4                __gtdf2
 .text          0x00006d9c       0xc4 c:/nxp/s32ds_arm_v2.2/s32ds/build_tools/gcc_v6.3/gcc-6.3-arm32-eabi/bin/../lib/gcc/arm-none-eabi/6.3.1/thumb/v6-m\libgcc.a(ledf2.o)
                0x00006d9c                __ledf2
                0x00006d9c                __ltdf2
 .text          0x00006e60      0x500 c:/nxp/s32ds_arm_v2.2/s32ds/build_tools/gcc_v6.3/gcc-6.3-arm32-eabi/bin/../lib/gcc/arm-none-eabi/6.3.1/thumb/v6-m\libgcc.a(muldf3.o)
                0x00006e60                __aeabi_dmul
 .text          0x00007360      0x62c c:/nxp/s32ds_arm_v2.2/s32ds/build_tools/gcc_v6.3/gcc-6.3-arm32-eabi/bin/../lib/gcc/arm-none-eabi/6.3.1/thumb/v6-m\libgcc.a(subdf3.o)
                0x00007360                __aeabi_dsub
 .text          0x0000798c       0x68 c:/nxp/s32ds_arm_v2.2/s32ds/build_tools/gcc_v6.3/gcc-6.3-arm32-eabi/bin/../lib/gcc/arm-none-eabi/6.3.1/thumb/v6-m\libgcc.a(fixdfsi.o)
                0x0000798c                __aeabi_d2iz
 .text          0x000079f4       0x84 c:/nxp/s32ds_arm_v2.2/s32ds/build_tools/gcc_v6.3/gcc-6.3-arm32-eabi/bin/../lib/gcc/arm-none-eabi/6.3.1/thumb/v6-m\libgcc.a(floatsidf.o)
                0x000079f4                __aeabi_i2d
 .text          0x00007a78       0xa4 c:/nxp/s32ds_arm_v2.2/s32ds/build_tools/gcc_v6.3/gcc-6.3-arm32-eabi/bin/../lib/gcc/arm-none-eabi/6.3.1/thumb/v6-m\libgcc.a(extendsfdf2.o)
                0x00007a78                __aeabi_f2d
 .text          0x00007b1c      0x114 c:/nxp/s32ds_arm_v2.2/s32ds/build_tools/gcc_v6.3/gcc-6.3-arm32-eabi/bin/../lib/gcc/arm-none-eabi/6.3.1/thumb/v6-m\libgcc.a(truncdfsf2.o)
                0x00007b1c                __aeabi_d2f
 .text          0x00007c30       0x3c c:/nxp/s32ds_arm_v2.2/s32ds/build_tools/gcc_v6.3/gcc-6.3-arm32-eabi/bin/../lib/gcc/arm-none-eabi/6.3.1/thumb/v6-m\libgcc.a(_clzsi2.o)
                0x00007c30                __clzsi2
 *(.text*)
 .text.init_data_bss
                0x00007c6c       0xdc ./Project_Settings/Startup_Code/startup.o
                0x00007c6c                init_data_bss
 .text.SystemInit
                0x00007d48       0x24 ./Project_Settings/Startup_Code/system_S32K116.o
                0x00007d48                SystemInit
 .text.SystemSoftwareReset
                0x00007d6c       0x20 ./Project_Settings/Startup_Code/system_S32K116.o
                0x00007d6c                SystemSoftwareReset
 .text.sleep_actions
                0x00007d8c       0x74 ./src/AppSAS.o
                0x00007d8c                sleep_actions
 .text.wakeup_actions
                0x00007e00       0x5c ./src/AppSAS.o
                0x00007e00                wakeup_actions
 .text.App_SAS_Operations
                0x00007e5c      0xd14 ./src/AppSAS.o
                0x00007e5c                App_SAS_Operations
 .text.LPI2C_CONF_Reg_Write
                0x00008b70       0x44 ./src/AppSAS.o
                0x00008b70                LPI2C_CONF_Reg_Write
 .text.CAN_App_Config
                0x00008bb4       0x44 ./src/CAN_app.o
                0x00008bb4                CAN_App_Config
 .text.CAN_App_GetRxID
                0x00008bf8       0x20 ./src/CAN_app.o
                0x00008bf8                CAN_App_GetRxID
 .text.CAN_App_GetRxBUF
                0x00008c18       0x30 ./src/CAN_app.o
                0x00008c18                CAN_App_GetRxBUF
 .text.CAN_App_Task
                0x00008c48      0x744 ./src/CAN_app.o
                0x00008c48                CAN_App_Task
 .text.CAN_App_Rx_Handler
                0x0000938c       0x36 ./src/CAN_app.o
                0x0000938c                CAN_App_Rx_Handler
 *fill*         0x000093c2        0x2 
 .text.Clock_Init
                0x000093c4      0x588 ./src/Clock_Driver.o
                0x000093c4                Clock_Init
 .text.Clock_Drv_Init
                0x0000994c        0x8 ./src/Clock_Driver.o
                0x0000994c                Clock_Drv_Init
 .text.Clock_App_Init
                0x00009954       0x28 ./src/Clock_app.o
                0x00009954                Clock_App_Init
 .text.FLASH_DRV_EWrite
                0x0000997c       0xd0 ./src/Flash.o
                0x0000997c                FLASH_DRV_EWrite
 .text.FLASH_DRV_EEERead
                0x00009a4c       0x1e ./src/Flash.o
                0x00009a4c                FLASH_DRV_EEERead
 *fill*         0x00009a6a        0x2 
 .text.Flash_ProgramPartitioning
                0x00009a6c       0x40 ./src/Flash.o
                0x00009a6c                Flash_ProgramPartitioning
 .text.Flash_SetFlexRAM
                0x00009aac       0x34 ./src/Flash.o
                0x00009aac                Flash_SetFlexRAM
 .text.Flash_Init
                0x00009ae0        0xc ./src/Flash.o
                0x00009ae0                Flash_Init
 .text.CAN0_ORed_0_31_MB_IRQHandler
                0x00009aec       0x10 ./src/FlexCAN.o
                0x00009aec                CAN0_ORed_0_31_MB_IRQHandler
 .text.CAN_Init
                0x00009afc      0x124 ./src/FlexCAN.o
                0x00009afc                CAN_Init
 .text.CAN_Port_Init
                0x00009c20       0x40 ./src/FlexCAN.o
                0x00009c20                CAN_Port_Init
 .text.CAN_ITConfig
                0x00009c60       0x20 ./src/FlexCAN.o
                0x00009c60                CAN_ITConfig
 .text.CAN_Transmit_msg
                0x00009c80       0x98 ./src/FlexCAN.o
                0x00009c80                CAN_Transmit_msg
 .text.CAN_Receive_msg
                0x00009d18       0x84 ./src/FlexCAN.o
                0x00009d18                CAN_Receive_msg
 .text.GPIO_Mode_Init
                0x00009d9c       0x6c ./src/GPIO_Driver.o
                0x00009d9c                GPIO_Mode_Init
 .text.GPIO_Drv_Init
                0x00009e08       0x1a ./src/GPIO_Driver.o
                0x00009e08                GPIO_Drv_Init
 *fill*         0x00009e22        0x2 
 .text.GPIO_Clk_Init
                0x00009e24       0x24 ./src/GPIO_Driver.o
                0x00009e24                GPIO_Clk_Init
 .text.PIN_Muxmode_Select
                0x00009e48        0xe ./src/GPIO_Driver.o
                0x00009e48                PIN_Muxmode_Select
 .text.PIN_Input_Read
                0x00009e56       0x10 ./src/GPIO_Driver.o
                0x00009e56                PIN_Input_Read
 .text.PIN_Set  0x00009e66        0xc ./src/GPIO_Driver.o
                0x00009e66                PIN_Set
 .text.PIN_Clear
                0x00009e72        0xc ./src/GPIO_Driver.o
                0x00009e72                PIN_Clear
 .text.PIN_Toggle
                0x00009e7e        0xc ./src/GPIO_Driver.o
                0x00009e7e                PIN_Toggle
 .text.PIN_Interrupt_Enable
                0x00009e8a       0x14 ./src/GPIO_Driver.o
                0x00009e8a                PIN_Interrupt_Enable
 .text.PIN_Interrupt_Disable
                0x00009e9e        0xa ./src/GPIO_Driver.o
                0x00009e9e                PIN_Interrupt_Disable
 .text.PIN_Pull_Select
                0x00009ea8       0x20 ./src/GPIO_Driver.o
                0x00009ea8                PIN_Pull_Select
 .text.GPIO_App_init
                0x00009ec8      0x180 ./src/GPIO_app.o
                0x00009ec8                GPIO_App_init
 .text.PORT_IRQHandler
                0x0000a048       0x24 ./src/GPIO_app.o
                0x0000a048                PORT_IRQHandler
 .text.SIRC_Init
                0x0000a06c       0x50 ./src/PWRMode_Driver.o
                0x0000a06c                SIRC_Init
 .text.SIRC_RUNState
                0x0000a0bc       0x48 ./src/PWRMode_Driver.o
                0x0000a0bc                SIRC_RUNState
 .text.FIRC_Disable
                0x0000a104       0x58 ./src/PWRMode_Driver.o
                0x0000a104                FIRC_Disable
 .text.Set_Power_Mode
                0x0000a15c      0x120 ./src/PWRMode_Driver.o
                0x0000a15c                Set_Power_Mode
 .text.ADC_Init
                0x0000a27c       0x50 ./src/analog_sense.o
                0x0000a27c                ADC_Init
 .text.Read_ADC
                0x0000a2cc       0x50 ./src/analog_sense.o
                0x0000a2cc                Read_ADC
 .text.LPI2C_init
                0x0000a31c       0x44 ./src/lpi2c.o
                0x0000a31c                LPI2C_init
 .text.LPI2C_Transmit_Int
                0x0000a360       0x20 ./src/lpi2c.o
                0x0000a360                LPI2C_Transmit_Int
 .text.LPI2C_Generate_Start_Ack
                0x0000a380       0x14 ./src/lpi2c.o
                0x0000a380                LPI2C_Generate_Start_Ack
 .text.LPI2C_DataToRead
                0x0000a394       0x18 ./src/lpi2c.o
                0x0000a394                LPI2C_DataToRead
 .text.LPI2C_Receive_Data
                0x0000a3ac       0x78 ./src/lpi2c.o
                0x0000a3ac                LPI2C_Receive_Data
 .text.LPI2C_Check_Busy
                0x0000a424       0x38 ./src/lpi2c.o
                0x0000a424                LPI2C_Check_Busy
 .text.LPI2C_Generate_Stop
                0x0000a45c       0x54 ./src/lpi2c.o
                0x0000a45c                LPI2C_Generate_Stop
 .text.LPI2C_Read_Location
                0x0000a4b0       0x5c ./src/lpi2c.o
                0x0000a4b0                LPI2C_Read_Location
 .text.LPI2C_Select_MuxChannel
                0x0000a50c       0x60 ./src/lpi2c.o
                0x0000a50c                LPI2C_Select_MuxChannel
 .text.LPI2C0_Master_Slave_IRQHandler
                0x0000a56c      0x424 ./src/lpi2c.o
                0x0000a56c                LPI2C0_Master_Slave_IRQHandler
 .text.SAS_ReadMagnet_Status
                0x0000a990       0x58 ./src/lpi2c.o
                0x0000a990                SAS_ReadMagnet_Status
 .text.LPTMR0_IRQHandler
                0x0000a9e8       0x20 ./src/lptmr.o
                0x0000a9e8                LPTMR0_IRQHandler
 .text.check_dorman_rights
                0x0000aa08       0x2c ./src/main.o
                0x0000aa08                check_dorman_rights
 .text.NVIC_Init_IRQs
                0x0000aa34       0x60 ./src/main.o
                0x0000aa34                NVIC_Init_IRQs
 .text.Init_SysTick
                0x0000aa94       0x20 ./src/main.o
                0x0000aa94                Init_SysTick
 .text.Task_1ms
                0x0000aab4       0xbc ./src/main.o
                0x0000aab4                Task_1ms
 .text.Task_12ms
                0x0000ab70       0x2c ./src/main.o
                0x0000ab70                Task_12ms
 .text.Task_50ms
                0x0000ab9c      0x294 ./src/main.o
                0x0000ab9c                Task_50ms
 .text.SysTick_Handler
                0x0000ae30       0xcc ./src/main.o
                0x0000ae30                SysTick_Handler
 .text.Task_960msec
                0x0000aefc       0x24 ./src/main.o
                0x0000aefc                Task_960msec
 .text.Task_1sec
                0x0000af20      0x218 ./src/main.o
                0x0000af20                Task_1sec
 .text.Scheduler_Task
                0x0000b138       0x68 ./src/main.o
                0x0000b138                Scheduler_Task
 .text.GetTheAngleCounterValueCW
                0x0000b1a0      0x174 ./src/main.o
                0x0000b1a0                GetTheAngleCounterValueCW
 .text.GetTheAngleCounterValueCCW
                0x0000b314      0x174 ./src/main.o
                0x0000b314                GetTheAngleCounterValueCCW
 .text.ADC_Disable
                0x0000b488        0xc ./src/main.o
                0x0000b488                ADC_Disable
 .text.CSAS_checksum_Byte
                0x0000b494       0x16 ./src/main.o
                0x0000b494                CSAS_checksum_Byte
 *fill*         0x0000b4aa        0x2 
 .text.Low_voltage_detection_enable
                0x0000b4ac       0x10 ./src/main.o
                0x0000b4ac                Low_voltage_detection_enable
 .text.SCG_CMU_LVD_LVWSCG_IRQHandler
                0x0000b4bc       0x38 ./src/main.o
                0x0000b4bc                SCG_CMU_LVD_LVWSCG_IRQHandler
 .text.Flash_write_struct
                0x0000b4f4       0x24 ./src/main.o
                0x0000b4f4                Flash_write_struct
 .text.flash_checksum_write
                0x0000b518       0x68 ./src/main.o
                0x0000b518                flash_checksum_write
 .text.Flash_read_struct
                0x0000b580       0xec ./src/main.o
                0x0000b580                Flash_read_struct
 .text.Flash_array_store
                0x0000b66c       0xb0 ./src/main.o
                0x0000b66c                Flash_array_store
 .text.Init_Sys_Peripherals
                0x0000b71c       0x40 ./src/main.o
                0x0000b71c                Init_Sys_Peripherals
 .text.main     0x0000b75c       0x44 ./src/main.o
                0x0000b75c                main
 .text.WDOG_disable
                0x0000b7a0       0x28 ./src/watchdog_driver.o
                0x0000b7a0                WDOG_disable
 .text.exit     0x0000b7c8       0x20 C:/NXP/S32DS_ARM_v2.2/S32DS/build_tools/gcc_v6.3/gcc-6.3-arm32-eabi/arm-none-eabi/newlib/lib/thumb/v6-m\libc.a(lib_a-exit.o)
                0x0000b7c8                exit
 .text.__libc_init_array
                0x0000b7e8       0x48 C:/NXP/S32DS_ARM_v2.2/S32DS/build_tools/gcc_v6.3/gcc-6.3-arm32-eabi/arm-none-eabi/newlib/lib/thumb/v6-m\libc.a(lib_a-init.o)
                0x0000b7e8                __libc_init_array
 .text.memcpy   0x0000b830       0x12 C:/NXP/S32DS_ARM_v2.2/S32DS/build_tools/gcc_v6.3/gcc-6.3-arm32-eabi/arm-none-eabi/newlib/lib/thumb/v6-m\libc.a(lib_a-memcpy-stub.o)
                0x0000b830                memcpy
 .text.memset   0x0000b842       0x10 C:/NXP/S32DS_ARM_v2.2/S32DS/build_tools/gcc_v6.3/gcc-6.3-arm32-eabi/arm-none-eabi/newlib/lib/thumb/v6-m\libc.a(lib_a-memset.o)
                0x0000b842                memset
 *fill*         0x0000b852        0x2 
 .text.startup.register_fini
                0x0000b854       0x18 C:/NXP/S32DS_ARM_v2.2/S32DS/build_tools/gcc_v6.3/gcc-6.3-arm32-eabi/arm-none-eabi/newlib/lib/thumb/v6-m\libc.a(lib_a-__call_atexit.o)
 .text.__call_exitprocs
                0x0000b86c       0xc8 C:/NXP/S32DS_ARM_v2.2/S32DS/build_tools/gcc_v6.3/gcc-6.3-arm32-eabi/arm-none-eabi/newlib/lib/thumb/v6-m\libc.a(lib_a-__call_atexit.o)
                0x0000b86c                __call_exitprocs
 .text.__libc_fini_array
                0x0000b934       0x28 C:/NXP/S32DS_ARM_v2.2/S32DS/build_tools/gcc_v6.3/gcc-6.3-arm32-eabi/arm-none-eabi/newlib/lib/thumb/v6-m\libc.a(lib_a-fini.o)
                0x0000b934                __libc_fini_array
 .text.atexit   0x0000b95c       0x10 C:/NXP/S32DS_ARM_v2.2/S32DS/build_tools/gcc_v6.3/gcc-6.3-arm32-eabi/arm-none-eabi/newlib/lib/thumb/v6-m\libc.a(lib_a-atexit.o)
                0x0000b95c                atexit
 .text.__register_exitproc
                0x0000b96c       0x98 C:/NXP/S32DS_ARM_v2.2/S32DS/build_tools/gcc_v6.3/gcc-6.3-arm32-eabi/arm-none-eabi/newlib/lib/thumb/v6-m\libc.a(lib_a-__atexit.o)
                0x0000b96c                __register_exitproc
 .text._exit    0x0000ba04        0x2 C:/NXP/S32DS_ARM_v2.2/S32DS/build_tools/gcc_v6.3/gcc-6.3-arm32-eabi/arm-none-eabi/newlib/lib/thumb/v6-m\libnosys.a(_exit.o)
                0x0000ba04                _exit
 *(.rodata)
 *fill*         0x0000ba06        0x2 
 .rodata        0x0000ba08       0x80 c:/nxp/s32ds_arm_v2.2/s32ds/build_tools/gcc_v6.3/gcc-6.3-arm32-eabi/bin/../lib/gcc/arm-none-eabi/6.3.1/thumb/v6-m\libgcc.a(divsf3.o)
 .rodata        0x0000ba88       0x40 c:/nxp/s32ds_arm_v2.2/s32ds/build_tools/gcc_v6.3/gcc-6.3-arm32-eabi/bin/../lib/gcc/arm-none-eabi/6.3.1/thumb/v6-m\libgcc.a(mulsf3.o)
 .rodata        0x0000bac8       0x40 c:/nxp/s32ds_arm_v2.2/s32ds/build_tools/gcc_v6.3/gcc-6.3-arm32-eabi/bin/../lib/gcc/arm-none-eabi/6.3.1/thumb/v6-m\libgcc.a(divdf3.o)
 .rodata        0x0000bb08       0x40 c:/nxp/s32ds_arm_v2.2/s32ds/build_tools/gcc_v6.3/gcc-6.3-arm32-eabi/bin/../lib/gcc/arm-none-eabi/6.3.1/thumb/v6-m\libgcc.a(muldf3.o)
 *(.rodata*)
 .rodata.CAN_App_Task
                0x0000bb48       0x80 ./src/CAN_app.o
 .rodata.Clock_Init
                0x0000bbc8      0x3e8 ./src/Clock_Driver.o
 .rodata.Set_Power_Mode
                0x0000bfb0       0x18 ./src/PWRMode_Driver.o
 .rodata.Read_ADC.cst2
                0x0000bfc8        0x2 ./src/analog_sense.o
 *fill*         0x0000bfca        0x2 
 .rodata._global_impure_ptr
                0x0000bfcc        0x4 C:/NXP/S32DS_ARM_v2.2/S32DS/build_tools/gcc_v6.3/gcc-6.3-arm32-eabi/arm-none-eabi/newlib/lib/thumb/v6-m\libc.a(lib_a-impure.o)
                0x0000bfcc                _global_impure_ptr
 *(.glue_7)
 .glue_7        0x0000bfd0        0x0 linker stubs
 *(.glue_7t)
 .glue_7t       0x0000bfd0        0x0 linker stubs
 *(.eh_frame)
 .eh_frame      0x0000bfd0        0x0 c:/nxp/s32ds_arm_v2.2/s32ds/build_tools/gcc_v6.3/gcc-6.3-arm32-eabi/bin/../lib/gcc/arm-none-eabi/6.3.1/thumb/v6-m/crtbegin.o
 *(.init)
 .init          0x0000bfd0        0x4 c:/nxp/s32ds_arm_v2.2/s32ds/build_tools/gcc_v6.3/gcc-6.3-arm32-eabi/bin/../lib/gcc/arm-none-eabi/6.3.1/thumb/v6-m/crti.o
                0x0000bfd0                _init
 .init          0x0000bfd4        0x8 c:/nxp/s32ds_arm_v2.2/s32ds/build_tools/gcc_v6.3/gcc-6.3-arm32-eabi/bin/../lib/gcc/arm-none-eabi/6.3.1/thumb/v6-m/crtn.o
 *(.fini)
 .fini          0x0000bfdc        0x4 c:/nxp/s32ds_arm_v2.2/s32ds/build_tools/gcc_v6.3/gcc-6.3-arm32-eabi/bin/../lib/gcc/arm-none-eabi/6.3.1/thumb/v6-m/crti.o
                0x0000bfdc                _fini
 .fini          0x0000bfe0        0x8 c:/nxp/s32ds_arm_v2.2/s32ds/build_tools/gcc_v6.3/gcc-6.3-arm32-eabi/bin/../lib/gcc/arm-none-eabi/6.3.1/thumb/v6-m/crtn.o
                0x0000bfe8                . = ALIGN (0x4)

.vfp11_veneer   0x0000bfe8        0x0
 .vfp11_veneer  0x0000bfe8        0x0 linker stubs

.v4_bx          0x0000bfe8        0x0
 .v4_bx         0x0000bfe8        0x0 linker stubs

.iplt           0x0000bfe8        0x0
 .iplt          0x0000bfe8        0x0 c:/nxp/s32ds_arm_v2.2/s32ds/build_tools/gcc_v6.3/gcc-6.3-arm32-eabi/bin/../lib/gcc/arm-none-eabi/6.3.1/thumb/v6-m/crtbegin.o

.ARM.extab
 *(.ARM.extab* .gnu.linkonce.armextab.*)

.ARM            0x0000bfe8        0x8
                0x0000bfe8                __exidx_start = .
 *(.ARM.exidx*)
 .ARM.exidx     0x0000bfe8        0x8 C:/NXP/S32DS_ARM_v2.2/S32DS/build_tools/gcc_v6.3/gcc-6.3-arm32-eabi/arm-none-eabi/newlib/lib/thumb/v6-m/crt0.o
                0x0000bff0                __exidx_end = .

.rel.dyn        0x0000bff0        0x0
 .rel.iplt      0x0000bff0        0x0 c:/nxp/s32ds_arm_v2.2/s32ds/build_tools/gcc_v6.3/gcc-6.3-arm32-eabi/bin/../lib/gcc/arm-none-eabi/6.3.1/thumb/v6-m/crtbegin.o

.ctors          0x0000bff0        0x0
                0x0000bff0                __CTOR_LIST__ = .
 *crtbegin.o(.ctors)
 *crtbegin?.o(.ctors)
 *(EXCLUDE_FILE(*crtend.o *crtend?.o) .ctors)
 *(SORT(.ctors.*))
 *(.ctors)
                0x0000bff0                __CTOR_END__ = .

.dtors          0x0000bff0        0x0
                0x0000bff0                __DTOR_LIST__ = .
 *crtbegin.o(.dtors)
 *crtbegin?.o(.dtors)
 *(EXCLUDE_FILE(*crtend.o *crtend?.o) .dtors)
 *(SORT(.dtors.*))
 *(.dtors)
                0x0000bff0                __DTOR_END__ = .

.preinit_array  0x0000bff0        0x0
                0x0000bff0                PROVIDE (__preinit_array_start, .)
 *(.preinit_array*)
                0x0000bff0                PROVIDE (__preinit_array_end, .)

.init_array     0x0000bff0        0x8
                0x0000bff0                PROVIDE (__init_array_start, .)
 *(SORT(.init_array.*))
 .init_array.00000
                0x0000bff0        0x4 C:/NXP/S32DS_ARM_v2.2/S32DS/build_tools/gcc_v6.3/gcc-6.3-arm32-eabi/arm-none-eabi/newlib/lib/thumb/v6-m\libc.a(lib_a-__call_atexit.o)
 *(.init_array*)
 .init_array    0x0000bff4        0x4 c:/nxp/s32ds_arm_v2.2/s32ds/build_tools/gcc_v6.3/gcc-6.3-arm32-eabi/bin/../lib/gcc/arm-none-eabi/6.3.1/thumb/v6-m/crtbegin.o
                0x0000bff8                PROVIDE (__init_array_end, .)

.fini_array     0x0000bff8        0x4
                0x0000bff8                PROVIDE (__fini_array_start, .)
 *(SORT(.fini_array.*))
 *(.fini_array*)
 .fini_array    0x0000bff8        0x4 c:/nxp/s32ds_arm_v2.2/s32ds/build_tools/gcc_v6.3/gcc-6.3-arm32-eabi/bin/../lib/gcc/arm-none-eabi/6.3.1/thumb/v6-m/crtbegin.o
                0x0000bffc                PROVIDE (__fini_array_end, .)
                0x0000bffc                __etext = .
                0x0000bffc                __DATA_ROM = .

.interrupts_ram
                0x20000000       0xc0
                0x20000000                . = ALIGN (0x4)
                0x20000000                __VECTOR_RAM__ = .
                0x20000000                __RAM_START = .
                0x20000000                __interrupts_ram_start__ = .
 *(.m_interrupts_ram)
                0x200000c0                . = (. + M_VECTOR_RAM_SIZE)
 *fill*         0x20000000       0xc0 
                0x200000c0                . = ALIGN (0x4)
                0x200000c0                __interrupts_ram_end__ = .
                0x20000000                __VECTOR_RAM = DEFINED (__flash_vector_table__)?ORIGIN (m_interrupts):__VECTOR_RAM__
                0x000000c0                __RAM_VECTOR_TABLE_SIZE = DEFINED (__flash_vector_table__)?0x0:(__interrupts_ram_end__ - __interrupts_ram_start__)

.data           0x200000c0      0x59c load address 0x0000bffc
                0x200000c0                . = ALIGN (0x4)
                0x200000c0                __DATA_RAM = .
                0x200000c0                __data_start__ = .
 *(.data)
 *(.data*)
 .data.BOOT_Initial_Response
                0x200000c0        0x8 ./src/CAN_app.o
                0x200000c0                BOOT_Initial_Response
 .data.BOOT_Response1
                0x200000c8        0x8 ./src/CAN_app.o
                0x200000c8                BOOT_Response1
 .data.BOOT_Response2
                0x200000d0        0x8 ./src/CAN_app.o
                0x200000d0                BOOT_Response2
 .data.BOOT_Response3
                0x200000d8        0x8 ./src/CAN_app.o
                0x200000d8                BOOT_Response3
 .data.BOOT_Response4
                0x200000e0        0x8 ./src/CAN_app.o
                0x200000e0                BOOT_Response4
 .data.BOOT_Response5
                0x200000e8        0x8 ./src/CAN_app.o
                0x200000e8                BOOT_Response5
 .data.BOOT_Response6
                0x200000f0        0x8 ./src/CAN_app.o
                0x200000f0                BOOT_Response6
 .data.BOOT_Response7
                0x200000f8        0x8 ./src/CAN_app.o
                0x200000f8                BOOT_Response7
 .data.can_comm_state
                0x20000100        0x1 ./src/CAN_app.o
                0x20000100                can_comm_state
 *fill*         0x20000101        0x3 
 .data.gu8CSASclearcompletemem
                0x20000104        0x8 ./src/CAN_app.o
                0x20000104                gu8CSASclearcompletemem
 .data.gu8CSASdiagnosticack
                0x2000010c        0x8 ./src/CAN_app.o
                0x2000010c                gu8CSASdiagnosticack
 .data.gu8CSASendzeropoint
                0x20000114        0x8 ./src/CAN_app.o
                0x20000114                gu8CSASendzeropoint
 .data.gu8CSASresponse
                0x2000011c        0x8 ./src/CAN_app.o
                0x2000011c                gu8CSASresponse
 .data.gu8CSASresponsepending
                0x20000124        0x8 ./src/CAN_app.o
                0x20000124                gu8CSASresponsepending
 .data.gu8CSAStesterpresentack
                0x2000012c        0x8 ./src/CAN_app.o
                0x2000012c                gu8CSAStesterpresentack
 .data.clk_firc_init
                0x20000134        0x3 ./src/Clock_app.o
                0x20000134                clk_firc_init
 *fill*         0x20000137        0x1 
 .data.clk_sirc_init
                0x20000138        0x3 ./src/Clock_app.o
                0x20000138                clk_sirc_init
 *fill*         0x2000013b        0x1 
 .data.freq_firc_init
                0x2000013c       0x18 ./src/Clock_app.o
                0x2000013c                freq_firc_init
 .data.freq_sirc_init
                0x20000154       0x18 ./src/Clock_app.o
                0x20000154                freq_sirc_init
 .data.start_address
                0x2000016c        0x4 ./src/Flash.o
                0x2000016c                start_address
 .data.gpio_struct
                0x20000170       0x78 ./src/GPIO_app.o
                0x20000170                gpio_struct
 .data.pta_out  0x200001e8        0x5 ./src/GPIO_app.o
                0x200001e8                pta_out
 .data.ptb_in   0x200001ed        0x1 ./src/GPIO_app.o
                0x200001ed                ptb_in
 *fill*         0x200001ee        0x2 
 .data.ptb_out  0x200001f0        0x6 ./src/GPIO_app.o
                0x200001f0                ptb_out
 *fill*         0x200001f6        0x2 
 .data.ptc_out  0x200001f8        0x7 ./src/GPIO_app.o
                0x200001f8                ptc_out
 *fill*         0x200001ff        0x1 
 .data.ptd_out  0x20000200        0x7 ./src/GPIO_app.o
                0x20000200                ptd_out
 *fill*         0x20000207        0x1 
 .data.pte_out  0x20000208        0x2 ./src/GPIO_app.o
                0x20000208                pte_out
 .data.IsSasAngleDataValid
                0x2000020a        0x1 ./src/main.o
                0x2000020a                IsSasAngleDataValid
 *fill*         0x2000020b        0x1 
 .data.gu16ClockWiseCounterS1
                0x2000020c        0x2 ./src/main.o
                0x2000020c                gu16ClockWiseCounterS1
 .data.gu16ClockWiseCounterS2
                0x2000020e        0x2 ./src/main.o
                0x2000020e                gu16ClockWiseCounterS2
 .data.gu16CounterClockWiseCounterS1
                0x20000210        0x2 ./src/main.o
                0x20000210                gu16CounterClockWiseCounterS1
 .data.gu16CounterClockWiseCounterS2
                0x20000212        0x2 ./src/main.o
                0x20000212                gu16CounterClockWiseCounterS2
 .data.gu16phaseangleratio
                0x20000214        0x4 ./src/main.o
                0x20000214                gu16phaseangleratio
 .data.gu8CSASCanDataFrame
                0x20000218        0x8 ./src/main.o
                0x20000218                gu8CSASCanDataFrame
 .data.gu8CSASCanDataFrame_960MS
                0x20000220        0x8 ./src/main.o
                0x20000220                gu8CSASCanDataFrame_960MS
 .data.gu8CSASCanDataFrame_Anglelimit
                0x20000228        0x8 ./src/main.o
                0x20000228                gu8CSASCanDataFrame_Anglelimit
 .data.poweroff_address
                0x20000230        0x4 ./src/main.o
                0x20000230                poweroff_address
 .data.test_char_t1
                0x20000234        0x6 ./src/main.o
                0x20000234                test_char_t1
 *fill*         0x2000023a        0x6 
 .data.impure_data
                0x20000240      0x418 C:/NXP/S32DS_ARM_v2.2/S32DS/build_tools/gcc_v6.3/gcc-6.3-arm32-eabi/arm-none-eabi/newlib/lib/thumb/v6-m\libc.a(lib_a-impure.o)
 *(.jcr*)
 .jcr           0x20000658        0x0 c:/nxp/s32ds_arm_v2.2/s32ds/build_tools/gcc_v6.3/gcc-6.3-arm32-eabi/bin/../lib/gcc/arm-none-eabi/6.3.1/thumb/v6-m/crtbegin.o
 .jcr           0x20000658        0x4 c:/nxp/s32ds_arm_v2.2/s32ds/build_tools/gcc_v6.3/gcc-6.3-arm32-eabi/bin/../lib/gcc/arm-none-eabi/6.3.1/thumb/v6-m/crtend.o
                0x2000065c                . = ALIGN (0x4)
                0x2000065c                __data_end__ = .
                0x0000c598                __DATA_END = (__DATA_ROM + (__data_end__ - __data_start__))
                0x0000c598                __CODE_ROM = __DATA_END

.tm_clone_table
                0x2000065c        0x0 load address 0x0000c598
 .tm_clone_table
                0x2000065c        0x0 c:/nxp/s32ds_arm_v2.2/s32ds/build_tools/gcc_v6.3/gcc-6.3-arm32-eabi/bin/../lib/gcc/arm-none-eabi/6.3.1/thumb/v6-m/crtbegin.o
 .tm_clone_table
                0x2000065c        0x0 c:/nxp/s32ds_arm_v2.2/s32ds/build_tools/gcc_v6.3/gcc-6.3-arm32-eabi/bin/../lib/gcc/arm-none-eabi/6.3.1/thumb/v6-m/crtend.o

.igot.plt       0x2000065c        0x0 load address 0x0000c598
 .igot.plt      0x2000065c        0x0 c:/nxp/s32ds_arm_v2.2/s32ds/build_tools/gcc_v6.3/gcc-6.3-arm32-eabi/bin/../lib/gcc/arm-none-eabi/6.3.1/thumb/v6-m/crtbegin.o

.code           0x2000065c        0x0 load address 0x0000c598
                0x2000065c                . = ALIGN (0x4)
                0x2000065c                __CODE_RAM = .
                0x2000065c                __code_start__ = .
                0x2000065c                __code_ram_start__ = .
 *(.code_ram)
                0x2000065c                . = ALIGN (0x4)
                0x2000065c                __code_end__ = .
                0x2000065c                __code_ram_end__ = .
                0x0000c598                __CODE_END = (__CODE_ROM + (__code_end__ - __code_start__))
                0x0000c598                __CUSTOM_ROM = __CODE_END

.customSectionBlock
                0x200020c0        0x0 load address 0x0000c598
                0x200020c0                __customSection_start__ = .
 *(.customSection)
                0x200020c0                __customSection_end__ = .
                0x0000c598                __CUSTOM_END = (__CUSTOM_ROM + (__customSection_end__ - __customSection_start__))

.bss            0x200020c0      0x170
                0x200020c0                . = ALIGN (0x4)
                0x200020c0                __BSS_START = .
                0x200020c0                __bss_start__ = .
 *(.bss)
 .bss           0x200020c0       0x1c c:/nxp/s32ds_arm_v2.2/s32ds/build_tools/gcc_v6.3/gcc-6.3-arm32-eabi/bin/../lib/gcc/arm-none-eabi/6.3.1/thumb/v6-m/crtbegin.o
 *(.bss*)
 .bss.Boot_Enable
                0x200020dc        0x1 ./src/CAN_app.o
                0x200020dc                Boot_Enable
 .bss.Boot_Step
                0x200020dd        0x1 ./src/CAN_app.o
                0x200020dd                Boot_Step
 .bss.Cal_Stop  0x200020de        0x1 ./src/CAN_app.o
                0x200020de                Cal_Stop
 .bss.Tester_Present
                0x200020df        0x1 ./src/CAN_app.o
                0x200020df                Tester_Present
 .bss.byte0_msb
                0x200020e0        0x1 ./src/CAN_app.o
                0x200020e0                byte0_msb
 *fill*         0x200020e1        0x3 
 .bss.can_msg   0x200020e4        0x8 ./src/CAN_app.o
                0x200020e4                can_msg
 .bss.canrxid   0x200020ec        0x4 ./src/CAN_app.o
                0x200020ec                canrxid
 .bss.check_mem
                0x200020f0        0x1 ./src/CAN_app.o
                0x200020f0                check_mem
 *fill*         0x200020f1        0x3 
 .bss.clear     0x200020f4        0xc ./src/CAN_app.o
                0x200020f4                clear
 .bss.gCANMailBoxNo
                0x20002100        0x1 ./src/CAN_app.o
                0x20002100                gCANMailBoxNo
 .bss.incr      0x20002101        0x1 ./src/CAN_app.o
                0x20002101                incr
 .bss.mem_loop  0x20002102        0x1 ./src/CAN_app.o
                0x20002102                mem_loop
 .bss.one_time  0x20002103        0x1 ./src/CAN_app.o
                0x20002103                one_time
 .bss.write_cal_data
                0x20002104        0x5 ./src/CAN_app.o
                0x20002104                write_cal_data
 .bss.zero_point_set
                0x20002109        0x1 ./src/CAN_app.o
                0x20002109                zero_point_set
 *fill*         0x2000210a        0x2 
 .bss.retfreq   0x2000210c       0x18 ./src/Clock_Driver.o
                0x2000210c                retfreq
 .bss.loop      0x20002124        0x1 ./src/Flash.o
                0x20002124                loop
 *fill*         0x20002125        0x3 
 .bss.temp_addr
                0x20002128        0x4 ./src/Flash.o
                0x20002128                temp_addr
 .bss.anglelsb_data1
                0x2000212c        0x1 ./src/lpi2c.o
                0x2000212c                anglelsb_data1
 .bss.anglelsb_data2
                0x2000212d        0x1 ./src/lpi2c.o
                0x2000212d                anglelsb_data2
 .bss.anglemsb_data1
                0x2000212e        0x1 ./src/lpi2c.o
                0x2000212e                anglemsb_data1
 .bss.anglemsb_data2
                0x2000212f        0x1 ./src/lpi2c.o
                0x2000212f                anglemsb_data2
 .bss.cur_channel
                0x20002130        0x1 ./src/lpi2c.o
                0x20002130                cur_channel
 .bss.cur_tx_fifo_cnt
                0x20002131        0x1 ./src/lpi2c.o
                0x20002131                cur_tx_fifo_cnt
 .bss.error     0x20002132        0x1 ./src/lpi2c.o
                0x20002132                error
 .bss.i2c_state
                0x20002133        0x1 ./src/lpi2c.o
                0x20002133                i2c_state
 .bss.u8RegMuxSelect
                0x20002134        0x1 ./src/lpi2c.o
                0x20002134                u8RegMuxSelect
 .bss.u8RegReadValMagPresent
                0x20002135        0x1 ./src/lpi2c.o
                0x20002135                u8RegReadValMagPresent
 *fill*         0x20002136        0x2 
 .bss.ADC_Output
                0x20002138        0x4 ./src/main.o
                0x20002138                ADC_Output
 .bss.AngleDataCAN
                0x2000213c        0x2 ./src/main.o
                0x2000213c                AngleDataCAN
 *fill*         0x2000213e        0x2 
 .bss.BattVoltage
                0x20002140        0x4 ./src/main.o
                0x20002140                BattVoltage
 .bss.CalOk     0x20002144        0x1 ./src/main.o
                0x20002144                CalOk
 .bss.Count_100ms_Reg
                0x20002145        0x1 ./src/main.o
                0x20002145                Count_100ms_Reg
 .bss.Count_10ms_Reg
                0x20002146        0x1 ./src/main.o
                0x20002146                Count_10ms_Reg
 .bss.Count_1ms_Reg
                0x20002147        0x1 ./src/main.o
                0x20002147                Count_1ms_Reg
 .bss.Count_1sec_Reg
                0x20002148        0x1 ./src/main.o
                0x20002148                Count_1sec_Reg
 .bss.Count_20ms_Reg
                0x20002149        0x1 ./src/main.o
                0x20002149                Count_20ms_Reg
 .bss.F_CalOk   0x2000214a        0x1 ./src/main.o
                0x2000214a                F_CalOk
 .bss.IsCalibarationComp
                0x2000214b        0x1 ./src/main.o
                0x2000214b                IsCalibarationComp
 .bss.IsSasAngleExceed
                0x2000214c        0x1 ./src/main.o
                0x2000214c                IsSasAngleExceed
 .bss.IsSasAngleoutphase
                0x2000214d        0x1 ./src/main.o
                0x2000214d                IsSasAngleoutphase
 .bss.IsSasHardFault
                0x2000214e        0x1 ./src/main.o
                0x2000214e                IsSasHardFault
 *fill*         0x2000214f        0x1 
 .bss.TempVar   0x20002150        0x2 ./src/main.o
                0x20002150                TempVar
 *fill*         0x20002152        0x2 
 .bss.TempVar_1
                0x20002154        0x4 ./src/main.o
                0x20002154                TempVar_1
 .bss.Temp_State
                0x20002158        0x1 ./src/main.o
                0x20002158                Temp_State
 *fill*         0x20002159        0x3 
 .bss.Temp_angle
                0x2000215c        0x4 ./src/main.o
                0x2000215c                Temp_angle
 .bss.cal_stuck
                0x20002160        0x1 ./src/main.o
                0x20002160                cal_stuck
 .bss.decrement_flag
                0x20002161        0x1 ./src/main.o
                0x20002161                decrement_flag
 .bss.difference
                0x20002162        0x2 ./src/main.o
                0x20002162                difference
 .bss.dorman_flag
                0x20002164        0x1 ./src/main.o
                0x20002164                dorman_flag
 .bss.flag_anticlockwise
                0x20002165        0x1 ./src/main.o
                0x20002165                flag_anticlockwise
 .bss.flag_clockwise
                0x20002166        0x1 ./src/main.o
                0x20002166                flag_clockwise
 *fill*         0x20002167        0x1 
 .bss.flash_array
                0x20002168        0xc ./src/main.o
                0x20002168                flash_array
 .bss.flash_struct_data
                0x20002174       0x10 ./src/main.o
                0x20002174                flash_struct_data
 .bss.gu16AHFromS1
                0x20002184        0x4 ./src/main.o
                0x20002184                gu16AHFromS1
 .bss.gu16AHFromS2
                0x20002188        0x4 ./src/main.o
                0x20002188                gu16AHFromS2
 .bss.gu16AS5600s1Angle
                0x2000218c        0x2 ./src/main.o
                0x2000218c                gu16AS5600s1Angle
 .bss.gu16AS5600s2Angle
                0x2000218e        0x2 ./src/main.o
                0x2000218e                gu16AS5600s2Angle
 .bss.gu16AbsAngleS1
                0x20002190        0x4 ./src/main.o
                0x20002190                gu16AbsAngleS1
 .bss.gu16AbsAngleS2
                0x20002194        0x4 ./src/main.o
                0x20002194                gu16AbsAngleS2
 .bss.gu16CCWAngleS1
                0x20002198        0x4 ./src/main.o
                0x20002198                gu16CCWAngleS1
 .bss.gu16CCWAngleS2
                0x2000219c        0x4 ./src/main.o
                0x2000219c                gu16CCWAngleS2
 .bss.gu16CWAngleS1
                0x200021a0        0x4 ./src/main.o
                0x200021a0                gu16CWAngleS1
 .bss.gu16CWAngleS2
                0x200021a4        0x4 ./src/main.o
                0x200021a4                gu16CWAngleS2
 .bss.gu16CounterValue
                0x200021a8        0x2 ./src/main.o
 .bss.gu16CurrentAngleData1
                0x200021aa        0x2 ./src/main.o
                0x200021aa                gu16CurrentAngleData1
 .bss.gu16CurrentAngleData1_phase
                0x200021ac        0x2 ./src/main.o
                0x200021ac                gu16CurrentAngleData1_phase
 .bss.gu16CurrentAngleData2
                0x200021ae        0x2 ./src/main.o
                0x200021ae                gu16CurrentAngleData2
 .bss.gu16CurrentAngleData2_phase
                0x200021b0        0x2 ./src/main.o
                0x200021b0                gu16CurrentAngleData2_phase
 *fill*         0x200021b2        0x2 
 .bss.gu16FinalSasAngle
                0x200021b4        0x4 ./src/main.o
                0x200021b4                gu16FinalSasAngle
 .bss.gu16PreviousAngleData1
                0x200021b8        0x2 ./src/main.o
                0x200021b8                gu16PreviousAngleData1
 .bss.gu16PreviousAngleData1_phase
                0x200021ba        0x2 ./src/main.o
                0x200021ba                gu16PreviousAngleData1_phase
 .bss.gu16PreviousAngleData2
                0x200021bc        0x2 ./src/main.o
                0x200021bc                gu16PreviousAngleData2
 .bss.gu16PreviousAngleData2_phase
                0x200021be        0x2 ./src/main.o
                0x200021be                gu16PreviousAngleData2_phase
 .bss.gu16RevCntS1
                0x200021c0        0x2 ./src/main.o
                0x200021c0                gu16RevCntS1
 .bss.gu16RevCntS2
                0x200021c2        0x2 ./src/main.o
                0x200021c2                gu16RevCntS2
 .bss.gu16TempVar
                0x200021c4        0x2 ./src/main.o
                0x200021c4                gu16TempVar
 .bss.gu16ZeroPositionS1
                0x200021c6        0x2 ./src/main.o
                0x200021c6                gu16ZeroPositionS1
 .bss.gu16ZeroPositionS2
                0x200021c8        0x2 ./src/main.o
                0x200021c8                gu16ZeroPositionS2
 *fill*         0x200021ca        0x2 
 .bss.gu8CSASCanDataFrame_1Sec
                0x200021cc        0x1 ./src/main.o
                0x200021cc                gu8CSASCanDataFrame_1Sec
 .bss.gu8STDIDbit
                0x200021cd        0x1 ./src/main.o
                0x200021cd                gu8STDIDbit
 .bss.gu8STSnibble
                0x200021ce        0x1 ./src/main.o
                0x200021ce                gu8STSnibble
 .bss.gu8increment_value
                0x200021cf        0x1 ./src/main.o
                0x200021cf                gu8increment_value
 .bss.isFlagCCWS1
                0x200021d0        0x1 ./src/main.o
                0x200021d0                isFlagCCWS1
 .bss.isFlagCCWS2
                0x200021d1        0x1 ./src/main.o
                0x200021d1                isFlagCCWS2
 .bss.isFlagCWS1
                0x200021d2        0x1 ./src/main.o
                0x200021d2                isFlagCWS1
 .bss.isFlagCWS2
                0x200021d3        0x1 ./src/main.o
                0x200021d3                isFlagCWS2
 .bss.isFlagpoweroff
                0x200021d4        0x1 ./src/main.o
                0x200021d4                isFlagpoweroff
 .bss.isFlagpoweroff_1
                0x200021d5        0x1 ./src/main.o
                0x200021d5                isFlagpoweroff_1
 .bss.isMovedS1
                0x200021d6        0x1 ./src/main.o
                0x200021d6                isMovedS1
 .bss.isMovedS2
                0x200021d7        0x1 ./src/main.o
                0x200021d7                isMovedS2
 .bss.phase_check
                0x200021d8        0x1 ./src/main.o
                0x200021d8                phase_check
 *fill*         0x200021d9        0x3 
 .bss.speed     0x200021dc        0x4 ./src/main.o
                0x200021dc                speed
 .bss.velocity  0x200021e0        0x2 ./src/main.o
                0x200021e0                velocity
 *(COMMON)
 *fill*         0x200021e2        0x2 
 COMMON         0x200021e4        0xc ./src/CAN_app.o
                0x200021e4                byte1_msb
                0x200021e8                RxBuff
 COMMON         0x200021f0       0x19 ./src/FlexCAN.o
                0x200021f0                RxDATA
                0x200021f8                RxID
                0x200021fc                RxLENGTH
                0x20002200                RxCODE
                0x20002204                RxTIMESTAMP
                0x20002208                RxIDType
 *fill*         0x20002209        0x3 
 COMMON         0x2000220c       0x24 ./src/main.o
                0x2000220c                err_3
                0x20002210                address
                0x20002214                Destination_Buff
                0x2000221e                err_1
                0x2000221f                err_4
                0x20002220                err_0
                0x20002221                err_5
                0x20002222                err_2
                0x20002224                EE_BL_Byte
                0x20002229                err_6
                0x2000222a                ready
                0x2000222c                Flag
                0x20002230                . = ALIGN (0x4)
                0x20002230                __bss_end__ = .
                0x20002230                __BSS_END = .

.heap           0x20002230      0x200
                0x20002230                . = ALIGN (0x8)
                0x20002230                __end__ = .
                0x20002230                __heap_start__ = .
                [!provide]                PROVIDE (end, .)
                [!provide]                PROVIDE (_end, .)
                [!provide]                PROVIDE (__end, .)
                0x20002230                __HeapBase = .
                0x20002430                . = (. + HEAP_SIZE)
 *fill*         0x20002230      0x200 
                0x20002430                __HeapLimit = .
                0x20002430                __heap_limit = .
                0x20002430                __heap_end__ = .
                0x20003800                __StackTop = (ORIGIN (m_data_2) + LENGTH (m_data_2))
                0x20003600                __StackLimit = (__StackTop - STACK_SIZE)
                0x20003800                PROVIDE (__stack, __StackTop)
                0x20003800                __RAM_END = __StackTop

.stack          0x20003600      0x200
                0x20003600                . = ALIGN (0x8)
                0x20003600                __stack_start__ = .
                0x20003800                . = (. + STACK_SIZE)
 *fill*         0x20003600      0x200 
                0x20003800                __stack_end__ = .
                0x200020c0                __START_BSS = __BSS_START
                0x20002230                __END_BSS = __BSS_END
                0x20003800                __SP_INIT = __StackTop

.ARM.attributes
                0x00000000       0x28
 *(.ARM.attributes)
 .ARM.attributes
                0x00000000       0x1e c:/nxp/s32ds_arm_v2.2/s32ds/build_tools/gcc_v6.3/gcc-6.3-arm32-eabi/bin/../lib/gcc/arm-none-eabi/6.3.1/thumb/v6-m/crti.o
 .ARM.attributes
                0x0000001e       0x2c c:/nxp/s32ds_arm_v2.2/s32ds/build_tools/gcc_v6.3/gcc-6.3-arm32-eabi/bin/../lib/gcc/arm-none-eabi/6.3.1/thumb/v6-m/crtbegin.o
 .ARM.attributes
                0x0000004a       0x1b C:/NXP/S32DS_ARM_v2.2/S32DS/build_tools/gcc_v6.3/gcc-6.3-arm32-eabi/arm-none-eabi/newlib/lib/thumb/v6-m/crt0.o
 .ARM.attributes
                0x00000065       0x32 ./Project_Settings/Startup_Code/startup.o
 .ARM.attributes
                0x00000097       0x1b ./Project_Settings/Startup_Code/startup_S32K116.o
 .ARM.attributes
                0x000000b2       0x32 ./Project_Settings/Startup_Code/system_S32K116.o
 .ARM.attributes
                0x000000e4       0x32 ./src/AppSAS.o
 .ARM.attributes
                0x00000116       0x32 ./src/CAN_app.o
 .ARM.attributes
                0x00000148       0x32 ./src/Clock_Driver.o
 .ARM.attributes
                0x0000017a       0x32 ./src/Clock_app.o
 .ARM.attributes
                0x000001ac       0x32 ./src/Flash.o
 .ARM.attributes
                0x000001de       0x32 ./src/FlexCAN.o
 .ARM.attributes
                0x00000210       0x32 ./src/GPIO_Driver.o
 .ARM.attributes
                0x00000242       0x32 ./src/GPIO_app.o
 .ARM.attributes
                0x00000274       0x32 ./src/PWRMode_Driver.o
 .ARM.attributes
                0x000002a6       0x32 ./src/analog_sense.o
 .ARM.attributes
                0x000002d8       0x32 ./src/lpi2c.o
 .ARM.attributes
                0x0000030a       0x32 ./src/lptmr.o
 .ARM.attributes
                0x0000033c       0x32 ./src/main.o
 .ARM.attributes
                0x0000036e       0x32 ./src/watchdog_driver.o
 .ARM.attributes
                0x000003a0       0x1e c:/nxp/s32ds_arm_v2.2/s32ds/build_tools/gcc_v6.3/gcc-6.3-arm32-eabi/bin/../lib/gcc/arm-none-eabi/6.3.1/thumb/v6-m\libgcc.a(_udivsi3.o)
 .ARM.attributes
                0x000003be       0x1e c:/nxp/s32ds_arm_v2.2/s32ds/build_tools/gcc_v6.3/gcc-6.3-arm32-eabi/bin/../lib/gcc/arm-none-eabi/6.3.1/thumb/v6-m\libgcc.a(_dvmd_tls.o)
 .ARM.attributes
                0x000003dc       0x1e c:/nxp/s32ds_arm_v2.2/s32ds/build_tools/gcc_v6.3/gcc-6.3-arm32-eabi/bin/../lib/gcc/arm-none-eabi/6.3.1/thumb/v6-m\libgcc.a(_arm_cmpdf2.o)
 .ARM.attributes
                0x000003fa       0x1e c:/nxp/s32ds_arm_v2.2/s32ds/build_tools/gcc_v6.3/gcc-6.3-arm32-eabi/bin/../lib/gcc/arm-none-eabi/6.3.1/thumb/v6-m\libgcc.a(_arm_cmpsf2.o)
 .ARM.attributes
                0x00000418       0x2c c:/nxp/s32ds_arm_v2.2/s32ds/build_tools/gcc_v6.3/gcc-6.3-arm32-eabi/bin/../lib/gcc/arm-none-eabi/6.3.1/thumb/v6-m\libgcc.a(_fixunssfsi.o)
 .ARM.attributes
                0x00000444       0x2c c:/nxp/s32ds_arm_v2.2/s32ds/build_tools/gcc_v6.3/gcc-6.3-arm32-eabi/bin/../lib/gcc/arm-none-eabi/6.3.1/thumb/v6-m\libgcc.a(_fixunsdfsi.o)
 .ARM.attributes
                0x00000470       0x2c c:/nxp/s32ds_arm_v2.2/s32ds/build_tools/gcc_v6.3/gcc-6.3-arm32-eabi/bin/../lib/gcc/arm-none-eabi/6.3.1/thumb/v6-m\libgcc.a(addsf3.o)
 .ARM.attributes
                0x0000049c       0x2c c:/nxp/s32ds_arm_v2.2/s32ds/build_tools/gcc_v6.3/gcc-6.3-arm32-eabi/bin/../lib/gcc/arm-none-eabi/6.3.1/thumb/v6-m\libgcc.a(divsf3.o)
 .ARM.attributes
                0x000004c8       0x2c c:/nxp/s32ds_arm_v2.2/s32ds/build_tools/gcc_v6.3/gcc-6.3-arm32-eabi/bin/../lib/gcc/arm-none-eabi/6.3.1/thumb/v6-m\libgcc.a(eqsf2.o)
 .ARM.attributes
                0x000004f4       0x2c c:/nxp/s32ds_arm_v2.2/s32ds/build_tools/gcc_v6.3/gcc-6.3-arm32-eabi/bin/../lib/gcc/arm-none-eabi/6.3.1/thumb/v6-m\libgcc.a(gesf2.o)
 .ARM.attributes
                0x00000520       0x2c c:/nxp/s32ds_arm_v2.2/s32ds/build_tools/gcc_v6.3/gcc-6.3-arm32-eabi/bin/../lib/gcc/arm-none-eabi/6.3.1/thumb/v6-m\libgcc.a(lesf2.o)
 .ARM.attributes
                0x0000054c       0x2c c:/nxp/s32ds_arm_v2.2/s32ds/build_tools/gcc_v6.3/gcc-6.3-arm32-eabi/bin/../lib/gcc/arm-none-eabi/6.3.1/thumb/v6-m\libgcc.a(mulsf3.o)
 .ARM.attributes
                0x00000578       0x2c c:/nxp/s32ds_arm_v2.2/s32ds/build_tools/gcc_v6.3/gcc-6.3-arm32-eabi/bin/../lib/gcc/arm-none-eabi/6.3.1/thumb/v6-m\libgcc.a(subsf3.o)
 .ARM.attributes
                0x000005a4       0x2c c:/nxp/s32ds_arm_v2.2/s32ds/build_tools/gcc_v6.3/gcc-6.3-arm32-eabi/bin/../lib/gcc/arm-none-eabi/6.3.1/thumb/v6-m\libgcc.a(fixsfsi.o)
 .ARM.attributes
                0x000005d0       0x2c c:/nxp/s32ds_arm_v2.2/s32ds/build_tools/gcc_v6.3/gcc-6.3-arm32-eabi/bin/../lib/gcc/arm-none-eabi/6.3.1/thumb/v6-m\libgcc.a(floatsisf.o)
 .ARM.attributes
                0x000005fc       0x2c c:/nxp/s32ds_arm_v2.2/s32ds/build_tools/gcc_v6.3/gcc-6.3-arm32-eabi/bin/../lib/gcc/arm-none-eabi/6.3.1/thumb/v6-m\libgcc.a(floatunsisf.o)
 .ARM.attributes
                0x00000628       0x2c c:/nxp/s32ds_arm_v2.2/s32ds/build_tools/gcc_v6.3/gcc-6.3-arm32-eabi/bin/../lib/gcc/arm-none-eabi/6.3.1/thumb/v6-m\libgcc.a(divdf3.o)
 .ARM.attributes
                0x00000654       0x2c c:/nxp/s32ds_arm_v2.2/s32ds/build_tools/gcc_v6.3/gcc-6.3-arm32-eabi/bin/../lib/gcc/arm-none-eabi/6.3.1/thumb/v6-m\libgcc.a(eqdf2.o)
 .ARM.attributes
                0x00000680       0x2c c:/nxp/s32ds_arm_v2.2/s32ds/build_tools/gcc_v6.3/gcc-6.3-arm32-eabi/bin/../lib/gcc/arm-none-eabi/6.3.1/thumb/v6-m\libgcc.a(gedf2.o)
 .ARM.attributes
                0x000006ac       0x2c c:/nxp/s32ds_arm_v2.2/s32ds/build_tools/gcc_v6.3/gcc-6.3-arm32-eabi/bin/../lib/gcc/arm-none-eabi/6.3.1/thumb/v6-m\libgcc.a(ledf2.o)
 .ARM.attributes
                0x000006d8       0x2c c:/nxp/s32ds_arm_v2.2/s32ds/build_tools/gcc_v6.3/gcc-6.3-arm32-eabi/bin/../lib/gcc/arm-none-eabi/6.3.1/thumb/v6-m\libgcc.a(muldf3.o)
 .ARM.attributes
                0x00000704       0x2c c:/nxp/s32ds_arm_v2.2/s32ds/build_tools/gcc_v6.3/gcc-6.3-arm32-eabi/bin/../lib/gcc/arm-none-eabi/6.3.1/thumb/v6-m\libgcc.a(subdf3.o)
 .ARM.attributes
                0x00000730       0x2c c:/nxp/s32ds_arm_v2.2/s32ds/build_tools/gcc_v6.3/gcc-6.3-arm32-eabi/bin/../lib/gcc/arm-none-eabi/6.3.1/thumb/v6-m\libgcc.a(fixdfsi.o)
 .ARM.attributes
                0x0000075c       0x2c c:/nxp/s32ds_arm_v2.2/s32ds/build_tools/gcc_v6.3/gcc-6.3-arm32-eabi/bin/../lib/gcc/arm-none-eabi/6.3.1/thumb/v6-m\libgcc.a(floatsidf.o)
 .ARM.attributes
                0x00000788       0x2c c:/nxp/s32ds_arm_v2.2/s32ds/build_tools/gcc_v6.3/gcc-6.3-arm32-eabi/bin/../lib/gcc/arm-none-eabi/6.3.1/thumb/v6-m\libgcc.a(extendsfdf2.o)
 .ARM.attributes
                0x000007b4       0x2c c:/nxp/s32ds_arm_v2.2/s32ds/build_tools/gcc_v6.3/gcc-6.3-arm32-eabi/bin/../lib/gcc/arm-none-eabi/6.3.1/thumb/v6-m\libgcc.a(truncdfsf2.o)
 .ARM.attributes
                0x000007e0       0x1e c:/nxp/s32ds_arm_v2.2/s32ds/build_tools/gcc_v6.3/gcc-6.3-arm32-eabi/bin/../lib/gcc/arm-none-eabi/6.3.1/thumb/v6-m\libgcc.a(_clzsi2.o)
 .ARM.attributes
                0x000007fe       0x2c C:/NXP/S32DS_ARM_v2.2/S32DS/build_tools/gcc_v6.3/gcc-6.3-arm32-eabi/arm-none-eabi/newlib/lib/thumb/v6-m\libc.a(lib_a-exit.o)
 .ARM.attributes
                0x0000082a       0x2c C:/NXP/S32DS_ARM_v2.2/S32DS/build_tools/gcc_v6.3/gcc-6.3-arm32-eabi/arm-none-eabi/newlib/lib/thumb/v6-m\libc.a(lib_a-impure.o)
 .ARM.attributes
                0x00000856       0x2c C:/NXP/S32DS_ARM_v2.2/S32DS/build_tools/gcc_v6.3/gcc-6.3-arm32-eabi/arm-none-eabi/newlib/lib/thumb/v6-m\libc.a(lib_a-init.o)
 .ARM.attributes
                0x00000882       0x2c C:/NXP/S32DS_ARM_v2.2/S32DS/build_tools/gcc_v6.3/gcc-6.3-arm32-eabi/arm-none-eabi/newlib/lib/thumb/v6-m\libc.a(lib_a-memcpy-stub.o)
 .ARM.attributes
                0x000008ae       0x2c C:/NXP/S32DS_ARM_v2.2/S32DS/build_tools/gcc_v6.3/gcc-6.3-arm32-eabi/arm-none-eabi/newlib/lib/thumb/v6-m\libc.a(lib_a-memset.o)
 .ARM.attributes
                0x000008da       0x2c C:/NXP/S32DS_ARM_v2.2/S32DS/build_tools/gcc_v6.3/gcc-6.3-arm32-eabi/arm-none-eabi/newlib/lib/thumb/v6-m\libc.a(lib_a-__call_atexit.o)
 .ARM.attributes
                0x00000906       0x2c C:/NXP/S32DS_ARM_v2.2/S32DS/build_tools/gcc_v6.3/gcc-6.3-arm32-eabi/arm-none-eabi/newlib/lib/thumb/v6-m\libc.a(lib_a-fini.o)
 .ARM.attributes
                0x00000932       0x2c C:/NXP/S32DS_ARM_v2.2/S32DS/build_tools/gcc_v6.3/gcc-6.3-arm32-eabi/arm-none-eabi/newlib/lib/thumb/v6-m\libc.a(lib_a-atexit.o)
 .ARM.attributes
                0x0000095e       0x2c C:/NXP/S32DS_ARM_v2.2/S32DS/build_tools/gcc_v6.3/gcc-6.3-arm32-eabi/arm-none-eabi/newlib/lib/thumb/v6-m\libc.a(lib_a-__atexit.o)
 .ARM.attributes
                0x0000098a       0x2c C:/NXP/S32DS_ARM_v2.2/S32DS/build_tools/gcc_v6.3/gcc-6.3-arm32-eabi/arm-none-eabi/newlib/lib/thumb/v6-m\libnosys.a(_exit.o)
 .ARM.attributes
                0x000009b6       0x2c c:/nxp/s32ds_arm_v2.2/s32ds/build_tools/gcc_v6.3/gcc-6.3-arm32-eabi/bin/../lib/gcc/arm-none-eabi/6.3.1/thumb/v6-m/crtend.o
 .ARM.attributes
                0x000009e2       0x1e c:/nxp/s32ds_arm_v2.2/s32ds/build_tools/gcc_v6.3/gcc-6.3-arm32-eabi/bin/../lib/gcc/arm-none-eabi/6.3.1/thumb/v6-m/crtn.o
                0x00000001                ASSERT ((__StackLimit >= __HeapLimit), region m_data_2 overflowed with stack and heap)
OUTPUT(E168-0011-SAS.elf elf32-littlearm)

.comment        0x00000000       0xa0
 .comment       0x00000000       0xa0 c:/nxp/s32ds_arm_v2.2/s32ds/build_tools/gcc_v6.3/gcc-6.3-arm32-eabi/bin/../lib/gcc/arm-none-eabi/6.3.1/thumb/v6-m/crtbegin.o
                                 0xa1 (size before relaxing)
 .comment       0x000000a0       0xa1 ./Project_Settings/Startup_Code/startup.o
 .comment       0x000000a0       0xa1 ./Project_Settings/Startup_Code/system_S32K116.o
 .comment       0x000000a0       0xa1 ./src/AppSAS.o
 .comment       0x000000a0       0xa1 ./src/CAN_app.o
 .comment       0x000000a0       0xa1 ./src/Clock_Driver.o
 .comment       0x000000a0       0xa1 ./src/Clock_app.o
 .comment       0x000000a0       0xa1 ./src/Flash.o
 .comment       0x000000a0       0xa1 ./src/FlexCAN.o
 .comment       0x000000a0       0xa1 ./src/GPIO_Driver.o
 .comment       0x000000a0       0xa1 ./src/GPIO_app.o
 .comment       0x000000a0       0xa1 ./src/PWRMode_Driver.o
 .comment       0x000000a0       0xa1 ./src/analog_sense.o
 .comment       0x000000a0       0xa1 ./src/lpi2c.o
 .comment       0x000000a0       0xa1 ./src/lptmr.o
 .comment       0x000000a0       0xa1 ./src/main.o
 .comment       0x000000a0       0xa1 ./src/watchdog_driver.o
 .comment       0x000000a0       0xa1 c:/nxp/s32ds_arm_v2.2/s32ds/build_tools/gcc_v6.3/gcc-6.3-arm32-eabi/bin/../lib/gcc/arm-none-eabi/6.3.1/thumb/v6-m/crtend.o

.debug_info     0x00000000    0x12952
 .debug_info    0x00000000      0x299 ./Project_Settings/Startup_Code/startup.o
 .debug_info    0x00000299       0x26 ./Project_Settings/Startup_Code/startup_S32K116.o
 .debug_info    0x000002bf      0x3f7 ./Project_Settings/Startup_Code/system_S32K116.o
 .debug_info    0x000006b6     0x1706 ./src/AppSAS.o
 .debug_info    0x00001dbc     0x170a ./src/CAN_app.o
 .debug_info    0x000034c6     0x19d7 ./src/Clock_Driver.o
 .debug_info    0x00004e9d     0x10c4 ./src/Clock_app.o
 .debug_info    0x00005f61     0x1213 ./src/Flash.o
 .debug_info    0x00007174     0x17d1 ./src/FlexCAN.o
 .debug_info    0x00008945     0x14ea ./src/GPIO_Driver.o
 .debug_info    0x00009e2f     0x1679 ./src/GPIO_app.o
 .debug_info    0x0000b4a8     0x155f ./src/PWRMode_Driver.o
 .debug_info    0x0000ca07      0x332 ./src/analog_sense.o
 .debug_info    0x0000cd39     0x172e ./src/lpi2c.o
 .debug_info    0x0000e467     0x10ba ./src/lptmr.o
 .debug_info    0x0000f521     0x23fc ./src/main.o
 .debug_info    0x0001191d     0x1035 ./src/watchdog_driver.o

.debug_abbrev   0x00000000     0x252a
 .debug_abbrev  0x00000000       0xe3 ./Project_Settings/Startup_Code/startup.o
 .debug_abbrev  0x000000e3       0x14 ./Project_Settings/Startup_Code/startup_S32K116.o
 .debug_abbrev  0x000000f7      0x14e ./Project_Settings/Startup_Code/system_S32K116.o
 .debug_abbrev  0x00000245      0x272 ./src/AppSAS.o
 .debug_abbrev  0x000004b7      0x2b2 ./src/CAN_app.o
 .debug_abbrev  0x00000769      0x3a0 ./src/Clock_Driver.o
 .debug_abbrev  0x00000b09      0x1e9 ./src/Clock_app.o
 .debug_abbrev  0x00000cf2      0x265 ./src/Flash.o
 .debug_abbrev  0x00000f57      0x28f ./src/FlexCAN.o
 .debug_abbrev  0x000011e6      0x290 ./src/GPIO_Driver.o
 .debug_abbrev  0x00001476      0x220 ./src/GPIO_app.o
 .debug_abbrev  0x00001696      0x28c ./src/PWRMode_Driver.o
 .debug_abbrev  0x00001922       0xf1 ./src/analog_sense.o
 .debug_abbrev  0x00001a13      0x348 ./src/lpi2c.o
 .debug_abbrev  0x00001d5b      0x213 ./src/lptmr.o
 .debug_abbrev  0x00001f6e      0x39b ./src/main.o
 .debug_abbrev  0x00002309      0x221 ./src/watchdog_driver.o

.debug_loc      0x00000000     0x34dc
 .debug_loc     0x00000000       0x32 ./Project_Settings/Startup_Code/startup.o
 .debug_loc     0x00000032       0xc0 ./Project_Settings/Startup_Code/system_S32K116.o
 .debug_loc     0x000000f2       0x21 ./src/AppSAS.o
 .debug_loc     0x00000113       0xc5 ./src/CAN_app.o
 .debug_loc     0x000001d8     0x2032 ./src/Clock_Driver.o
 .debug_loc     0x0000220a      0x12d ./src/Flash.o
 .debug_loc     0x00002337      0x21f ./src/FlexCAN.o
 .debug_loc     0x00002556      0x2b6 ./src/GPIO_Driver.o
 .debug_loc     0x0000280c       0x40 ./src/PWRMode_Driver.o
 .debug_loc     0x0000284c       0xd1 ./src/analog_sense.o
 .debug_loc     0x0000291d      0x3d1 ./src/lpi2c.o
 .debug_loc     0x00002cee      0x7cd ./src/main.o
 .debug_loc     0x000034bb       0x21 ./src/watchdog_driver.o

.debug_aranges  0x00000000      0x4f8
 .debug_aranges
                0x00000000       0x20 ./Project_Settings/Startup_Code/startup.o
 .debug_aranges
                0x00000020       0x20 ./Project_Settings/Startup_Code/startup_S32K116.o
 .debug_aranges
                0x00000040       0x30 ./Project_Settings/Startup_Code/system_S32K116.o
 .debug_aranges
                0x00000070       0x38 ./src/AppSAS.o
 .debug_aranges
                0x000000a8       0x40 ./src/CAN_app.o
 .debug_aranges
                0x000000e8       0x70 ./src/Clock_Driver.o
 .debug_aranges
                0x00000158       0x20 ./src/Clock_app.o
 .debug_aranges
                0x00000178       0x48 ./src/Flash.o
 .debug_aranges
                0x000001c0       0x48 ./src/FlexCAN.o
 .debug_aranges
                0x00000208       0x88 ./src/GPIO_Driver.o
 .debug_aranges
                0x00000290       0x28 ./src/GPIO_app.o
 .debug_aranges
                0x000002b8       0x50 ./src/PWRMode_Driver.o
 .debug_aranges
                0x00000308       0x28 ./src/analog_sense.o
 .debug_aranges
                0x00000330       0x88 ./src/lpi2c.o
 .debug_aranges
                0x000003b8       0x38 ./src/lptmr.o
 .debug_aranges
                0x000003f0       0xd0 ./src/main.o
 .debug_aranges
                0x000004c0       0x38 ./src/watchdog_driver.o

.debug_ranges   0x00000000      0x3d8
 .debug_ranges  0x00000000       0x10 ./Project_Settings/Startup_Code/startup.o
 .debug_ranges  0x00000010       0x20 ./Project_Settings/Startup_Code/system_S32K116.o
 .debug_ranges  0x00000030       0x28 ./src/AppSAS.o
 .debug_ranges  0x00000058       0x30 ./src/CAN_app.o
 .debug_ranges  0x00000088       0x60 ./src/Clock_Driver.o
 .debug_ranges  0x000000e8       0x10 ./src/Clock_app.o
 .debug_ranges  0x000000f8       0x38 ./src/Flash.o
 .debug_ranges  0x00000130       0x38 ./src/FlexCAN.o
 .debug_ranges  0x00000168       0x78 ./src/GPIO_Driver.o
 .debug_ranges  0x000001e0       0x18 ./src/GPIO_app.o
 .debug_ranges  0x000001f8       0x40 ./src/PWRMode_Driver.o
 .debug_ranges  0x00000238       0x18 ./src/analog_sense.o
 .debug_ranges  0x00000250       0x78 ./src/lpi2c.o
 .debug_ranges  0x000002c8       0x28 ./src/lptmr.o
 .debug_ranges  0x000002f0       0xc0 ./src/main.o
 .debug_ranges  0x000003b0       0x28 ./src/watchdog_driver.o

.debug_macro    0x00000000    0x1dd8d
 .debug_macro   0x00000000       0xaf ./Project_Settings/Startup_Code/startup.o
 .debug_macro   0x000000af      0x8bc ./Project_Settings/Startup_Code/startup.o
 .debug_macro   0x0000096b       0x22 ./Project_Settings/Startup_Code/startup.o
 .debug_macro   0x0000098d       0x87 ./Project_Settings/Startup_Code/startup.o
 .debug_macro   0x00000a14       0x51 ./Project_Settings/Startup_Code/startup.o
 .debug_macro   0x00000a65       0xef ./Project_Settings/Startup_Code/startup.o
 .debug_macro   0x00000b54       0x6a ./Project_Settings/Startup_Code/startup.o
 .debug_macro   0x00000bbe      0x1df ./Project_Settings/Startup_Code/startup.o
 .debug_macro   0x00000d9d       0x10 ./Project_Settings/Startup_Code/startup.o
 .debug_macro   0x00000dad       0x73 ./Project_Settings/Startup_Code/startup.o
 .debug_macro   0x00000e20     0xc7e8 ./Project_Settings/Startup_Code/startup.o
 .debug_macro   0x0000d608      0x9bd ./Project_Settings/Startup_Code/startup.o
 .debug_macro   0x0000dfc5       0x22 ./Project_Settings/Startup_Code/startup.o
 .debug_macro   0x0000dfe7       0x40 ./Project_Settings/Startup_Code/startup.o
 .debug_macro   0x0000e027       0xae ./Project_Settings/Startup_Code/system_S32K116.o
 .debug_macro   0x0000e0d5       0x16 ./Project_Settings/Startup_Code/system_S32K116.o
 .debug_macro   0x0000e0eb     0xc7d6 ./Project_Settings/Startup_Code/system_S32K116.o
 .debug_macro   0x0001a8c1       0x22 ./Project_Settings/Startup_Code/system_S32K116.o
 .debug_macro   0x0001a8e3      0x2dd ./src/AppSAS.o
 .debug_macro   0x0001abc0       0x1c ./src/AppSAS.o
 .debug_macro   0x0001abdc       0x22 ./src/AppSAS.o
 .debug_macro   0x0001abfe       0x34 ./src/AppSAS.o
 .debug_macro   0x0001ac32       0x52 ./src/AppSAS.o
 .debug_macro   0x0001ac84       0x3c ./src/AppSAS.o
 .debug_macro   0x0001acc0       0x9c ./src/AppSAS.o
 .debug_macro   0x0001ad5c      0x174 ./src/AppSAS.o
 .debug_macro   0x0001aed0       0x52 ./src/AppSAS.o
 .debug_macro   0x0001af22       0x1f ./src/AppSAS.o
 .debug_macro   0x0001af41       0x43 ./src/AppSAS.o
 .debug_macro   0x0001af84       0x20 ./src/AppSAS.o
 .debug_macro   0x0001afa4      0x1a3 ./src/AppSAS.o
 .debug_macro   0x0001b147      0x30d ./src/AppSAS.o
 .debug_macro   0x0001b454       0x10 ./src/AppSAS.o
 .debug_macro   0x0001b464       0x35 ./src/AppSAS.o
 .debug_macro   0x0001b499       0x16 ./src/AppSAS.o
 .debug_macro   0x0001b4af       0x1c ./src/AppSAS.o
 .debug_macro   0x0001b4cb       0x10 ./src/AppSAS.o
 .debug_macro   0x0001b4db       0x10 ./src/AppSAS.o
 .debug_macro   0x0001b4eb       0x1c ./src/AppSAS.o
 .debug_macro   0x0001b507       0x52 ./src/AppSAS.o
 .debug_macro   0x0001b559       0x40 ./src/AppSAS.o
 .debug_macro   0x0001b599       0x10 ./src/AppSAS.o
 .debug_macro   0x0001b5a9       0x40 ./src/AppSAS.o
 .debug_macro   0x0001b5e9       0xd7 ./src/AppSAS.o
 .debug_macro   0x0001b6c0       0x16 ./src/AppSAS.o
 .debug_macro   0x0001b6d6      0x161 ./src/AppSAS.o
 .debug_macro   0x0001b837       0x70 ./src/AppSAS.o
 .debug_macro   0x0001b8a7       0x10 ./src/AppSAS.o
 .debug_macro   0x0001b8b7       0x10 ./src/AppSAS.o
 .debug_macro   0x0001b8c7       0x16 ./src/AppSAS.o
 .debug_macro   0x0001b8dd       0x3a ./src/AppSAS.o
 .debug_macro   0x0001b917       0x16 ./src/AppSAS.o
 .debug_macro   0x0001b92d       0x70 ./src/AppSAS.o
 .debug_macro   0x0001b99d      0x2eb ./src/CAN_app.o
 .debug_macro   0x0001bc88       0x6a ./src/CAN_app.o
 .debug_macro   0x0001bcf2      0x2dd ./src/Clock_Driver.o
 .debug_macro   0x0001bfcf      0x2dd ./src/Clock_app.o
 .debug_macro   0x0001c2ac      0x2e3 ./src/Flash.o
 .debug_macro   0x0001c58f       0x2e ./src/Flash.o
 .debug_macro   0x0001c5bd      0x2e7 ./src/FlexCAN.o
 .debug_macro   0x0001c8a4      0x2e3 ./src/GPIO_Driver.o
 .debug_macro   0x0001cb87       0x16 ./src/GPIO_Driver.o
 .debug_macro   0x0001cb9d      0x2e3 ./src/GPIO_app.o
 .debug_macro   0x0001ce80       0x1c ./src/GPIO_app.o
 .debug_macro   0x0001ce9c      0x2e3 ./src/PWRMode_Driver.o
 .debug_macro   0x0001d17f       0x7b ./src/analog_sense.o
 .debug_macro   0x0001d1fa      0x2d9 ./src/lpi2c.o
 .debug_macro   0x0001d4d3      0x2e4 ./src/lptmr.o
 .debug_macro   0x0001d7b7      0x2e3 ./src/main.o
 .debug_macro   0x0001da9a      0x2e3 ./src/watchdog_driver.o
 .debug_macro   0x0001dd7d       0x10 ./src/watchdog_driver.o

.debug_line     0x00000000     0x5ec3
 .debug_line    0x00000000      0x32f ./Project_Settings/Startup_Code/startup.o
 .debug_line    0x0000032f       0x94 ./Project_Settings/Startup_Code/startup_S32K116.o
 .debug_line    0x000003c3      0x34b ./Project_Settings/Startup_Code/system_S32K116.o
 .debug_line    0x0000070e      0x7d4 ./src/AppSAS.o
 .debug_line    0x00000ee2      0x78b ./src/CAN_app.o
 .debug_line    0x0000166d      0x845 ./src/Clock_Driver.o
 .debug_line    0x00001eb2      0x510 ./src/Clock_app.o
 .debug_line    0x000023c2      0x5e6 ./src/Flash.o
 .debug_line    0x000029a8      0x5f8 ./src/FlexCAN.o
 .debug_line    0x00002fa0      0x64d ./src/GPIO_Driver.o
 .debug_line    0x000035ed      0x545 ./src/GPIO_app.o
 .debug_line    0x00003b32      0x606 ./src/PWRMode_Driver.o
 .debug_line    0x00004138      0x2cf ./src/analog_sense.o
 .debug_line    0x00004407      0x72d ./src/lpi2c.o
 .debug_line    0x00004b34      0x545 ./src/lptmr.o
 .debug_line    0x00005079      0x8e0 ./src/main.o
 .debug_line    0x00005959      0x56a ./src/watchdog_driver.o

.debug_str      0x00000000    0x5f3a5
 .debug_str     0x00000000    0x57efc ./Project_Settings/Startup_Code/startup.o
                              0x58129 (size before relaxing)
 .debug_str     0x00057efc       0x3f ./Project_Settings/Startup_Code/startup_S32K116.o
                                 0x88 (size before relaxing)
 .debug_str     0x00057f3b      0x21c ./Project_Settings/Startup_Code/system_S32K116.o
                              0x57f2b (size before relaxing)
 .debug_str     0x00058157     0x56f9 ./src/AppSAS.o
                              0x5d594 (size before relaxing)
 .debug_str     0x0005d850      0x311 ./src/CAN_app.o
                              0x5d54a (size before relaxing)
 .debug_str     0x0005db61      0x6d7 ./src/Clock_Driver.o
                              0x5d9a1 (size before relaxing)
 .debug_str     0x0005e238       0x5c ./src/Clock_app.o
                              0x5d37e (size before relaxing)
 .debug_str     0x0005e294       0xf4 ./src/Flash.o
                              0x5d32d (size before relaxing)
 .debug_str     0x0005e388      0x3d0 ./src/FlexCAN.o
                              0x5d76b (size before relaxing)
 .debug_str     0x0005e758      0x1ec ./src/GPIO_Driver.o
                              0x5d53b (size before relaxing)
 .debug_str     0x0005e944       0x6b ./src/GPIO_app.o
                              0x5d41e (size before relaxing)
 .debug_str     0x0005e9af       0xd7 ./src/PWRMode_Driver.o
                              0x5d466 (size before relaxing)
 .debug_str     0x0005ea86       0xdf ./src/analog_sense.o
                              0x5322a (size before relaxing)
 .debug_str     0x0005eb65      0x22b ./src/lpi2c.o
                              0x5d5a0 (size before relaxing)
 .debug_str     0x0005ed90       0x52 ./src/lptmr.o
                              0x5d296 (size before relaxing)
 .debug_str     0x0005ede2      0x578 ./src/main.o
                              0x5dcd6 (size before relaxing)
 .debug_str     0x0005f35a       0x4b ./src/watchdog_driver.o
                              0x5d271 (size before relaxing)

.debug_frame    0x00000000      0xfe0
 .debug_frame   0x00000000       0x2c ./Project_Settings/Startup_Code/startup.o
 .debug_frame   0x0000002c       0x48 ./Project_Settings/Startup_Code/system_S32K116.o
 .debug_frame   0x00000074       0x84 ./src/AppSAS.o
 .debug_frame   0x000000f8       0x80 ./src/CAN_app.o
 .debug_frame   0x00000178       0xec ./src/Clock_Driver.o
 .debug_frame   0x00000264       0x28 ./src/Clock_app.o
 .debug_frame   0x0000028c       0xb0 ./src/Flash.o
 .debug_frame   0x0000033c       0xac ./src/FlexCAN.o
 .debug_frame   0x000003e8      0x10c ./src/GPIO_Driver.o
 .debug_frame   0x000004f4       0x38 ./src/GPIO_app.o
 .debug_frame   0x0000052c       0x90 ./src/PWRMode_Driver.o
 .debug_frame   0x000005bc       0x40 ./src/analog_sense.o
 .debug_frame   0x000005fc      0x12c ./src/lpi2c.o
 .debug_frame   0x00000728       0x58 ./src/lptmr.o
 .debug_frame   0x00000780      0x218 ./src/main.o
 .debug_frame   0x00000998       0x58 ./src/watchdog_driver.o
 .debug_frame   0x000009f0       0x20 c:/nxp/s32ds_arm_v2.2/s32ds/build_tools/gcc_v6.3/gcc-6.3-arm32-eabi/bin/../lib/gcc/arm-none-eabi/6.3.1/thumb/v6-m\libgcc.a(_udivsi3.o)
 .debug_frame   0x00000a10       0x28 c:/nxp/s32ds_arm_v2.2/s32ds/build_tools/gcc_v6.3/gcc-6.3-arm32-eabi/bin/../lib/gcc/arm-none-eabi/6.3.1/thumb/v6-m\libgcc.a(_fixunssfsi.o)
 .debug_frame   0x00000a38       0x2c c:/nxp/s32ds_arm_v2.2/s32ds/build_tools/gcc_v6.3/gcc-6.3-arm32-eabi/bin/../lib/gcc/arm-none-eabi/6.3.1/thumb/v6-m\libgcc.a(_fixunsdfsi.o)
 .debug_frame   0x00000a64       0x34 c:/nxp/s32ds_arm_v2.2/s32ds/build_tools/gcc_v6.3/gcc-6.3-arm32-eabi/bin/../lib/gcc/arm-none-eabi/6.3.1/thumb/v6-m\libgcc.a(addsf3.o)
 .debug_frame   0x00000a98       0x3c c:/nxp/s32ds_arm_v2.2/s32ds/build_tools/gcc_v6.3/gcc-6.3-arm32-eabi/bin/../lib/gcc/arm-none-eabi/6.3.1/thumb/v6-m\libgcc.a(divsf3.o)
 .debug_frame   0x00000ad4       0x2c c:/nxp/s32ds_arm_v2.2/s32ds/build_tools/gcc_v6.3/gcc-6.3-arm32-eabi/bin/../lib/gcc/arm-none-eabi/6.3.1/thumb/v6-m\libgcc.a(eqsf2.o)
 .debug_frame   0x00000b00       0x30 c:/nxp/s32ds_arm_v2.2/s32ds/build_tools/gcc_v6.3/gcc-6.3-arm32-eabi/bin/../lib/gcc/arm-none-eabi/6.3.1/thumb/v6-m\libgcc.a(gesf2.o)
 .debug_frame   0x00000b30       0x30 c:/nxp/s32ds_arm_v2.2/s32ds/build_tools/gcc_v6.3/gcc-6.3-arm32-eabi/bin/../lib/gcc/arm-none-eabi/6.3.1/thumb/v6-m\libgcc.a(lesf2.o)
 .debug_frame   0x00000b60       0x3c c:/nxp/s32ds_arm_v2.2/s32ds/build_tools/gcc_v6.3/gcc-6.3-arm32-eabi/bin/../lib/gcc/arm-none-eabi/6.3.1/thumb/v6-m\libgcc.a(mulsf3.o)
 .debug_frame   0x00000b9c       0x38 c:/nxp/s32ds_arm_v2.2/s32ds/build_tools/gcc_v6.3/gcc-6.3-arm32-eabi/bin/../lib/gcc/arm-none-eabi/6.3.1/thumb/v6-m\libgcc.a(subsf3.o)
 .debug_frame   0x00000bd4       0x20 c:/nxp/s32ds_arm_v2.2/s32ds/build_tools/gcc_v6.3/gcc-6.3-arm32-eabi/bin/../lib/gcc/arm-none-eabi/6.3.1/thumb/v6-m\libgcc.a(fixsfsi.o)
 .debug_frame   0x00000bf4       0x2c c:/nxp/s32ds_arm_v2.2/s32ds/build_tools/gcc_v6.3/gcc-6.3-arm32-eabi/bin/../lib/gcc/arm-none-eabi/6.3.1/thumb/v6-m\libgcc.a(floatsisf.o)
 .debug_frame   0x00000c20       0x28 c:/nxp/s32ds_arm_v2.2/s32ds/build_tools/gcc_v6.3/gcc-6.3-arm32-eabi/bin/../lib/gcc/arm-none-eabi/6.3.1/thumb/v6-m\libgcc.a(floatunsisf.o)
 .debug_frame   0x00000c48       0x3c c:/nxp/s32ds_arm_v2.2/s32ds/build_tools/gcc_v6.3/gcc-6.3-arm32-eabi/bin/../lib/gcc/arm-none-eabi/6.3.1/thumb/v6-m\libgcc.a(divdf3.o)
 .debug_frame   0x00000c84       0x38 c:/nxp/s32ds_arm_v2.2/s32ds/build_tools/gcc_v6.3/gcc-6.3-arm32-eabi/bin/../lib/gcc/arm-none-eabi/6.3.1/thumb/v6-m\libgcc.a(eqdf2.o)
 .debug_frame   0x00000cbc       0x38 c:/nxp/s32ds_arm_v2.2/s32ds/build_tools/gcc_v6.3/gcc-6.3-arm32-eabi/bin/../lib/gcc/arm-none-eabi/6.3.1/thumb/v6-m\libgcc.a(gedf2.o)
 .debug_frame   0x00000cf4       0x38 c:/nxp/s32ds_arm_v2.2/s32ds/build_tools/gcc_v6.3/gcc-6.3-arm32-eabi/bin/../lib/gcc/arm-none-eabi/6.3.1/thumb/v6-m\libgcc.a(ledf2.o)
 .debug_frame   0x00000d2c       0x3c c:/nxp/s32ds_arm_v2.2/s32ds/build_tools/gcc_v6.3/gcc-6.3-arm32-eabi/bin/../lib/gcc/arm-none-eabi/6.3.1/thumb/v6-m\libgcc.a(muldf3.o)
 .debug_frame   0x00000d68       0x38 c:/nxp/s32ds_arm_v2.2/s32ds/build_tools/gcc_v6.3/gcc-6.3-arm32-eabi/bin/../lib/gcc/arm-none-eabi/6.3.1/thumb/v6-m\libgcc.a(subdf3.o)
 .debug_frame   0x00000da0       0x2c c:/nxp/s32ds_arm_v2.2/s32ds/build_tools/gcc_v6.3/gcc-6.3-arm32-eabi/bin/../lib/gcc/arm-none-eabi/6.3.1/thumb/v6-m\libgcc.a(fixdfsi.o)
 .debug_frame   0x00000dcc       0x2c c:/nxp/s32ds_arm_v2.2/s32ds/build_tools/gcc_v6.3/gcc-6.3-arm32-eabi/bin/../lib/gcc/arm-none-eabi/6.3.1/thumb/v6-m\libgcc.a(floatsidf.o)
 .debug_frame   0x00000df8       0x2c c:/nxp/s32ds_arm_v2.2/s32ds/build_tools/gcc_v6.3/gcc-6.3-arm32-eabi/bin/../lib/gcc/arm-none-eabi/6.3.1/thumb/v6-m\libgcc.a(extendsfdf2.o)
 .debug_frame   0x00000e24       0x30 c:/nxp/s32ds_arm_v2.2/s32ds/build_tools/gcc_v6.3/gcc-6.3-arm32-eabi/bin/../lib/gcc/arm-none-eabi/6.3.1/thumb/v6-m\libgcc.a(truncdfsf2.o)
 .debug_frame   0x00000e54       0x28 C:/NXP/S32DS_ARM_v2.2/S32DS/build_tools/gcc_v6.3/gcc-6.3-arm32-eabi/arm-none-eabi/newlib/lib/thumb/v6-m\libc.a(lib_a-exit.o)
 .debug_frame   0x00000e7c       0x2c C:/NXP/S32DS_ARM_v2.2/S32DS/build_tools/gcc_v6.3/gcc-6.3-arm32-eabi/arm-none-eabi/newlib/lib/thumb/v6-m\libc.a(lib_a-init.o)
 .debug_frame   0x00000ea8       0x28 C:/NXP/S32DS_ARM_v2.2/S32DS/build_tools/gcc_v6.3/gcc-6.3-arm32-eabi/arm-none-eabi/newlib/lib/thumb/v6-m\libc.a(lib_a-memcpy-stub.o)
 .debug_frame   0x00000ed0       0x20 C:/NXP/S32DS_ARM_v2.2/S32DS/build_tools/gcc_v6.3/gcc-6.3-arm32-eabi/arm-none-eabi/newlib/lib/thumb/v6-m\libc.a(lib_a-memset.o)
 .debug_frame   0x00000ef0       0x48 C:/NXP/S32DS_ARM_v2.2/S32DS/build_tools/gcc_v6.3/gcc-6.3-arm32-eabi/arm-none-eabi/newlib/lib/thumb/v6-m\libc.a(lib_a-__call_atexit.o)
 .debug_frame   0x00000f38       0x2c C:/NXP/S32DS_ARM_v2.2/S32DS/build_tools/gcc_v6.3/gcc-6.3-arm32-eabi/arm-none-eabi/newlib/lib/thumb/v6-m\libc.a(lib_a-fini.o)
 .debug_frame   0x00000f64       0x28 C:/NXP/S32DS_ARM_v2.2/S32DS/build_tools/gcc_v6.3/gcc-6.3-arm32-eabi/arm-none-eabi/newlib/lib/thumb/v6-m\libc.a(lib_a-atexit.o)
 .debug_frame   0x00000f8c       0x34 C:/NXP/S32DS_ARM_v2.2/S32DS/build_tools/gcc_v6.3/gcc-6.3-arm32-eabi/arm-none-eabi/newlib/lib/thumb/v6-m\libc.a(lib_a-__atexit.o)
 .debug_frame   0x00000fc0       0x20 C:/NXP/S32DS_ARM_v2.2/S32DS/build_tools/gcc_v6.3/gcc-6.3-arm32-eabi/arm-none-eabi/newlib/lib/thumb/v6-m\libnosys.a(_exit.o)
