Archive member included to satisfy reference by file (symbol)

c:/nxp/s32ds_arm_v2.2/s32ds/build_tools/gcc_v6.3/gcc-6.3-arm32-eabi/bin/../lib/gcc/arm-none-eabi/6.3.1/thumb/v6-m\libgcc.a(_udivsi3.o)
                              ./Project_Settings/Startup_Code/system_S32K116.o (__aeabi_uidiv)
c:/nxp/s32ds_arm_v2.2/s32ds/build_tools/gcc_v6.3/gcc-6.3-arm32-eabi/bin/../lib/gcc/arm-none-eabi/6.3.1/thumb/v6-m\libgcc.a(_dvmd_tls.o)
                              c:/nxp/s32ds_arm_v2.2/s32ds/build_tools/gcc_v6.3/gcc-6.3-arm32-eabi/bin/../lib/gcc/arm-none-eabi/6.3.1/thumb/v6-m\libgcc.a(_udivsi3.o) (__aeabi_idiv0)
c:/nxp/s32ds_arm_v2.2/s32ds/build_tools/gcc_v6.3/gcc-6.3-arm32-eabi/bin/../lib/gcc/arm-none-eabi/6.3.1/thumb/v6-m\libgcc.a(_arm_cmpdf2.o)
                              ./src/main.o (__aeabi_dcmplt)
c:/nxp/s32ds_arm_v2.2/s32ds/build_tools/gcc_v6.3/gcc-6.3-arm32-eabi/bin/../lib/gcc/arm-none-eabi/6.3.1/thumb/v6-m\libgcc.a(_arm_cmpsf2.o)
                              ./src/main.o (__aeabi_fcmplt)
c:/nxp/s32ds_arm_v2.2/s32ds/build_tools/gcc_v6.3/gcc-6.3-arm32-eabi/bin/../lib/gcc/arm-none-eabi/6.3.1/thumb/v6-m\libgcc.a(_fixunssfsi.o)
                              ./src/main.o (__aeabi_f2uiz)
c:/nxp/s32ds_arm_v2.2/s32ds/build_tools/gcc_v6.3/gcc-6.3-arm32-eabi/bin/../lib/gcc/arm-none-eabi/6.3.1/thumb/v6-m\libgcc.a(_fixunsdfsi.o)
                              ./src/main.o (__aeabi_d2uiz)
c:/nxp/s32ds_arm_v2.2/s32ds/build_tools/gcc_v6.3/gcc-6.3-arm32-eabi/bin/../lib/gcc/arm-none-eabi/6.3.1/thumb/v6-m\libgcc.a(addsf3.o)
                              ./src/main.o (__aeabi_fadd)
c:/nxp/s32ds_arm_v2.2/s32ds/build_tools/gcc_v6.3/gcc-6.3-arm32-eabi/bin/../lib/gcc/arm-none-eabi/6.3.1/thumb/v6-m\libgcc.a(divsf3.o)
                              ./src/main.o (__aeabi_fdiv)
c:/nxp/s32ds_arm_v2.2/s32ds/build_tools/gcc_v6.3/gcc-6.3-arm32-eabi/bin/../lib/gcc/arm-none-eabi/6.3.1/thumb/v6-m\libgcc.a(eqsf2.o)
                              c:/nxp/s32ds_arm_v2.2/s32ds/build_tools/gcc_v6.3/gcc-6.3-arm32-eabi/bin/../lib/gcc/arm-none-eabi/6.3.1/thumb/v6-m\libgcc.a(_arm_cmpsf2.o) (__eqsf2)
c:/nxp/s32ds_arm_v2.2/s32ds/build_tools/gcc_v6.3/gcc-6.3-arm32-eabi/bin/../lib/gcc/arm-none-eabi/6.3.1/thumb/v6-m\libgcc.a(gesf2.o)
                              c:/nxp/s32ds_arm_v2.2/s32ds/build_tools/gcc_v6.3/gcc-6.3-arm32-eabi/bin/../lib/gcc/arm-none-eabi/6.3.1/thumb/v6-m\libgcc.a(_arm_cmpsf2.o) (__gesf2)
c:/nxp/s32ds_arm_v2.2/s32ds/build_tools/gcc_v6.3/gcc-6.3-arm32-eabi/bin/../lib/gcc/arm-none-eabi/6.3.1/thumb/v6-m\libgcc.a(lesf2.o)
                              c:/nxp/s32ds_arm_v2.2/s32ds/build_tools/gcc_v6.3/gcc-6.3-arm32-eabi/bin/../lib/gcc/arm-none-eabi/6.3.1/thumb/v6-m\libgcc.a(_arm_cmpsf2.o) (__lesf2)
c:/nxp/s32ds_arm_v2.2/s32ds/build_tools/gcc_v6.3/gcc-6.3-arm32-eabi/bin/../lib/gcc/arm-none-eabi/6.3.1/thumb/v6-m\libgcc.a(mulsf3.o)
                              ./src/main.o (__aeabi_fmul)
c:/nxp/s32ds_arm_v2.2/s32ds/build_tools/gcc_v6.3/gcc-6.3-arm32-eabi/bin/../lib/gcc/arm-none-eabi/6.3.1/thumb/v6-m\libgcc.a(subsf3.o)
                              ./src/main.o (__aeabi_fsub)
c:/nxp/s32ds_arm_v2.2/s32ds/build_tools/gcc_v6.3/gcc-6.3-arm32-eabi/bin/../lib/gcc/arm-none-eabi/6.3.1/thumb/v6-m\libgcc.a(fixsfsi.o)
                              c:/nxp/s32ds_arm_v2.2/s32ds/build_tools/gcc_v6.3/gcc-6.3-arm32-eabi/bin/../lib/gcc/arm-none-eabi/6.3.1/thumb/v6-m\libgcc.a(_fixunssfsi.o) (__aeabi_f2iz)
c:/nxp/s32ds_arm_v2.2/s32ds/build_tools/gcc_v6.3/gcc-6.3-arm32-eabi/bin/../lib/gcc/arm-none-eabi/6.3.1/thumb/v6-m\libgcc.a(floatsisf.o)
                              ./src/main.o (__aeabi_i2f)
c:/nxp/s32ds_arm_v2.2/s32ds/build_tools/gcc_v6.3/gcc-6.3-arm32-eabi/bin/../lib/gcc/arm-none-eabi/6.3.1/thumb/v6-m\libgcc.a(floatunsisf.o)
                              ./src/main.o (__aeabi_ui2f)
c:/nxp/s32ds_arm_v2.2/s32ds/build_tools/gcc_v6.3/gcc-6.3-arm32-eabi/bin/../lib/gcc/arm-none-eabi/6.3.1/thumb/v6-m\libgcc.a(divdf3.o)
                              ./src/main.o (__aeabi_ddiv)
c:/nxp/s32ds_arm_v2.2/s32ds/build_tools/gcc_v6.3/gcc-6.3-arm32-eabi/bin/../lib/gcc/arm-none-eabi/6.3.1/thumb/v6-m\libgcc.a(eqdf2.o)
                              c:/nxp/s32ds_arm_v2.2/s32ds/build_tools/gcc_v6.3/gcc-6.3-arm32-eabi/bin/../lib/gcc/arm-none-eabi/6.3.1/thumb/v6-m\libgcc.a(_arm_cmpdf2.o) (__eqdf2)
c:/nxp/s32ds_arm_v2.2/s32ds/build_tools/gcc_v6.3/gcc-6.3-arm32-eabi/bin/../lib/gcc/arm-none-eabi/6.3.1/thumb/v6-m\libgcc.a(gedf2.o)
                              c:/nxp/s32ds_arm_v2.2/s32ds/build_tools/gcc_v6.3/gcc-6.3-arm32-eabi/bin/../lib/gcc/arm-none-eabi/6.3.1/thumb/v6-m\libgcc.a(_arm_cmpdf2.o) (__gedf2)
c:/nxp/s32ds_arm_v2.2/s32ds/build_tools/gcc_v6.3/gcc-6.3-arm32-eabi/bin/../lib/gcc/arm-none-eabi/6.3.1/thumb/v6-m\libgcc.a(ledf2.o)
                              c:/nxp/s32ds_arm_v2.2/s32ds/build_tools/gcc_v6.3/gcc-6.3-arm32-eabi/bin/../lib/gcc/arm-none-eabi/6.3.1/thumb/v6-m\libgcc.a(_arm_cmpdf2.o) (__ledf2)
[...]
Memory Configuration

Name             Origin             Length             Attributes
m_interrupts     0x00000000         0x000000c0         xr
m_flash_config   0x00000400         0x00000010         xr
m_text           0x00000410         0x0001fbf0         xr
m_dorman         0x0001fe00         0x00000040         xr
m_SecSpec        0x0001fe40         0x00000004         xr
m_SecLibVer      0x0001fe44         0x00000004         xr
m_ModuleName     0x0001ff00         0x00000020         xr
m_HardwareVersion 0x0001ff20         0x00000010         xr
m_FirmwareVersion 0x0001ff30         0x00000008         xr
m_Reserved1      0x0001ff38         0x00000008         xr
m_Reserved2      0x0001ff40         0x00000020         xr
m_data           0x20000000         0x000020c0         rw
m_data_2         0x200020c0         0x00001740         rw
*default*        0x00000000         0xffffffff

Linker script and memory map

LOAD c:/nxp/s32ds_arm_v2.2/s32ds/build_tools/gcc_v6.3/gcc-6.3-arm32-eabi/bin/../lib/gcc/arm-none-eabi/6.3.1/thumb/v6-m/crti.o
LOAD c:/nxp/s32ds_arm_v2.2/s32ds/build_tools/gcc_v6.3/gcc-6.3-arm32-eabi/bin/../lib/gcc/arm-none-eabi/6.3.1/thumb/v6-m/crtbegin.o
LOAD C:/NXP/S32DS_ARM_v2.2/S32DS/build_tools/gcc_v6.3/gcc-6.3-arm32-eabi/arm-none-eabi/newlib/lib/thumb/v6-m/crt0.o
LOAD ./Project_Settings/Startup_Code/startup.o
LOAD ./Project_Settings/Startup_Code/startup_S32K116.o
LOAD ./Project_Settings/Startup_Code/system_S32K116.o
LOAD ./src/AppSAS.o
LOAD ./src/CAN_app.o
LOAD ./src/Flash.o
LOAD ./src/FlexCAN.o
LOAD ./src/GPIO_Driver.o
LOAD ./src/GPIO_app.o
LOAD ./src/PWRMode_Driver.o
LOAD ./src/analog_sense.o
LOAD ./src/clk.o
LOAD ./src/lpi2c.o
LOAD ./src/lptmr.o
LOAD ./src/main.o
LOAD ./src/watchdog_driver.o
START GROUP
LOAD c:/nxp/s32ds_arm_v2.2/s32ds/build_tools/gcc_v6.3/gcc-6.3-arm32-eabi/bin/../lib/gcc/arm-none-eabi/6.3.1/thumb/v6-m\libgcc.a
LOAD C:/NXP/S32DS_ARM_v2.2/S32DS/build_tools/gcc_v6.3/gcc-6.3-arm32-eabi/arm-none-eabi/newlib/lib/thumb/v6-m\libc.a
END GROUP
START GROUP
LOAD c:/nxp/s32ds_arm_v2.2/s32ds/build_tools/gcc_v6.3/gcc-6.3-arm32-eabi/bin/../lib/gcc/arm-none-eabi/6.3.1/thumb/v6-m\libgcc.a
LOAD C:/NXP/S32DS_ARM_v2.2/S32DS/build_tools/gcc_v6.3/gcc-6.3-arm32-eabi/arm-none-eabi/newlib/lib/thumb/v6-m\libc.a
LOAD C:/NXP/S32DS_ARM_v2.2/S32DS/build_tools/gcc_v6.3/gcc-6.3-arm32-eabi/arm-none-eabi/newlib/lib/thumb/v6-m\libnosys.a
END GROUP
LOAD c:/nxp/s32ds_arm_v2.2/s32ds/build_tools/gcc_v6.3/gcc-6.3-arm32-eabi/bin/../lib/gcc/arm-none-eabi/6.3.1/thumb/v6-m/crtend.o
LOAD c:/nxp/s32ds_arm_v2.2/s32ds/build_tools/gcc_v6.3/gcc-6.3-arm32-eabi/bin/../lib/gcc/arm-none-eabi/6.3.1/thumb/v6-m/crtn.o
                0x00000200                HEAP_SIZE = DEFINED (__heap_size__)?__heap_size__:0x200
                0x00000200                STACK_SIZE = DEFINED (__stack_size__)?__stack_size__:0x200
                0x000000c0                M_VECTOR_RAM_SIZE = DEFINED (__flash_vector_table__)?0x0:0xc0

.interrupts     0x00000000       0xc0
                0x00000000                __VECTOR_TABLE = .
                0x00000000                __interrupts_start__ = .
                0x00000000                . = ALIGN (0x4)
 *(.isr_vector)
 .isr_vector    0x00000000       0xc0 ./Project_Settings/Startup_Code/startup_S32K116.o
                0x00000000                __isr_vector
                0x000000c0                __interrupts_end__ = .
                0x000000c0                . = ALIGN (0x4)

.flash_config   0x00000400       0x10
                0x00000400                . = ALIGN (0x4)
 *(.FlashConfig)
 .FlashConfig   0x00000400       0x10 ./Project_Settings/Startup_Code/startup_S32K116.o
                0x00000410                . = ALIGN (0x4)

.text           0x00000410     0x566c
                0x00000410                . = ALIGN (0x4)
 *(.text)
 .text          0x00000410       0xb4 c:/nxp/s32ds_arm_v2.2/s32ds/build_tools/gcc_v6.3/gcc-6.3-arm32-eabi/bin/../lib/gcc/arm-none-eabi/6.3.1/thumb/v6-m/crtbegin.o
 .text          0x000004c4       0x78 C:/NXP/S32DS_ARM_v2.2/S32DS/build_tools/gcc_v6.3/gcc-6.3-arm32-eabi/arm-none-eabi/newlib/lib/thumb/v6-m/crt0.o
                0x000004c4                _start
                0x000004c4                _mainCRTStartup
 .text          0x0000053c       0x60 ./Project_Settings/Startup_Code/startup_S32K116.o
                0x0000053c                Reset_Handler
                0x00000598                ERM_fault_IRQHandler
                0x00000598                PendSV_Handler
                0x00000598                NMI_Handler
                0x00000598                DMA2_IRQHandler
                0x00000598                LPIT0_IRQHandler
                0x00000598                ADC0_IRQHandler
                0x00000598                FTM0_Ovf_Reload_IRQHandler
                0x00000598                FTM1_Ch0_7_IRQHandler
                0x00000598                DefaultISR
                0x00000598                FTM0_Ch0_7_IRQHandler
                0x00000598                RTC_IRQHandler
                0x00000598                PDB0_IRQHandler
                0x00000598                HardFault_Handler
                0x00000598                CAN0_ORed_Err_Wakeup_IRQHandler
                0x00000598                Reserved27_IRQHandler
                0x00000598                LPUART1_RxTx_IRQHandler
                0x00000598                RTC_Seconds_IRQHandler
                0x00000598                FTFC_IRQHandler
                0x00000598                LPSPI0_IRQHandler
                0x00000598                FTM0_Fault_IRQHandler
                0x00000598                SVC_Handler
                0x00000598                RCM_IRQHandler
                0x00000598                DMA3_IRQHandler
                0x00000598                DMA0_IRQHandler
                0x00000598                FTM1_Fault_IRQHandler
                0x00000598                DMA_Error_IRQHandler
                0x00000598                LPI2C0_Master_Slave_IRQHandler
                0x00000598                LPUART0_RxTx_IRQHandler
                0x00000598                WDOG_IRQHandler
                0x00000598                FTM1_Ovf_Reload_IRQHandler
                0x00000598                CMP0_IRQHandler
                0x00000598                FLEXIO_IRQHandler
                0x00000598                DMA1_IRQHandler
 .text          0x0000059c      0x114 c:/nxp/s32ds_arm_v2.2/s32ds/build_tools/gcc_v6.3/gcc-6.3-arm32-eabi/bin/../lib/gcc/arm-none-eabi/6.3.1/thumb/v6-m\libgcc.a(_udivsi3.o)
                0x0000059c                __aeabi_uidiv
                0x0000059c                __udivsi3
                0x000006a8                __aeabi_uidivmod
 .text          0x000006b0        0x4 c:/nxp/s32ds_arm_v2.2/s32ds/build_tools/gcc_v6.3/gcc-6.3-arm32-eabi/bin/../lib/gcc/arm-none-eabi/6.3.1/thumb/v6-m\libgcc.a(_dvmd_tls.o)
                0x000006b0                __aeabi_idiv0
                0x000006b0                __aeabi_ldiv0
 .text          0x000006b4       0x7c c:/nxp/s32ds_arm_v2.2/s32ds/build_tools/gcc_v6.3/gcc-6.3-arm32-eabi/bin/../lib/gcc/arm-none-eabi/6.3.1/thumb/v6-m\libgcc.a(_arm_cmpdf2.o)
                0x000006b4                __aeabi_cdrcmple
                0x000006c4                __aeabi_cdcmple
                0x000006c4                __aeabi_cdcmpeq
                0x000006d4                __aeabi_dcmpeq
                0x000006e0                __aeabi_dcmplt
                0x000006f4                __aeabi_dcmple
                0x00000708                __aeabi_dcmpgt
                0x0000071c                __aeabi_dcmpge
 .text          0x00000730       0x74 c:/nxp/s32ds_arm_v2.2/s32ds/build_tools/gcc_v6.3/gcc-6.3-arm32-eabi/bin/../lib/gcc/arm-none-eabi/6.3.1/thumb/v6-m\libgcc.a(_arm_cmpsf2.o)
                0x00000730                __aeabi_cfrcmple
                0x00000738                __aeabi_cfcmpeq
                0x00000738                __aeabi_cfcmple
                0x00000748                __aeabi_fcmpeq
                0x00000754                __aeabi_fcmplt
                0x00000768                __aeabi_fcmple
                0x0000077c                __aeabi_fcmpgt
                0x00000790                __aeabi_fcmpge
 .text          0x000007a4       0x30 c:/nxp/s32ds_arm_v2.2/s32ds/build_tools/gcc_v6.3/gcc-6.3-arm32-eabi/bin/../lib/gcc/arm-none-eabi/6.3.1/thumb/v6-m\libgcc.a(_fixunssfsi.o)
                0x000007a4                __fixunssfsi
                0x000007a4                __aeabi_f2uiz
 .text          0x000007d4       0x3c c:/nxp/s32ds_arm_v2.2/s32ds/build_tools/gcc_v6.3/gcc-6.3-arm32-eabi/bin/../lib/gcc/arm-none-eabi/6.3.1/thumb/v6-m\libgcc.a(_fixunsdfsi.o)
                0x000007d4                __aeabi_d2uiz
                0x000007d4                __fixunsdfsi
 .text          0x00000810      0x324 c:/nxp/s32ds_arm_v2.2/s32ds/build_tools/gcc_v6.3/gcc-6.3-arm32-eabi/bin/../lib/gcc/arm-none-eabi/6.3.1/thumb/v6-m\libgcc.a(addsf3.o)
                0x00000810                __aeabi_fadd
 .text          0x00000b34      0x290 c:/nxp/s32ds_arm_v2.2/s32ds/build_tools/gcc_v6.3/gcc-6.3-arm32-eabi/bin/../lib/gcc/arm-none-eabi/6.3.1/thumb/v6-m\libgcc.a(divsf3.o)
                0x00000b34                __aeabi_fdiv
 .text          0x00000dc4       0x4c c:/nxp/s32ds_arm_v2.2/s32ds/build_tools/gcc_v6.3/gcc-6.3-arm32-eabi/bin/../lib/gcc/arm-none-eabi/6.3.1/thumb/v6-m\libgcc.a(eqsf2.o)
                0x00000dc4                __eqsf2
                0x00000dc4                __nesf2
 .text          0x00000e10       0x80 c:/nxp/s32ds_arm_v2.2/s32ds/build_tools/gcc_v6.3/gcc-6.3-arm32-eabi/bin/../lib/gcc/arm-none-eabi/6.3.1/thumb/v6-m\libgcc.a(gesf2.o)
                0x00000e10                __gesf2
                0x00000e10                __gtsf2
 .text          0x00000e90       0x84 c:/nxp/s32ds_arm_v2.2/s32ds/build_tools/gcc_v6.3/gcc-6.3-arm32-eabi/bin/../lib/gcc/arm-none-eabi/6.3.1/thumb/v6-m\libgcc.a(lesf2.o)
                0x00000e90                __ltsf2
                0x00000e90                __lesf2
 .text          0x00000f14      0x240 c:/nxp/s32ds_arm_v2.2/s32ds/build_tools/gcc_v6.3/gcc-6.3-arm32-eabi/bin/../lib/gcc/arm-none-eabi/6.3.1/thumb/v6-m\libgcc.a(mulsf3.o)
                0x00000f14                __aeabi_fmul
 .text          0x00001154      0x338 c:/nxp/s32ds_arm_v2.2/s32ds/build_tools/gcc_v6.3/gcc-6.3-arm32-eabi/bin/../lib/gcc/arm-none-eabi/6.3.1/thumb/v6-m\libgcc.a(subsf3.o)
                0x00001154                __aeabi_fsub
 .text          0x0000148c       0x40 c:/nxp/s32ds_arm_v2.2/s32ds/build_tools/gcc_v6.3/gcc-6.3-arm32-eabi/bin/../lib/gcc/arm-none-eabi/6.3.1/thumb/v6-m\libgcc.a(fixsfsi.o)
                0x0000148c                __aeabi_f2iz
 .text          0x000014cc       0xa0 c:/nxp/s32ds_arm_v2.2/s32ds/build_tools/gcc_v6.3/gcc-6.3-arm32-eabi/bin/../lib/gcc/arm-none-eabi/6.3.1/thumb/v6-m\libgcc.a(floatsisf.o)
                0x000014cc                __aeabi_i2f
 .text          0x0000156c       0x8c c:/nxp/s32ds_arm_v2.2/s32ds/build_tools/gcc_v6.3/gcc-6.3-arm32-eabi/bin/../lib/gcc/arm-none-eabi/6.3.1/thumb/v6-m\libgcc.a(floatunsisf.o)
                0x0000156c                __aeabi_ui2f
 .text          0x000015f8      0x668 c:/nxp/s32ds_arm_v2.2/s32ds/build_tools/gcc_v6.3/gcc-6.3-arm32-eabi/bin/../lib/gcc/arm-none-eabi/6.3.1/thumb/v6-m\libgcc.a(divdf3.o)
                0x000015f8                __aeabi_ddiv
 .text          0x00001c60       0x74 c:/nxp/s32ds_arm_v2.2/s32ds/build_tools/gcc_v6.3/gcc-6.3-arm32-eabi/bin/../lib/gcc/arm-none-eabi/6.3.1/thumb/v6-m\libgcc.a(eqdf2.o)
                0x00001c60                __nedf2
                0x00001c60                __eqdf2
 .text          0x00001cd4       0xc8 c:/nxp/s32ds_arm_v2.2/s32ds/build_tools/gcc_v6.3/gcc-6.3-arm32-eabi/bin/../lib/gcc/arm-none-eabi/6.3.1/thumb/v6-m\libgcc.a(gedf2.o)
                0x00001cd4                __gedf2
                0x00001cd4                __gtdf2
 .text          0x00001d9c       0xc4 c:/nxp/s32ds_arm_v2.2/s32ds/build_tools/gcc_v6.3/gcc-6.3-arm32-eabi/bin/../lib/gcc/arm-none-eabi/6.3.1/thumb/v6-m\libgcc.a(ledf2.o)
                0x00001d9c                __ledf2
                0x00001d9c                __ltdf2
 .text          0x00001e60      0x500 c:/nxp/s32ds_arm_v2.2/s32ds/build_tools/gcc_v6.3/gcc-6.3-arm32-eabi/bin/../lib/gcc/arm-none-eabi/6.3.1/thumb/v6-m\libgcc.a(muldf3.o)
                0x00001e60                __aeabi_dmul
 .text          0x00002360      0x62c c:/nxp/s32ds_arm_v2.2/s32ds/build_tools/gcc_v6.3/gcc-6.3-arm32-eabi/bin/../lib/gcc/arm-none-eabi/6.3.1/thumb/v6-m\libgcc.a(subdf3.o)
                0x00002360                __aeabi_dsub
 .text          0x0000298c       0x68 c:/nxp/s32ds_arm_v2.2/s32ds/build_tools/gcc_v6.3/gcc-6.3-arm32-eabi/bin/../lib/gcc/arm-none-eabi/6.3.1/thumb/v6-m\libgcc.a(fixdfsi.o)
                0x0000298c                __aeabi_d2iz
 .text          0x000029f4       0x84 c:/nxp/s32ds_arm_v2.2/s32ds/build_tools/gcc_v6.3/gcc-6.3-arm32-eabi/bin/../lib/gcc/arm-none-eabi/6.3.1/thumb/v6-m\libgcc.a(floatsidf.o)
                0x000029f4                __aeabi_i2d
 .text          0x00002a78       0xa4 c:/nxp/s32ds_arm_v2.2/s32ds/build_tools/gcc_v6.3/gcc-6.3-arm32-eabi/bin/../lib/gcc/arm-none-eabi/6.3.1/thumb/v6-m\libgcc.a(extendsfdf2.o)
                0x00002a78                __aeabi_f2d
 .text          0x00002b1c      0x114 c:/nxp/s32ds_arm_v2.2/s32ds/build_tools/gcc_v6.3/gcc-6.3-arm32-eabi/bin/../lib/gcc/arm-none-eabi/6.3.1/thumb/v6-m\libgcc.a(truncdfsf2.o)
                0x00002b1c                __aeabi_d2f
 .text          0x00002c30       0x3c c:/nxp/s32ds_arm_v2.2/s32ds/build_tools/gcc_v6.3/gcc-6.3-arm32-eabi/bin/../lib/gcc/arm-none-eabi/6.3.1/thumb/v6-m\libgcc.a(_clzsi2.o)
                0x00002c30                __clzsi2
 *(.text*)
 .text.init_data_bss
                0x00002c6c       0xdc ./Project_Settings/Startup_Code/startup.o
                0x00002c6c                init_data_bss
 .text.SystemInit
                0x00002d48       0x24 ./Project_Settings/Startup_Code/system_S32K116.o
                0x00002d48                SystemInit
 .text.SAS_ReadAngelSensorAt
                0x00002d6c       0xac ./src/AppSAS.o
                0x00002d6c                SAS_ReadAngelSensorAt
 .text.sleep_actions
                0x00002e18       0x5c ./src/AppSAS.o
                0x00002e18                sleep_actions
 .text.wakeup_actions
                0x00002e74       0x2c ./src/AppSAS.o
                0x00002e74                wakeup_actions
 .text.CAN_App_Config
                0x00002ea0       0x2e ./src/CAN_app.o
                0x00002ea0                CAN_App_Config
 *fill*         0x00002ece        0x2 
 .text.CAN_App_GetRxID
                0x00002ed0       0x20 ./src/CAN_app.o
                0x00002ed0                CAN_App_GetRxID
 .text.CAN_App_GetRxBUF
                0x00002ef0       0x30 ./src/CAN_app.o
                0x00002ef0                CAN_App_GetRxBUF
 .text.CAN_App_Task
                0x00002f20      0x4e4 ./src/CAN_app.o
                0x00002f20                CAN_App_Task
 .text.CAN_App_Rx_Handler
                0x00003404       0x1e ./src/CAN_app.o
                0x00003404                CAN_App_Rx_Handler
 *fill*         0x00003422        0x2 
 .text.FLASH_DRV_EWrite
                0x00003424       0xd0 ./src/Flash.o
                0x00003424                FLASH_DRV_EWrite
 .text.FLASH_DRV_EEERead
                0x000034f4       0x1e ./src/Flash.o
                0x000034f4                FLASH_DRV_EEERead
 *fill*         0x00003512        0x2 
 .text.Flash_ProgramPartitioning
                0x00003514       0x40 ./src/Flash.o
                0x00003514                Flash_ProgramPartitioning
 .text.Flash_SetFlexRAM
                0x00003554       0x34 ./src/Flash.o
                0x00003554                Flash_SetFlexRAM
 .text.Flash_Init
                0x00003588        0xc ./src/Flash.o
                0x00003588                Flash_Init
 .text.CAN0_ORed_0_31_MB_IRQHandler
                0x00003594       0x10 ./src/FlexCAN.o
                0x00003594                CAN0_ORed_0_31_MB_IRQHandler
 .text.CAN_Init
                0x000035a4      0x124 ./src/FlexCAN.o
                0x000035a4                CAN_Init
 .text.CAN_Port_Init
                0x000036c8       0x40 ./src/FlexCAN.o
                0x000036c8                CAN_Port_Init
 .text.CAN_ITConfig
                0x00003708       0x20 ./src/FlexCAN.o
                0x00003708                CAN_ITConfig
 .text.CAN_Transmit_msg
                0x00003728       0x98 ./src/FlexCAN.o
                0x00003728                CAN_Transmit_msg
 .text.CAN_Receive_msg
                0x000037c0       0x84 ./src/FlexCAN.o
                0x000037c0                CAN_Receive_msg
 .text.GPIO_Mode_Init
                0x00003844       0x6c ./src/GPIO_Driver.o
                0x00003844                GPIO_Mode_Init
 .text.GPIO_Drv_Init
                0x000038b0       0x1a ./src/GPIO_Driver.o
                0x000038b0                GPIO_Drv_Init
 *fill*         0x000038ca        0x2 
 .text.GPIO_Clk_Init
                0x000038cc       0x24 ./src/GPIO_Driver.o
                0x000038cc                GPIO_Clk_Init
 .text.PIN_Muxmode_Select
                0x000038f0        0xe ./src/GPIO_Driver.o
                0x000038f0                PIN_Muxmode_Select
 .text.PIN_Input_Read
                0x000038fe       0x10 ./src/GPIO_Driver.o
                0x000038fe                PIN_Input_Read
 .text.PIN_Clear
                0x0000390e        0xc ./src/GPIO_Driver.o
                0x0000390e                PIN_Clear
 .text.PIN_Toggle
                0x0000391a        0xc ./src/GPIO_Driver.o
                0x0000391a                PIN_Toggle
 .text.PIN_Interrupt_Enable
                0x00003926       0x14 ./src/GPIO_Driver.o
                0x00003926                PIN_Interrupt_Enable
 .text.PIN_Interrupt_Disable
                0x0000393a        0xa ./src/GPIO_Driver.o
                0x0000393a                PIN_Interrupt_Disable
 .text.PIN_Pull_Select
                0x00003944       0x20 ./src/GPIO_Driver.o
                0x00003944                PIN_Pull_Select
 .text.GPIO_App_init
                0x00003964       0x58 ./src/GPIO_app.o
                0x00003964                GPIO_App_init
 .text.PORT_IRQHandler
                0x000039bc       0x14 ./src/GPIO_app.o
                0x000039bc                PORT_IRQHandler
 .text.SIRC_Init
                0x000039d0       0x50 ./src/PWRMode_Driver.o
                0x000039d0                SIRC_Init
 .text.SIRC_RUNState
                0x00003a20       0x48 ./src/PWRMode_Driver.o
                0x00003a20                SIRC_RUNState
 .text.FIRC_Disable
                0x00003a68       0x58 ./src/PWRMode_Driver.o
                0x00003a68                FIRC_Disable
 .text.Set_Power_Mode
                0x00003ac0      0x120 ./src/PWRMode_Driver.o
                0x00003ac0                Set_Power_Mode
 .text.ADC_Init
                0x00003be0       0x50 ./src/analog_sense.o
                0x00003be0                ADC_Init
 .text.Read_ADC
                0x00003c30       0x50 ./src/analog_sense.o
                0x00003c30                Read_ADC
 .text.RUN_mode_48MHz
                0x00003c80       0x30 ./src/clk.o
                0x00003c80                RUN_mode_48MHz
 .text.LPI2C_init
                0x00003cb0       0x48 ./src/lpi2c.o
                0x00003cb0                LPI2C_init
 .text.LPI2C_Generate_Start_Ack
                0x00003cf8       0x14 ./src/lpi2c.o
                0x00003cf8                LPI2C_Generate_Start_Ack
 .text.LPI2C_DataToRead
                0x00003d0c       0x18 ./src/lpi2c.o
                0x00003d0c                LPI2C_DataToRead
 .text.LPI2C_Receive_Data
                0x00003d24       0x80 ./src/lpi2c.o
                0x00003d24                LPI2C_Receive_Data
 .text.LPI2C_Check_Busy
                0x00003da4       0x40 ./src/lpi2c.o
                0x00003da4                LPI2C_Check_Busy
 .text.LPI2C_Generate_Stop
                0x00003de4       0x58 ./src/lpi2c.o
                0x00003de4                LPI2C_Generate_Stop
 .text.LPI2C_Read_Location
                0x00003e3c       0x4c ./src/lpi2c.o
                0x00003e3c                LPI2C_Read_Location
 .text.LPI2C_Select_MuxChannel
                0x00003e88       0x70 ./src/lpi2c.o
                0x00003e88                LPI2C_Select_MuxChannel
 .text.LPTMR0_IRQHandler
                0x00003ef8       0x20 ./src/lptmr.o
                0x00003ef8                LPTMR0_IRQHandler
 .text.check_dorman_rights
                0x00003f18       0x2c ./src/main.o
                0x00003f18                check_dorman_rights
 .text.NVIC_Init_IRQs
                0x00003f44       0x60 ./src/main.o
                0x00003f44                NVIC_Init_IRQs
 .text.Init_SysTick
                0x00003fa4       0x20 ./src/main.o
                0x00003fa4                Init_SysTick
 .text.Task_1ms
                0x00003fc4       0xac ./src/main.o
                0x00003fc4                Task_1ms
 .text.Task_15ms
                0x00004070       0x20 ./src/main.o
                0x00004070                Task_15ms
 .text.SysTick_Handler
                0x00004090       0xcc ./src/main.o
                0x00004090                SysTick_Handler
 .text.Task_960msec
                0x0000415c       0x24 ./src/main.o
                0x0000415c                Task_960msec
 .text.Task_1sec
                0x00004180      0x24c ./src/main.o
                0x00004180                Task_1sec
 .text.GetTheAngleCounterValueCW
                0x000043cc      0x174 ./src/main.o
                0x000043cc                GetTheAngleCounterValueCW
 .text.GetTheAngleCounterValueCCW
                0x00004540      0x174 ./src/main.o
                0x00004540                GetTheAngleCounterValueCCW
 .text.ADC_Disable
                0x000046b4        0xc ./src/main.o
                0x000046b4                ADC_Disable
 .text.CSAS_checksum_Byte
                0x000046c0       0x16 ./src/main.o
                0x000046c0                CSAS_checksum_Byte
 *fill*         0x000046d6        0x2 
 .text.Low_voltage_detection_enable
                0x000046d8       0x10 ./src/main.o
                0x000046d8                Low_voltage_detection_enable
 .text.SCG_CMU_LVD_LVWSCG_IRQHandler
                0x000046e8       0x38 ./src/main.o
                0x000046e8                SCG_CMU_LVD_LVWSCG_IRQHandler
 .text.Flash_write_struct
                0x00004720       0x24 ./src/main.o
                0x00004720                Flash_write_struct
 .text.flash_checksum_write
                0x00004744       0x68 ./src/main.o
                0x00004744                flash_checksum_write
 .text.Flash_read_struct
                0x000047ac       0xec ./src/main.o
                0x000047ac                Flash_read_struct
 .text.Flash_array_store
                0x00004898       0xb0 ./src/main.o
                0x00004898                Flash_array_store
 .text.Task_12ms
                0x00004948      0xc78 ./src/main.o
                0x00004948                Task_12ms
 .text.Scheduler_Task
                0x000055c0       0x68 ./src/main.o
                0x000055c0                Scheduler_Task
 .text.Init_Sys_Peripherals
                0x00005628       0x30 ./src/main.o
                0x00005628                Init_Sys_Peripherals
 .text.main     0x00005658       0x44 ./src/main.o
                0x00005658                main
 .text.WDOG_disable
                0x0000569c       0x28 ./src/watchdog_driver.o
                0x0000569c                WDOG_disable
 .text.exit     0x000056c4       0x20 C:/NXP/S32DS_ARM_v2.2/S32DS/build_tools/gcc_v6.3/gcc-6.3-arm32-eabi/arm-none-eabi/newlib/lib/thumb/v6-m\libc.a(lib_a-exit.o)
                0x000056c4                exit
 .text.__libc_init_array
                0x000056e4       0x48 C:/NXP/S32DS_ARM_v2.2/S32DS/build_tools/gcc_v6.3/gcc-6.3-arm32-eabi/arm-none-eabi/newlib/lib/thumb/v6-m\libc.a(lib_a-init.o)
                0x000056e4                __libc_init_array
 .text.memcpy   0x0000572c       0x12 C:/NXP/S32DS_ARM_v2.2/S32DS/build_tools/gcc_v6.3/gcc-6.3-arm32-eabi/arm-none-eabi/newlib/lib/thumb/v6-m\libc.a(lib_a-memcpy-stub.o)
                0x0000572c                memcpy
 .text.memset   0x0000573e       0x10 C:/NXP/S32DS_ARM_v2.2/S32DS/build_tools/gcc_v6.3/gcc-6.3-arm32-eabi/arm-none-eabi/newlib/lib/thumb/v6-m\libc.a(lib_a-memset.o)
                0x0000573e                memset
 *fill*         0x0000574e        0x2 
 .text.startup.register_fini
                0x00005750       0x18 C:/NXP/S32DS_ARM_v2.2/S32DS/build_tools/gcc_v6.3/gcc-6.3-arm32-eabi/arm-none-eabi/newlib/lib/thumb/v6-m\libc.a(lib_a-__call_atexit.o)
 .text.__call_exitprocs
                0x00005768       0xc8 C:/NXP/S32DS_ARM_v2.2/S32DS/build_tools/gcc_v6.3/gcc-6.3-arm32-eabi/arm-none-eabi/newlib/lib/thumb/v6-m\libc.a(lib_a-__call_atexit.o)
                0x00005768                __call_exitprocs
 .text.__libc_fini_array
                0x00005830       0x28 C:/NXP/S32DS_ARM_v2.2/S32DS/build_tools/gcc_v6.3/gcc-6.3-arm32-eabi/arm-none-eabi/newlib/lib/thumb/v6-m\libc.a(lib_a-fini.o)
                0x00005830                __libc_fini_array
 .text.atexit   0x00005858       0x10 C:/NXP/S32DS_ARM_v2.2/S32DS/build_tools/gcc_v6.3/gcc-6.3-arm32-eabi/arm-none-eabi/newlib/lib/thumb/v6-m\libc.a(lib_a-atexit.o)
                0x00005858                atexit
 .text.__register_exitproc
                0x00005868       0x98 C:/NXP/S32DS_ARM_v2.2/S32DS/build_tools/gcc_v6.3/gcc-6.3-arm32-eabi/arm-none-eabi/newlib/lib/thumb/v6-m\libc.a(lib_a-__atexit.o)
                0x00005868                __register_exitproc
 .text._exit    0x00005900        0x2 C:/NXP/S32DS_ARM_v2.2/S32DS/build_tools/gcc_v6.3/gcc-6.3-arm32-eabi/arm-none-eabi/newlib/lib/thumb/v6-m\libnosys.a(_exit.o)
                0x00005900                _exit
 *(.rodata)
 *fill*         0x00005902        0x2 
 .rodata        0x00005904       0x80 c:/nxp/s32ds_arm_v2.2/s32ds/build_tools/gcc_v6.3/gcc-6.3-arm32-eabi/bin/../lib/gcc/arm-none-eabi/6.3.1/thumb/v6-m\libgcc.a(divsf3.o)
 .rodata        0x00005984       0x40 c:/nxp/s32ds_arm_v2.2/s32ds/build_tools/gcc_v6.3/gcc-6.3-arm32-eabi/bin/../lib/gcc/arm-none-eabi/6.3.1/thumb/v6-m\libgcc.a(mulsf3.o)
 .rodata        0x000059c4       0x40 c:/nxp/s32ds_arm_v2.2/s32ds/build_tools/gcc_v6.3/gcc-6.3-arm32-eabi/bin/../lib/gcc/arm-none-eabi/6.3.1/thumb/v6-m\libgcc.a(divdf3.o)
 .rodata        0x00005a04       0x40 c:/nxp/s32ds_arm_v2.2/s32ds/build_tools/gcc_v6.3/gcc-6.3-arm32-eabi/bin/../lib/gcc/arm-none-eabi/6.3.1/thumb/v6-m\libgcc.a(muldf3.o)
 *(.rodata*)
 .rodata.Set_Power_Mode
                0x00005a44       0x18 ./src/PWRMode_Driver.o
 .rodata.Read_ADC.cst2
                0x00005a5c        0x2 ./src/analog_sense.o
 *fill*         0x00005a5e        0x2 
 .rodata._global_impure_ptr
                0x00005a60        0x4 C:/NXP/S32DS_ARM_v2.2/S32DS/build_tools/gcc_v6.3/gcc-6.3-arm32-eabi/arm-none-eabi/newlib/lib/thumb/v6-m\libc.a(lib_a-impure.o)
                0x00005a60                _global_impure_ptr
 *(.glue_7)
 .glue_7        0x00005a64        0x0 linker stubs
 *(.glue_7t)
 .glue_7t       0x00005a64        0x0 linker stubs
 *(.eh_frame)
 .eh_frame      0x00005a64        0x0 c:/nxp/s32ds_arm_v2.2/s32ds/build_tools/gcc_v6.3/gcc-6.3-arm32-eabi/bin/../lib/gcc/arm-none-eabi/6.3.1/thumb/v6-m/crtbegin.o
 *(.init)
 .init          0x00005a64        0x4 c:/nxp/s32ds_arm_v2.2/s32ds/build_tools/gcc_v6.3/gcc-6.3-arm32-eabi/bin/../lib/gcc/arm-none-eabi/6.3.1/thumb/v6-m/crti.o
                0x00005a64                _init
 .init          0x00005a68        0x8 c:/nxp/s32ds_arm_v2.2/s32ds/build_tools/gcc_v6.3/gcc-6.3-arm32-eabi/bin/../lib/gcc/arm-none-eabi/6.3.1/thumb/v6-m/crtn.o
 *(.fini)
 .fini          0x00005a70        0x4 c:/nxp/s32ds_arm_v2.2/s32ds/build_tools/gcc_v6.3/gcc-6.3-arm32-eabi/bin/../lib/gcc/arm-none-eabi/6.3.1/thumb/v6-m/crti.o
                0x00005a70                _fini
 .fini          0x00005a74        0x8 c:/nxp/s32ds_arm_v2.2/s32ds/build_tools/gcc_v6.3/gcc-6.3-arm32-eabi/bin/../lib/gcc/arm-none-eabi/6.3.1/thumb/v6-m/crtn.o
                0x00005a7c                . = ALIGN (0x4)

.vfp11_veneer   0x00005a7c        0x0
 .vfp11_veneer  0x00005a7c        0x0 linker stubs

.v4_bx          0x00005a7c        0x0
 .v4_bx         0x00005a7c        0x0 linker stubs

.iplt           0x00005a7c        0x0
 .iplt          0x00005a7c        0x0 c:/nxp/s32ds_arm_v2.2/s32ds/build_tools/gcc_v6.3/gcc-6.3-arm32-eabi/bin/../lib/gcc/arm-none-eabi/6.3.1/thumb/v6-m/crtbegin.o

.ARM.extab
 *(.ARM.extab* .gnu.linkonce.armextab.*)

.ARM            0x00005a7c        0x8
                0x00005a7c                __exidx_start = .
 *(.ARM.exidx*)
 .ARM.exidx     0x00005a7c        0x8 C:/NXP/S32DS_ARM_v2.2/S32DS/build_tools/gcc_v6.3/gcc-6.3-arm32-eabi/arm-none-eabi/newlib/lib/thumb/v6-m/crt0.o
                0x00005a84                __exidx_end = .

.rel.dyn        0x00005a84        0x0
 .rel.iplt      0x00005a84        0x0 c:/nxp/s32ds_arm_v2.2/s32ds/build_tools/gcc_v6.3/gcc-6.3-arm32-eabi/bin/../lib/gcc/arm-none-eabi/6.3.1/thumb/v6-m/crtbegin.o

.ctors          0x00005a84        0x0
                0x00005a84                __CTOR_LIST__ = .
 *crtbegin.o(.ctors)
 *crtbegin?.o(.ctors)
 *(EXCLUDE_FILE(*crtend.o *crtend?.o) .ctors)
 *(SORT(.ctors.*))
 *(.ctors)
                0x00005a84                __CTOR_END__ = .

.dtors          0x00005a84        0x0
                0x00005a84                __DTOR_LIST__ = .
 *crtbegin.o(.dtors)
 *crtbegin?.o(.dtors)
 *(EXCLUDE_FILE(*crtend.o *crtend?.o) .dtors)
 *(SORT(.dtors.*))
 *(.dtors)
                0x00005a84                __DTOR_END__ = .

.preinit_array  0x00005a84        0x0
                0x00005a84                PROVIDE (__preinit_array_start, .)
 *(.preinit_array*)
                0x00005a84                PROVIDE (__preinit_array_end, .)

.init_array     0x00005a84        0x8
                0x00005a84                PROVIDE (__init_array_start, .)
 *(SORT(.init_array.*))
 .init_array.00000
                0x00005a84        0x4 C:/NXP/S32DS_ARM_v2.2/S32DS/build_tools/gcc_v6.3/gcc-6.3-arm32-eabi/arm-none-eabi/newlib/lib/thumb/v6-m\libc.a(lib_a-__call_atexit.o)
 *(.init_array*)
 .init_array    0x00005a88        0x4 c:/nxp/s32ds_arm_v2.2/s32ds/build_tools/gcc_v6.3/gcc-6.3-arm32-eabi/bin/../lib/gcc/arm-none-eabi/6.3.1/thumb/v6-m/crtbegin.o
                0x00005a8c                PROVIDE (__init_array_end, .)

.fini_array     0x00005a8c        0x4
                0x00005a8c                PROVIDE (__fini_array_start, .)
 *(SORT(.fini_array.*))
 *(.fini_array*)
 .fini_array    0x00005a8c        0x4 c:/nxp/s32ds_arm_v2.2/s32ds/build_tools/gcc_v6.3/gcc-6.3-arm32-eabi/bin/../lib/gcc/arm-none-eabi/6.3.1/thumb/v6-m/crtbegin.o
                0x00005a90                PROVIDE (__fini_array_end, .)
                0x00005a90                __etext = .
                0x00005a90                __DATA_ROM = .

.interrupts_ram
                0x20000000       0xc0
                0x20000000                . = ALIGN (0x4)
                0x20000000                __VECTOR_RAM__ = .
                0x20000000                __RAM_START = .
                0x20000000                __interrupts_ram_start__ = .
 *(.m_interrupts_ram)
                0x200000c0                . = (. + M_VECTOR_RAM_SIZE)
 *fill*         0x20000000       0xc0 
                0x200000c0                . = ALIGN (0x4)
                0x200000c0                __interrupts_ram_end__ = .
                0x20000000                __VECTOR_RAM = DEFINED (__flash_vector_table__)?ORIGIN (m_interrupts):__VECTOR_RAM__
                0x000000c0                __RAM_VECTOR_TABLE_SIZE = DEFINED (__flash_vector_table__)?0x0:(__interrupts_ram_end__ - __interrupts_ram_start__)

.data           0x200000c0      0x4dc load address 0x00005a90
                0x200000c0                . = ALIGN (0x4)
                0x200000c0                __DATA_RAM = .
                0x200000c0                __data_start__ = .
 *(.data)
 *(.data*)
 .data.gu8CSASclearcompletemem
                0x200000c0        0x8 ./src/CAN_app.o
                0x200000c0                gu8CSASclearcompletemem
 .data.gu8CSASdiagnosticack
                0x200000c8        0x8 ./src/CAN_app.o
                0x200000c8                gu8CSASdiagnosticack
 .data.gu8CSASendzeropoint
                0x200000d0        0x8 ./src/CAN_app.o
                0x200000d0                gu8CSASendzeropoint
 .data.gu8CSASresponse
                0x200000d8        0x8 ./src/CAN_app.o
                0x200000d8                gu8CSASresponse
 .data.gu8CSASresponsepending
                0x200000e0        0x8 ./src/CAN_app.o
                0x200000e0                gu8CSASresponsepending
 .data.gu8CSASsendsasoutput
                0x200000e8        0x8 ./src/CAN_app.o
                0x200000e8                gu8CSASsendsasoutput
 .data.gu8CSASsendsasoutput3
                0x200000f0        0x8 ./src/CAN_app.o
                0x200000f0                gu8CSASsendsasoutput3
 .data.gu8CSAStesterpresentack
                0x200000f8        0x8 ./src/CAN_app.o
                0x200000f8                gu8CSAStesterpresentack
 .data.start_address
                0x20000100        0x4 ./src/Flash.o
                0x20000100                start_address
 .data.gpio_struct
                0x20000104       0x3c ./src/GPIO_app.o
                0x20000104                gpio_struct
 .data.ptb_in   0x20000140        0x1 ./src/GPIO_app.o
                0x20000140                ptb_in
 *fill*         0x20000141        0x3 
 .data.ptb_out  0x20000144        0x2 ./src/GPIO_app.o
                0x20000144                ptb_out
 *fill*         0x20000146        0x2 
 .data.ptd_out  0x20000148        0x2 ./src/GPIO_app.o
                0x20000148                ptd_out
 .data.IsSasAngleDataValid
                0x2000014a        0x1 ./src/main.o
                0x2000014a                IsSasAngleDataValid
 *fill*         0x2000014b        0x1 
 .data.gu16ClockWiseCounterS1
                0x2000014c        0x2 ./src/main.o
                0x2000014c                gu16ClockWiseCounterS1
 .data.gu16ClockWiseCounterS2
                0x2000014e        0x2 ./src/main.o
                0x2000014e                gu16ClockWiseCounterS2
 .data.gu16CounterClockWiseCounterS1
                0x20000150        0x2 ./src/main.o
                0x20000150                gu16CounterClockWiseCounterS1
 .data.gu16CounterClockWiseCounterS2
                0x20000152        0x2 ./src/main.o
                0x20000152                gu16CounterClockWiseCounterS2
 .data.gu16phaseangleratio
                0x20000154        0x4 ./src/main.o
                0x20000154                gu16phaseangleratio
 .data.gu8CSASCanDataFrame
                0x20000158        0x8 ./src/main.o
                0x20000158                gu8CSASCanDataFrame
 .data.gu8CSASCanDataFrame_1Sec
                0x20000160        0x1 ./src/main.o
                0x20000160                gu8CSASCanDataFrame_1Sec
 *fill*         0x20000161        0x3 
 .data.gu8CSASCanDataFrame_960MS
                0x20000164        0x8 ./src/main.o
                0x20000164                gu8CSASCanDataFrame_960MS
 .data.gu8CSASCanDataFrame_Anglelimit
                0x2000016c        0x8 ./src/main.o
                0x2000016c                gu8CSASCanDataFrame_Anglelimit
 .data.poweroff_address
                0x20000174        0x4 ./src/main.o
                0x20000174                poweroff_address
 .data.test_char_t1
                0x20000178        0x6 ./src/main.o
                0x20000178                test_char_t1
 *fill*         0x2000017e        0x2 
 .data.impure_data
                0x20000180      0x418 C:/NXP/S32DS_ARM_v2.2/S32DS/build_tools/gcc_v6.3/gcc-6.3-arm32-eabi/arm-none-eabi/newlib/lib/thumb/v6-m\libc.a(lib_a-impure.o)
 *(.jcr*)
 .jcr           0x20000598        0x0 c:/nxp/s32ds_arm_v2.2/s32ds/build_tools/gcc_v6.3/gcc-6.3-arm32-eabi/bin/../lib/gcc/arm-none-eabi/6.3.1/thumb/v6-m/crtbegin.o
 .jcr           0x20000598        0x4 c:/nxp/s32ds_arm_v2.2/s32ds/build_tools/gcc_v6.3/gcc-6.3-arm32-eabi/bin/../lib/gcc/arm-none-eabi/6.3.1/thumb/v6-m/crtend.o
                0x2000059c                . = ALIGN (0x4)
                0x2000059c                __data_end__ = .
                0x00005f6c                __DATA_END = (__DATA_ROM + (__data_end__ - __data_start__))
                0x00005f6c                __CODE_ROM = __DATA_END

.tm_clone_table
                0x2000059c        0x0 load address 0x00005f6c
 .tm_clone_table
                0x2000059c        0x0 c:/nxp/s32ds_arm_v2.2/s32ds/build_tools/gcc_v6.3/gcc-6.3-arm32-eabi/bin/../lib/gcc/arm-none-eabi/6.3.1/thumb/v6-m/crtbegin.o
 .tm_clone_table
                0x2000059c        0x0 c:/nxp/s32ds_arm_v2.2/s32ds/build_tools/gcc_v6.3/gcc-6.3-arm32-eabi/bin/../lib/gcc/arm-none-eabi/6.3.1/thumb/v6-m/crtend.o

.igot.plt       0x2000059c        0x0 load address 0x00005f6c
 .igot.plt      0x2000059c        0x0 c:/nxp/s32ds_arm_v2.2/s32ds/build_tools/gcc_v6.3/gcc-6.3-arm32-eabi/bin/../lib/gcc/arm-none-eabi/6.3.1/thumb/v6-m/crtbegin.o

.code           0x2000059c        0x0 load address 0x00005f6c
                0x2000059c                . = ALIGN (0x4)
                0x2000059c                __CODE_RAM = .
                0x2000059c                __code_start__ = .
                0x2000059c                __code_ram_start__ = .
 *(.code_ram)
                0x2000059c                . = ALIGN (0x4)
                0x2000059c                __code_end__ = .
                0x2000059c                __code_ram_end__ = .
                0x00005f6c                __CODE_END = (__CODE_ROM + (__code_end__ - __code_start__))
                0x00005f6c                __CUSTOM_ROM = __CODE_END

.customSectionBlock
                0x200020c0        0x0 load address 0x00005f6c
                0x200020c0                __customSection_start__ = .
 *(.customSection)
                0x200020c0                __customSection_end__ = .
                0x00005f6c                __CUSTOM_END = (__CUSTOM_ROM + (__customSection_end__ - __customSection_start__))

.bss            0x200020c0      0x138
                0x200020c0                . = ALIGN (0x4)
                0x200020c0                __BSS_START = .
                0x200020c0                __bss_start__ = .
 *(.bss)
 .bss           0x200020c0       0x1c c:/nxp/s32ds_arm_v2.2/s32ds/build_tools/gcc_v6.3/gcc-6.3-arm32-eabi/bin/../lib/gcc/arm-none-eabi/6.3.1/thumb/v6-m/crtbegin.o
 *(.bss*)
 .bss.u16RegAngleData
                0x200020dc        0x2 ./src/AppSAS.o
                0x200020dc                u16RegAngleData
 .bss.u8RegMuxSelect
                0x200020de        0x1 ./src/AppSAS.o
                0x200020de                u8RegMuxSelect
 .bss.u8RegReadValAngleLSB
                0x200020df        0x1 ./src/AppSAS.o
                0x200020df                u8RegReadValAngleLSB
 .bss.u8RegReadValAngleMSB
                0x200020e0        0x1 ./src/AppSAS.o
                0x200020e0                u8RegReadValAngleMSB
 .bss.u8RegReadValMagPresent
                0x200020e1        0x1 ./src/AppSAS.o
                0x200020e1                u8RegReadValMagPresent
 .bss.Cal_Stop  0x200020e2        0x1 ./src/CAN_app.o
                0x200020e2                Cal_Stop
 .bss.byte0_msb
                0x200020e3        0x1 ./src/CAN_app.o
                0x200020e3                byte0_msb
 .bss.can_msg   0x200020e4        0x8 ./src/CAN_app.o
                0x200020e4                can_msg
 .bss.canrxid   0x200020ec        0x4 ./src/CAN_app.o
                0x200020ec                canrxid
 .bss.clear     0x200020f0        0xc ./src/CAN_app.o
                0x200020f0                clear
 .bss.gCANMailBoxNo
                0x200020fc        0x1 ./src/CAN_app.o
                0x200020fc                gCANMailBoxNo
 *fill*         0x200020fd        0x3 
 .bss.write_cal_data
                0x20002100        0x5 ./src/CAN_app.o
                0x20002100                write_cal_data
 .bss.loop      0x20002105        0x1 ./src/Flash.o
                0x20002105                loop
 *fill*         0x20002106        0x2 
 .bss.temp_addr
                0x20002108        0x4 ./src/Flash.o
                0x20002108                temp_addr
 .bss.error     0x2000210c        0x1 ./src/lpi2c.o
 *fill*         0x2000210d        0x3 
 .bss.ADC_Output
                0x20002110        0x4 ./src/main.o
                0x20002110                ADC_Output
 .bss.AngleDataCAN
                0x20002114        0x2 ./src/main.o
                0x20002114                AngleDataCAN
 *fill*         0x20002116        0x2 
 .bss.BattVoltage
                0x20002118        0x4 ./src/main.o
                0x20002118                BattVoltage
 .bss.CalOk     0x2000211c        0x1 ./src/main.o
                0x2000211c                CalOk
 .bss.Count_100ms_Reg
                0x2000211d        0x1 ./src/main.o
                0x2000211d                Count_100ms_Reg
 .bss.Count_10ms_Reg
                0x2000211e        0x1 ./src/main.o
                0x2000211e                Count_10ms_Reg
 .bss.Count_15ms_Reg
                0x2000211f        0x1 ./src/main.o
                0x2000211f                Count_15ms_Reg
 .bss.Count_1ms_Reg
                0x20002120        0x1 ./src/main.o
                0x20002120                Count_1ms_Reg
 .bss.Count_1sec_Reg
                0x20002121        0x1 ./src/main.o
                0x20002121                Count_1sec_Reg
 .bss.F_CalOk   0x20002122        0x1 ./src/main.o
                0x20002122                F_CalOk
 .bss.IsCalibarationComp
                0x20002123        0x1 ./src/main.o
                0x20002123                IsCalibarationComp
 .bss.IsSasAngleExceed
                0x20002124        0x1 ./src/main.o
                0x20002124                IsSasAngleExceed
 .bss.IsSasAngleoutphase
                0x20002125        0x1 ./src/main.o
                0x20002125                IsSasAngleoutphase
 .bss.IsSasHardFault
                0x20002126        0x1 ./src/main.o
                0x20002126                IsSasHardFault
 *fill*         0x20002127        0x1 
 .bss.TempVar   0x20002128        0x2 ./src/main.o
                0x20002128                TempVar
 *fill*         0x2000212a        0x2 
 .bss.TempVar_1
                0x2000212c        0x4 ./src/main.o
                0x2000212c                TempVar_1
 .bss.Temp_angle
                0x20002130        0x4 ./src/main.o
                0x20002130                Temp_angle
 .bss.cal_stuck
                0x20002134        0x1 ./src/main.o
                0x20002134                cal_stuck
 .bss.decrement_flag
                0x20002135        0x1 ./src/main.o
                0x20002135                decrement_flag
 .bss.dorman_flag
                0x20002136        0x1 ./src/main.o
                0x20002136                dorman_flag
 *fill*         0x20002137        0x1 
 .bss.flash_array
                0x20002138        0xc ./src/main.o
                0x20002138                flash_array
 .bss.flash_struct_data
                0x20002144       0x10 ./src/main.o
                0x20002144                flash_struct_data
 .bss.gu16AHFromS1
                0x20002154        0x4 ./src/main.o
                0x20002154                gu16AHFromS1
 .bss.gu16AHFromS2
                0x20002158        0x4 ./src/main.o
                0x20002158                gu16AHFromS2
 .bss.gu16AS5600s1Angle
                0x2000215c        0x2 ./src/main.o
                0x2000215c                gu16AS5600s1Angle
 .bss.gu16AS5600s2Angle
                0x2000215e        0x2 ./src/main.o
                0x2000215e                gu16AS5600s2Angle
 .bss.gu16AbsAngleS1
                0x20002160        0x4 ./src/main.o
                0x20002160                gu16AbsAngleS1
 .bss.gu16AbsAngleS2
                0x20002164        0x4 ./src/main.o
                0x20002164                gu16AbsAngleS2
 .bss.gu16CCWAngleS1
                0x20002168        0x4 ./src/main.o
                0x20002168                gu16CCWAngleS1
 .bss.gu16CCWAngleS2
                0x2000216c        0x4 ./src/main.o
                0x2000216c                gu16CCWAngleS2
 .bss.gu16CWAngleS1
                0x20002170        0x4 ./src/main.o
                0x20002170                gu16CWAngleS1
 .bss.gu16CWAngleS2
                0x20002174        0x4 ./src/main.o
                0x20002174                gu16CWAngleS2
 .bss.gu16CounterValue
                0x20002178        0x2 ./src/main.o
 .bss.gu16CurrentAngleData1
                0x2000217a        0x2 ./src/main.o
                0x2000217a                gu16CurrentAngleData1
 .bss.gu16CurrentAngleData1_phase
                0x2000217c        0x2 ./src/main.o
                0x2000217c                gu16CurrentAngleData1_phase
 .bss.gu16CurrentAngleData2
                0x2000217e        0x2 ./src/main.o
                0x2000217e                gu16CurrentAngleData2
 .bss.gu16CurrentAngleData2_phase
                0x20002180        0x2 ./src/main.o
                0x20002180                gu16CurrentAngleData2_phase
 *fill*         0x20002182        0x2 
 .bss.gu16FinalSasAngle
                0x20002184        0x4 ./src/main.o
                0x20002184                gu16FinalSasAngle
 .bss.gu16PreviousAngleData1
                0x20002188        0x2 ./src/main.o
                0x20002188                gu16PreviousAngleData1
 .bss.gu16PreviousAngleData1_phase
                0x2000218a        0x2 ./src/main.o
                0x2000218a                gu16PreviousAngleData1_phase
 .bss.gu16PreviousAngleData2
                0x2000218c        0x2 ./src/main.o
                0x2000218c                gu16PreviousAngleData2
 .bss.gu16PreviousAngleData2_phase
                0x2000218e        0x2 ./src/main.o
                0x2000218e                gu16PreviousAngleData2_phase
 .bss.gu16RevCntS1
                0x20002190        0x2 ./src/main.o
                0x20002190                gu16RevCntS1
 .bss.gu16RevCntS2
                0x20002192        0x2 ./src/main.o
                0x20002192                gu16RevCntS2
 .bss.gu16TempVar
                0x20002194        0x2 ./src/main.o
                0x20002194                gu16TempVar
 .bss.gu16ZeroPositionS1
                0x20002196        0x2 ./src/main.o
                0x20002196                gu16ZeroPositionS1
 .bss.gu16ZeroPositionS2
                0x20002198        0x2 ./src/main.o
                0x20002198                gu16ZeroPositionS2
 .bss.gu8STDIDbit
                0x2000219a        0x1 ./src/main.o
                0x2000219a                gu8STDIDbit
 .bss.gu8STSnibble
                0x2000219b        0x1 ./src/main.o
                0x2000219b                gu8STSnibble
 .bss.gu8increment_value
                0x2000219c        0x1 ./src/main.o
                0x2000219c                gu8increment_value
 .bss.isFlagCCWS1
                0x2000219d        0x1 ./src/main.o
                0x2000219d                isFlagCCWS1
 .bss.isFlagCCWS2
                0x2000219e        0x1 ./src/main.o
                0x2000219e                isFlagCCWS2
 .bss.isFlagCWS1
                0x2000219f        0x1 ./src/main.o
                0x2000219f                isFlagCWS1
 .bss.isFlagCWS2
                0x200021a0        0x1 ./src/main.o
                0x200021a0                isFlagCWS2
 .bss.isFlagpoweroff
                0x200021a1        0x1 ./src/main.o
                0x200021a1                isFlagpoweroff
 .bss.isFlagpoweroff_1
                0x200021a2        0x1 ./src/main.o
                0x200021a2                isFlagpoweroff_1
 .bss.isMovedS1
                0x200021a3        0x1 ./src/main.o
                0x200021a3                isMovedS1
 .bss.isMovedS2
                0x200021a4        0x1 ./src/main.o
                0x200021a4                isMovedS2
 .bss.phase_check
                0x200021a5        0x1 ./src/main.o
                0x200021a5                phase_check
 *fill*         0x200021a6        0x2 
 .bss.speed     0x200021a8        0x4 ./src/main.o
                0x200021a8                speed
 .bss.velocity  0x200021ac        0x2 ./src/main.o
                0x200021ac                velocity
 *(COMMON)
 *fill*         0x200021ae        0x2 
 COMMON         0x200021b0        0xc ./src/CAN_app.o
                0x200021b0                byte1_msb
                0x200021b4                RxBuff
 COMMON         0x200021bc       0x19 ./src/FlexCAN.o
                0x200021bc                RxDATA
                0x200021c4                RxID
                0x200021c8                RxLENGTH
                0x200021cc                RxCODE
                0x200021d0                RxTIMESTAMP
                0x200021d4                RxIDType
 *fill*         0x200021d5        0x3 
 COMMON         0x200021d8       0x20 ./src/main.o
                0x200021d8                err_3
                0x200021dc                address
                0x200021e0                Destination_Buff
                0x200021ea                err_1
                0x200021eb                err_4
                0x200021ec                err_0
                0x200021ed                err_5
                0x200021ee                err_2
                0x200021ef                err_6
                0x200021f0                ready
                0x200021f4                Flag
                0x200021f8                . = ALIGN (0x4)
                0x200021f8                __bss_end__ = .
                0x200021f8                __BSS_END = .

.heap           0x200021f8      0x200
                0x200021f8                . = ALIGN (0x8)
                0x200021f8                __end__ = .
                0x200021f8                __heap_start__ = .
                [!provide]                PROVIDE (end, .)
                [!provide]                PROVIDE (_end, .)
                [!provide]                PROVIDE (__end, .)
                0x200021f8                __HeapBase = .
                0x200023f8                . = (. + HEAP_SIZE)
 *fill*         0x200021f8      0x200 
                0x200023f8                __HeapLimit = .
                0x200023f8                __heap_limit = .
                0x200023f8                __heap_end__ = .
                0x20003800                __StackTop = (ORIGIN (m_data_2) + LENGTH (m_data_2))
                0x20003600                __StackLimit = (__StackTop - STACK_SIZE)
                0x20003800                PROVIDE (__stack, __StackTop)
                0x20003800                __RAM_END = __StackTop

.stack          0x20003600      0x200
                0x20003600                . = ALIGN (0x8)
                0x20003600                __stack_start__ = .
                0x20003800                . = (. + STACK_SIZE)
 *fill*         0x20003600      0x200 
                0x20003800                __stack_end__ = .
                0x200020c0                __START_BSS = __BSS_START
                0x200021f8                __END_BSS = __BSS_END
                0x20003800                __SP_INIT = __StackTop

.ARM.attributes
                0x00000000       0x28
 *(.ARM.attributes)
 .ARM.attributes
                0x00000000       0x1e c:/nxp/s32ds_arm_v2.2/s32ds/build_tools/gcc_v6.3/gcc-6.3-arm32-eabi/bin/../lib/gcc/arm-none-eabi/6.3.1/thumb/v6-m/crti.o
 .ARM.attributes
                0x0000001e       0x2c c:/nxp/s32ds_arm_v2.2/s32ds/build_tools/gcc_v6.3/gcc-6.3-arm32-eabi/bin/../lib/gcc/arm-none-eabi/6.3.1/thumb/v6-m/crtbegin.o
 .ARM.attributes
                0x0000004a       0x1b C:/NXP/S32DS_ARM_v2.2/S32DS/build_tools/gcc_v6.3/gcc-6.3-arm32-eabi/arm-none-eabi/newlib/lib/thumb/v6-m/crt0.o
 .ARM.attributes
                0x00000065       0x32 ./Project_Settings/Startup_Code/startup.o
 .ARM.attributes
                0x00000097       0x1b ./Project_Settings/Startup_Code/startup_S32K116.o
 .ARM.attributes
                0x000000b2       0x32 ./Project_Settings/Startup_Code/system_S32K116.o
 .ARM.attributes
                0x000000e4       0x32 ./src/AppSAS.o
 .ARM.attributes
                0x00000116       0x32 ./src/CAN_app.o
 .ARM.attributes
                0x00000148       0x32 ./src/Flash.o
 .ARM.attributes
                0x0000017a       0x32 ./src/FlexCAN.o
 .ARM.attributes
                0x000001ac       0x32 ./src/GPIO_Driver.o
 .ARM.attributes
                0x000001de       0x32 ./src/GPIO_app.o
 .ARM.attributes
                0x00000210       0x32 ./src/PWRMode_Driver.o
 .ARM.attributes
                0x00000242       0x32 ./src/analog_sense.o
 .ARM.attributes
                0x00000274       0x32 ./src/clk.o
 .ARM.attributes
                0x000002a6       0x32 ./src/lpi2c.o
 .ARM.attributes
                0x000002d8       0x32 ./src/lptmr.o
 .ARM.attributes
                0x0000030a       0x32 ./src/main.o
 .ARM.attributes
                0x0000033c       0x32 ./src/watchdog_driver.o
 .ARM.attributes
                0x0000036e       0x1e c:/nxp/s32ds_arm_v2.2/s32ds/build_tools/gcc_v6.3/gcc-6.3-arm32-eabi/bin/../lib/gcc/arm-none-eabi/6.3.1/thumb/v6-m\libgcc.a(_udivsi3.o)
 .ARM.attributes
                0x0000038c       0x1e c:/nxp/s32ds_arm_v2.2/s32ds/build_tools/gcc_v6.3/gcc-6.3-arm32-eabi/bin/../lib/gcc/arm-none-eabi/6.3.1/thumb/v6-m\libgcc.a(_dvmd_tls.o)
 .ARM.attributes
                0x000003aa       0x1e c:/nxp/s32ds_arm_v2.2/s32ds/build_tools/gcc_v6.3/gcc-6.3-arm32-eabi/bin/../lib/gcc/arm-none-eabi/6.3.1/thumb/v6-m\libgcc.a(_arm_cmpdf2.o)
 .ARM.attributes
                0x000003c8       0x1e c:/nxp/s32ds_arm_v2.2/s32ds/build_tools/gcc_v6.3/gcc-6.3-arm32-eabi/bin/../lib/gcc/arm-none-eabi/6.3.1/thumb/v6-m\libgcc.a(_arm_cmpsf2.o)
 .ARM.attributes
                0x000003e6       0x2c c:/nxp/s32ds_arm_v2.2/s32ds/build_tools/gcc_v6.3/gcc-6.3-arm32-eabi/bin/../lib/gcc/arm-none-eabi/6.3.1/thumb/v6-m\libgcc.a(_fixunssfsi.o)
 .ARM.attributes
                0x00000412       0x2c c:/nxp/s32ds_arm_v2.2/s32ds/build_tools/gcc_v6.3/gcc-6.3-arm32-eabi/bin/../lib/gcc/arm-none-eabi/6.3.1/thumb/v6-m\libgcc.a(_fixunsdfsi.o)
 .ARM.attributes
                0x0000043e       0x2c c:/nxp/s32ds_arm_v2.2/s32ds/build_tools/gcc_v6.3/gcc-6.3-arm32-eabi/bin/../lib/gcc/arm-none-eabi/6.3.1/thumb/v6-m\libgcc.a(addsf3.o)
 .ARM.attributes
                0x0000046a       0x2c c:/nxp/s32ds_arm_v2.2/s32ds/build_tools/gcc_v6.3/gcc-6.3-arm32-eabi/bin/../lib/gcc/arm-none-eabi/6.3.1/thumb/v6-m\libgcc.a(divsf3.o)
 .ARM.attributes
                0x00000496       0x2c c:/nxp/s32ds_arm_v2.2/s32ds/build_tools/gcc_v6.3/gcc-6.3-arm32-eabi/bin/../lib/gcc/arm-none-eabi/6.3.1/thumb/v6-m\libgcc.a(eqsf2.o)
 .ARM.attributes
                0x000004c2       0x2c c:/nxp/s32ds_arm_v2.2/s32ds/build_tools/gcc_v6.3/gcc-6.3-arm32-eabi/bin/../lib/gcc/arm-none-eabi/6.3.1/thumb/v6-m\libgcc.a(gesf2.o)
 .ARM.attributes
                0x000004ee       0x2c c:/nxp/s32ds_arm_v2.2/s32ds/build_tools/gcc_v6.3/gcc-6.3-arm32-eabi/bin/../lib/gcc/arm-none-eabi/6.3.1/thumb/v6-m\libgcc.a(lesf2.o)
 .ARM.attributes
                0x0000051a       0x2c c:/nxp/s32ds_arm_v2.2/s32ds/build_tools/gcc_v6.3/gcc-6.3-arm32-eabi/bin/../lib/gcc/arm-none-eabi/6.3.1/thumb/v6-m\libgcc.a(mulsf3.o)
 .ARM.attributes
                0x00000546       0x2c c:/nxp/s32ds_arm_v2.2/s32ds/build_tools/gcc_v6.3/gcc-6.3-arm32-eabi/bin/../lib/gcc/arm-none-eabi/6.3.1/thumb/v6-m\libgcc.a(subsf3.o)
 .ARM.attributes
                0x00000572       0x2c c:/nxp/s32ds_arm_v2.2/s32ds/build_tools/gcc_v6.3/gcc-6.3-arm32-eabi/bin/../lib/gcc/arm-none-eabi/6.3.1/thumb/v6-m\libgcc.a(fixsfsi.o)
 .ARM.attributes
                0x0000059e       0x2c c:/nxp/s32ds_arm_v2.2/s32ds/build_tools/gcc_v6.3/gcc-6.3-arm32-eabi/bin/../lib/gcc/arm-none-eabi/6.3.1/thumb/v6-m\libgcc.a(floatsisf.o)
 .ARM.attributes
                0x000005ca       0x2c c:/nxp/s32ds_arm_v2.2/s32ds/build_tools/gcc_v6.3/gcc-6.3-arm32-eabi/bin/../lib/gcc/arm-none-eabi/6.3.1/thumb/v6-m\libgcc.a(floatunsisf.o)
 .ARM.attributes
                0x000005f6       0x2c c:/nxp/s32ds_arm_v2.2/s32ds/build_tools/gcc_v6.3/gcc-6.3-arm32-eabi/bin/../lib/gcc/arm-none-eabi/6.3.1/thumb/v6-m\libgcc.a(divdf3.o)
 .ARM.attributes
                0x00000622       0x2c c:/nxp/s32ds_arm_v2.2/s32ds/build_tools/gcc_v6.3/gcc-6.3-arm32-eabi/bin/../lib/gcc/arm-none-eabi/6.3.1/thumb/v6-m\libgcc.a(eqdf2.o)
 .ARM.attributes
                0x0000064e       0x2c c:/nxp/s32ds_arm_v2.2/s32ds/build_tools/gcc_v6.3/gcc-6.3-arm32-eabi/bin/../lib/gcc/arm-none-eabi/6.3.1/thumb/v6-m\libgcc.a(gedf2.o)
 .ARM.attributes
                0x0000067a       0x2c c:/nxp/s32ds_arm_v2.2/s32ds/build_tools/gcc_v6.3/gcc-6.3-arm32-eabi/bin/../lib/gcc/arm-none-eabi/6.3.1/thumb/v6-m\libgcc.a(ledf2.o)
 .ARM.attributes
                0x000006a6       0x2c c:/nxp/s32ds_arm_v2.2/s32ds/build_tools/gcc_v6.3/gcc-6.3-arm32-eabi/bin/../lib/gcc/arm-none-eabi/6.3.1/thumb/v6-m\libgcc.a(muldf3.o)
 .ARM.attributes
                0x000006d2       0x2c c:/nxp/s32ds_arm_v2.2/s32ds/build_tools/gcc_v6.3/gcc-6.3-arm32-eabi/bin/../lib/gcc/arm-none-eabi/6.3.1/thumb/v6-m\libgcc.a(subdf3.o)
 .ARM.attributes
                0x000006fe       0x2c c:/nxp/s32ds_arm_v2.2/s32ds/build_tools/gcc_v6.3/gcc-6.3-arm32-eabi/bin/../lib/gcc/arm-none-eabi/6.3.1/thumb/v6-m\libgcc.a(fixdfsi.o)
 .ARM.attributes
                0x0000072a       0x2c c:/nxp/s32ds_arm_v2.2/s32ds/build_tools/gcc_v6.3/gcc-6.3-arm32-eabi/bin/../lib/gcc/arm-none-eabi/6.3.1/thumb/v6-m\libgcc.a(floatsidf.o)
 .ARM.attributes
                0x00000756       0x2c c:/nxp/s32ds_arm_v2.2/s32ds/build_tools/gcc_v6.3/gcc-6.3-arm32-eabi/bin/../lib/gcc/arm-none-eabi/6.3.1/thumb/v6-m\libgcc.a(extendsfdf2.o)
 .ARM.attributes
                0x00000782       0x2c c:/nxp/s32ds_arm_v2.2/s32ds/build_tools/gcc_v6.3/gcc-6.3-arm32-eabi/bin/../lib/gcc/arm-none-eabi/6.3.1/thumb/v6-m\libgcc.a(truncdfsf2.o)
 .ARM.attributes
                0x000007ae       0x1e c:/nxp/s32ds_arm_v2.2/s32ds/build_tools/gcc_v6.3/gcc-6.3-arm32-eabi/bin/../lib/gcc/arm-none-eabi/6.3.1/thumb/v6-m\libgcc.a(_clzsi2.o)
 .ARM.attributes
                0x000007cc       0x2c C:/NXP/S32DS_ARM_v2.2/S32DS/build_tools/gcc_v6.3/gcc-6.3-arm32-eabi/arm-none-eabi/newlib/lib/thumb/v6-m\libc.a(lib_a-exit.o)
 .ARM.attributes
                0x000007f8       0x2c C:/NXP/S32DS_ARM_v2.2/S32DS/build_tools/gcc_v6.3/gcc-6.3-arm32-eabi/arm-none-eabi/newlib/lib/thumb/v6-m\libc.a(lib_a-impure.o)
 .ARM.attributes
                0x00000824       0x2c C:/NXP/S32DS_ARM_v2.2/S32DS/build_tools/gcc_v6.3/gcc-6.3-arm32-eabi/arm-none-eabi/newlib/lib/thumb/v6-m\libc.a(lib_a-init.o)
 .ARM.attributes
                0x00000850       0x2c C:/NXP/S32DS_ARM_v2.2/S32DS/build_tools/gcc_v6.3/gcc-6.3-arm32-eabi/arm-none-eabi/newlib/lib/thumb/v6-m\libc.a(lib_a-memcpy-stub.o)
 .ARM.attributes
                0x0000087c       0x2c C:/NXP/S32DS_ARM_v2.2/S32DS/build_tools/gcc_v6.3/gcc-6.3-arm32-eabi/arm-none-eabi/newlib/lib/thumb/v6-m\libc.a(lib_a-memset.o)
 .ARM.attributes
                0x000008a8       0x2c C:/NXP/S32DS_ARM_v2.2/S32DS/build_tools/gcc_v6.3/gcc-6.3-arm32-eabi/arm-none-eabi/newlib/lib/thumb/v6-m\libc.a(lib_a-__call_atexit.o)
 .ARM.attributes
                0x000008d4       0x2c C:/NXP/S32DS_ARM_v2.2/S32DS/build_tools/gcc_v6.3/gcc-6.3-arm32-eabi/arm-none-eabi/newlib/lib/thumb/v6-m\libc.a(lib_a-fini.o)
 .ARM.attributes
                0x00000900       0x2c C:/NXP/S32DS_ARM_v2.2/S32DS/build_tools/gcc_v6.3/gcc-6.3-arm32-eabi/arm-none-eabi/newlib/lib/thumb/v6-m\libc.a(lib_a-atexit.o)
 .ARM.attributes
                0x0000092c       0x2c C:/NXP/S32DS_ARM_v2.2/S32DS/build_tools/gcc_v6.3/gcc-6.3-arm32-eabi/arm-none-eabi/newlib/lib/thumb/v6-m\libc.a(lib_a-__atexit.o)
 .ARM.attributes
                0x00000958       0x2c C:/NXP/S32DS_ARM_v2.2/S32DS/build_tools/gcc_v6.3/gcc-6.3-arm32-eabi/arm-none-eabi/newlib/lib/thumb/v6-m\libnosys.a(_exit.o)
 .ARM.attributes
                0x00000984       0x2c c:/nxp/s32ds_arm_v2.2/s32ds/build_tools/gcc_v6.3/gcc-6.3-arm32-eabi/bin/../lib/gcc/arm-none-eabi/6.3.1/thumb/v6-m/crtend.o
 .ARM.attributes
                0x000009b0       0x1e c:/nxp/s32ds_arm_v2.2/s32ds/build_tools/gcc_v6.3/gcc-6.3-arm32-eabi/bin/../lib/gcc/arm-none-eabi/6.3.1/thumb/v6-m/crtn.o
                0x00000001                ASSERT ((__StackLimit >= __HeapLimit), region m_data_2 overflowed with stack and heap)
OUTPUT(E168-0003_SAS.elf elf32-littlearm)

.comment        0x00000000       0xa0
 .comment       0x00000000       0xa0 c:/nxp/s32ds_arm_v2.2/s32ds/build_tools/gcc_v6.3/gcc-6.3-arm32-eabi/bin/../lib/gcc/arm-none-eabi/6.3.1/thumb/v6-m/crtbegin.o
                                 0xa1 (size before relaxing)
 .comment       0x000000a0       0xa1 ./Project_Settings/Startup_Code/startup.o
 .comment       0x000000a0       0xa1 ./Project_Settings/Startup_Code/system_S32K116.o
 .comment       0x000000a0       0xa1 ./src/AppSAS.o
 .comment       0x000000a0       0xa1 ./src/CAN_app.o
 .comment       0x000000a0       0xa1 ./src/Flash.o
 .comment       0x000000a0       0xa1 ./src/FlexCAN.o
 .comment       0x000000a0       0xa1 ./src/GPIO_Driver.o
 .comment       0x000000a0       0xa1 ./src/GPIO_app.o
 .comment       0x000000a0       0xa1 ./src/PWRMode_Driver.o
 .comment       0x000000a0       0xa1 ./src/analog_sense.o
 .comment       0x000000a0       0xa1 ./src/clk.o
 .comment       0x000000a0       0xa1 ./src/lpi2c.o
 .comment       0x000000a0       0xa1 ./src/lptmr.o
 .comment       0x000000a0       0xa1 ./src/main.o
 .comment       0x000000a0       0xa1 ./src/watchdog_driver.o
 .comment       0x000000a0       0xa1 c:/nxp/s32ds_arm_v2.2/s32ds/build_tools/gcc_v6.3/gcc-6.3-arm32-eabi/bin/../lib/gcc/arm-none-eabi/6.3.1/thumb/v6-m/crtend.o

.debug_info     0x00000000     0xd497
 .debug_info    0x00000000      0x299 ./Project_Settings/Startup_Code/startup.o
 .debug_info    0x00000299       0x26 ./Project_Settings/Startup_Code/startup_S32K116.o
 .debug_info    0x000002bf      0x3f7 ./Project_Settings/Startup_Code/system_S32K116.o
 .debug_info    0x000006b6     0x1050 ./src/AppSAS.o
 .debug_info    0x00001706     0x11de ./src/CAN_app.o
 .debug_info    0x000028e4      0xee1 ./src/Flash.o
 .debug_info    0x000037c5     0x149f ./src/FlexCAN.o
 .debug_info    0x00004c64     0x11b8 ./src/GPIO_Driver.o
 .debug_info    0x00005e1c      0xfca ./src/GPIO_app.o
 .debug_info    0x00006de6     0x122d ./src/PWRMode_Driver.o
 .debug_info    0x00008013      0x332 ./src/analog_sense.o
 .debug_info    0x00008345      0x235 ./src/clk.o
 .debug_info    0x0000857a     0x12e4 ./src/lpi2c.o
 .debug_info    0x0000985e      0xd88 ./src/lptmr.o
 .debug_info    0x0000a5e6     0x21ae ./src/main.o
 .debug_info    0x0000c794      0xd03 ./src/watchdog_driver.o

.debug_abbrev   0x00000000     0x2016
 .debug_abbrev  0x00000000       0xe3 ./Project_Settings/Startup_Code/startup.o
 .debug_abbrev  0x000000e3       0x14 ./Project_Settings/Startup_Code/startup_S32K116.o
 .debug_abbrev  0x000000f7      0x14e ./Project_Settings/Startup_Code/system_S32K116.o
 .debug_abbrev  0x00000245      0x289 ./src/AppSAS.o
 .debug_abbrev  0x000004ce      0x2c3 ./src/CAN_app.o
 .debug_abbrev  0x00000791      0x25e ./src/Flash.o
 .debug_abbrev  0x000009ef      0x2a0 ./src/FlexCAN.o
 .debug_abbrev  0x00000c8f      0x2a1 ./src/GPIO_Driver.o
 .debug_abbrev  0x00000f30      0x231 ./src/GPIO_app.o
 .debug_abbrev  0x00001161      0x29d ./src/PWRMode_Driver.o
 .debug_abbrev  0x000013fe       0xf1 ./src/analog_sense.o
 .debug_abbrev  0x000014ef       0xb9 ./src/clk.o
 .debug_abbrev  0x000015a8      0x2f9 ./src/lpi2c.o
 .debug_abbrev  0x000018a1      0x20c ./src/lptmr.o
 .debug_abbrev  0x00001aad      0x34f ./src/main.o
 .debug_abbrev  0x00001dfc      0x21a ./src/watchdog_driver.o

.debug_loc      0x00000000     0x148e
 .debug_loc     0x00000000       0x32 ./Project_Settings/Startup_Code/startup.o
 .debug_loc     0x00000032       0xc0 ./Project_Settings/Startup_Code/system_S32K116.o
 .debug_loc     0x000000f2       0x81 ./src/AppSAS.o
 .debug_loc     0x00000173       0xc5 ./src/CAN_app.o
 .debug_loc     0x00000238      0x12d ./src/Flash.o
 .debug_loc     0x00000365      0x21f ./src/FlexCAN.o
 .debug_loc     0x00000584      0x2b6 ./src/GPIO_Driver.o
 .debug_loc     0x0000083a       0x40 ./src/PWRMode_Driver.o
 .debug_loc     0x0000087a       0xd1 ./src/analog_sense.o
 .debug_loc     0x0000094b      0x355 ./src/lpi2c.o
 .debug_loc     0x00000ca0      0x7cd ./src/main.o
 .debug_loc     0x0000146d       0x21 ./src/watchdog_driver.o

.debug_aranges  0x00000000      0x480
 .debug_aranges
                0x00000000       0x20 ./Project_Settings/Startup_Code/startup.o
 .debug_aranges
                0x00000020       0x20 ./Project_Settings/Startup_Code/startup_S32K116.o
 .debug_aranges
                0x00000040       0x30 ./Project_Settings/Startup_Code/system_S32K116.o
 .debug_aranges
                0x00000070       0x38 ./src/AppSAS.o
 .debug_aranges
                0x000000a8       0x40 ./src/CAN_app.o
 .debug_aranges
                0x000000e8       0x48 ./src/Flash.o
 .debug_aranges
                0x00000130       0x48 ./src/FlexCAN.o
 .debug_aranges
                0x00000178       0x88 ./src/GPIO_Driver.o
 .debug_aranges
                0x00000200       0x28 ./src/GPIO_app.o
 .debug_aranges
                0x00000228       0x50 ./src/PWRMode_Driver.o
 .debug_aranges
                0x00000278       0x28 ./src/analog_sense.o
 .debug_aranges
                0x000002a0       0x28 ./src/clk.o
 .debug_aranges
                0x000002c8       0x78 ./src/lpi2c.o
 .debug_aranges
                0x00000340       0x38 ./src/lptmr.o
 .debug_aranges
                0x00000378       0xd0 ./src/main.o
 .debug_aranges
                0x00000448       0x38 ./src/watchdog_driver.o

.debug_ranges   0x00000000      0x370
 .debug_ranges  0x00000000       0x10 ./Project_Settings/Startup_Code/startup.o
 .debug_ranges  0x00000010       0x20 ./Project_Settings/Startup_Code/system_S32K116.o
 .debug_ranges  0x00000030       0x28 ./src/AppSAS.o
 .debug_ranges  0x00000058       0x30 ./src/CAN_app.o
 .debug_ranges  0x00000088       0x38 ./src/Flash.o
 .debug_ranges  0x000000c0       0x38 ./src/FlexCAN.o
 .debug_ranges  0x000000f8       0x78 ./src/GPIO_Driver.o
 .debug_ranges  0x00000170       0x18 ./src/GPIO_app.o
 .debug_ranges  0x00000188       0x40 ./src/PWRMode_Driver.o
 .debug_ranges  0x000001c8       0x18 ./src/analog_sense.o
 .debug_ranges  0x000001e0       0x18 ./src/clk.o
 .debug_ranges  0x000001f8       0x68 ./src/lpi2c.o
 .debug_ranges  0x00000260       0x28 ./src/lptmr.o
 .debug_ranges  0x00000288       0xc0 ./src/main.o
 .debug_ranges  0x00000348       0x28 ./src/watchdog_driver.o

.debug_macro    0x00000000    0x1d7b9
 .debug_macro   0x00000000       0xaf ./Project_Settings/Startup_Code/startup.o
 .debug_macro   0x000000af      0x8bc ./Project_Settings/Startup_Code/startup.o
 .debug_macro   0x0000096b       0x22 ./Project_Settings/Startup_Code/startup.o
 .debug_macro   0x0000098d       0x87 ./Project_Settings/Startup_Code/startup.o
 .debug_macro   0x00000a14       0x51 ./Project_Settings/Startup_Code/startup.o
 .debug_macro   0x00000a65       0xef ./Project_Settings/Startup_Code/startup.o
 .debug_macro   0x00000b54       0x6a ./Project_Settings/Startup_Code/startup.o
 .debug_macro   0x00000bbe      0x1df ./Project_Settings/Startup_Code/startup.o
 .debug_macro   0x00000d9d       0x10 ./Project_Settings/Startup_Code/startup.o
 .debug_macro   0x00000dad       0x73 ./Project_Settings/Startup_Code/startup.o
 .debug_macro   0x00000e20     0xc7e8 ./Project_Settings/Startup_Code/startup.o
 .debug_macro   0x0000d608      0x9bd ./Project_Settings/Startup_Code/startup.o
 .debug_macro   0x0000dfc5       0x22 ./Project_Settings/Startup_Code/startup.o
 .debug_macro   0x0000dfe7       0x40 ./Project_Settings/Startup_Code/startup.o
 .debug_macro   0x0000e027       0xae ./Project_Settings/Startup_Code/system_S32K116.o
 .debug_macro   0x0000e0d5       0x16 ./Project_Settings/Startup_Code/system_S32K116.o
 .debug_macro   0x0000e0eb     0xc7d6 ./Project_Settings/Startup_Code/system_S32K116.o
 .debug_macro   0x0001a8c1       0x22 ./Project_Settings/Startup_Code/system_S32K116.o
 .debug_macro   0x0001a8e3      0x2d8 ./src/AppSAS.o
 .debug_macro   0x0001abbb       0x1c ./src/AppSAS.o
 .debug_macro   0x0001abd7       0x22 ./src/AppSAS.o
 .debug_macro   0x0001abf9       0x34 ./src/AppSAS.o
 .debug_macro   0x0001ac2d       0x52 ./src/AppSAS.o
 .debug_macro   0x0001ac7f       0x3c ./src/AppSAS.o
 .debug_macro   0x0001acbb       0x9c ./src/AppSAS.o
 .debug_macro   0x0001ad57      0x174 ./src/AppSAS.o
 .debug_macro   0x0001aecb       0x52 ./src/AppSAS.o
 .debug_macro   0x0001af1d       0x1f ./src/AppSAS.o
 .debug_macro   0x0001af3c       0x43 ./src/AppSAS.o
 .debug_macro   0x0001af7f       0x20 ./src/AppSAS.o
 .debug_macro   0x0001af9f      0x1a3 ./src/AppSAS.o
 .debug_macro   0x0001b142      0x30d ./src/AppSAS.o
 .debug_macro   0x0001b44f       0x10 ./src/AppSAS.o
 .debug_macro   0x0001b45f       0x35 ./src/AppSAS.o
 .debug_macro   0x0001b494       0x16 ./src/AppSAS.o
 .debug_macro   0x0001b4aa       0x1c ./src/AppSAS.o
 .debug_macro   0x0001b4c6       0x10 ./src/AppSAS.o
 .debug_macro   0x0001b4d6       0x10 ./src/AppSAS.o
 .debug_macro   0x0001b4e6       0x1c ./src/AppSAS.o
 .debug_macro   0x0001b502       0x52 ./src/AppSAS.o
 .debug_macro   0x0001b554       0x40 ./src/AppSAS.o
 .debug_macro   0x0001b594       0x10 ./src/AppSAS.o
 .debug_macro   0x0001b5a4       0x40 ./src/AppSAS.o
 .debug_macro   0x0001b5e4       0xd7 ./src/AppSAS.o
 .debug_macro   0x0001b6bb       0x16 ./src/AppSAS.o
 .debug_macro   0x0001b6d1      0x161 ./src/AppSAS.o
 .debug_macro   0x0001b832       0x52 ./src/AppSAS.o
 .debug_macro   0x0001b884       0x10 ./src/AppSAS.o
 .debug_macro   0x0001b894       0x10 ./src/AppSAS.o
 .debug_macro   0x0001b8a4       0x3a ./src/AppSAS.o
 .debug_macro   0x0001b8de       0x16 ./src/AppSAS.o
 .debug_macro   0x0001b8f4       0x64 ./src/AppSAS.o
 .debug_macro   0x0001b958      0x2e6 ./src/CAN_app.o
 .debug_macro   0x0001bc3e       0x4c ./src/CAN_app.o
 .debug_macro   0x0001bc8a      0x2de ./src/Flash.o
 .debug_macro   0x0001bf68       0x2e ./src/Flash.o
 .debug_macro   0x0001bf96      0x2e2 ./src/FlexCAN.o
 .debug_macro   0x0001c278      0x2de ./src/GPIO_Driver.o
 .debug_macro   0x0001c556       0x16 ./src/GPIO_Driver.o
 .debug_macro   0x0001c56c      0x2de ./src/GPIO_app.o
 .debug_macro   0x0001c84a       0x1c ./src/GPIO_app.o
 .debug_macro   0x0001c866      0x2de ./src/PWRMode_Driver.o
 .debug_macro   0x0001cb44       0x7b ./src/analog_sense.o
 .debug_macro   0x0001cbbf       0x7b ./src/clk.o
 .debug_macro   0x0001cc3a      0x2d4 ./src/lpi2c.o
 .debug_macro   0x0001cf0e      0x2df ./src/lptmr.o
 .debug_macro   0x0001d1ed      0x2de ./src/main.o
 .debug_macro   0x0001d4cb      0x2de ./src/watchdog_driver.o
 .debug_macro   0x0001d7a9       0x10 ./src/watchdog_driver.o

.debug_line     0x00000000     0x5104
 .debug_line    0x00000000      0x32f ./Project_Settings/Startup_Code/startup.o
 .debug_line    0x0000032f       0x94 ./Project_Settings/Startup_Code/startup_S32K116.o
 .debug_line    0x000003c3      0x34b ./Project_Settings/Startup_Code/system_S32K116.o
 .debug_line    0x0000070e      0x55b ./src/AppSAS.o
 .debug_line    0x00000c69      0x6e5 ./src/CAN_app.o
 .debug_line    0x0000134e      0x5ce ./src/Flash.o
 .debug_line    0x0000191c      0x5e0 ./src/FlexCAN.o
 .debug_line    0x00001efc      0x635 ./src/GPIO_Driver.o
 .debug_line    0x00002531      0x50f ./src/GPIO_app.o
 .debug_line    0x00002a40      0x5ee ./src/PWRMode_Driver.o
 .debug_line    0x0000302e      0x2cf ./src/analog_sense.o
 .debug_line    0x000032fd      0x2b2 ./src/clk.o
 .debug_line    0x000035af      0x64d ./src/lpi2c.o
 .debug_line    0x00003bfc      0x52d ./src/lptmr.o
 .debug_line    0x00004129      0xa89 ./src/main.o
 .debug_line    0x00004bb2      0x552 ./src/watchdog_driver.o

.debug_str      0x00000000    0x5e7d7
 .debug_str     0x00000000    0x57efc ./Project_Settings/Startup_Code/startup.o
                              0x58129 (size before relaxing)
 .debug_str     0x00057efc       0x3f ./Project_Settings/Startup_Code/startup_S32K116.o
                                 0x88 (size before relaxing)
 .debug_str     0x00057f3b      0x21c ./Project_Settings/Startup_Code/system_S32K116.o
                              0x57f2b (size before relaxing)
 .debug_str     0x00058157     0x4f83 ./src/AppSAS.o
                              0x5cdf1 (size before relaxing)
 .debug_str     0x0005d0da      0x268 ./src/CAN_app.o
                              0x5ce34 (size before relaxing)
 .debug_str     0x0005d342       0xf9 ./src/Flash.o
                              0x5ccda (size before relaxing)
 .debug_str     0x0005d43b      0x3fc ./src/FlexCAN.o
                              0x5d118 (size before relaxing)
 .debug_str     0x0005d837      0x220 ./src/GPIO_Driver.o
                              0x5cee8 (size before relaxing)
 .debug_str     0x0005da57       0x53 ./src/GPIO_app.o
                              0x5cdb3 (size before relaxing)
 .debug_str     0x0005daaa      0x16f ./src/PWRMode_Driver.o
                              0x5ce13 (size before relaxing)
 .debug_str     0x0005dc19       0xdf ./src/analog_sense.o
                              0x5322a (size before relaxing)
 .debug_str     0x0005dcf8       0x2c ./src/clk.o
                              0x531e7 (size before relaxing)
 .debug_str     0x0005dd24      0x1f5 ./src/lpi2c.o
                              0x5ce71 (size before relaxing)
 .debug_str     0x0005df19       0x52 ./src/lptmr.o
                              0x5cc43 (size before relaxing)
 .debug_str     0x0005df6b      0x81c ./src/main.o
                              0x5d876 (size before relaxing)
 .debug_str     0x0005e787       0x50 ./src/watchdog_driver.o
                              0x5cc1e (size before relaxing)

.debug_frame    0x00000000      0xec8
 .debug_frame   0x00000000       0x2c ./Project_Settings/Startup_Code/startup.o
 .debug_frame   0x0000002c       0x48 ./Project_Settings/Startup_Code/system_S32K116.o
 .debug_frame   0x00000074       0x74 ./src/AppSAS.o
 .debug_frame   0x000000e8       0x80 ./src/CAN_app.o
 .debug_frame   0x00000168       0xb0 ./src/Flash.o
 .debug_frame   0x00000218       0xac ./src/FlexCAN.o
 .debug_frame   0x000002c4      0x10c ./src/GPIO_Driver.o
 .debug_frame   0x000003d0       0x38 ./src/GPIO_app.o
 .debug_frame   0x00000408       0x90 ./src/PWRMode_Driver.o
 .debug_frame   0x00000498       0x40 ./src/analog_sense.o
 .debug_frame   0x000004d8       0x30 ./src/clk.o
 .debug_frame   0x00000508      0x104 ./src/lpi2c.o
 .debug_frame   0x0000060c       0x58 ./src/lptmr.o
 .debug_frame   0x00000664      0x21c ./src/main.o
 .debug_frame   0x00000880       0x58 ./src/watchdog_driver.o
 .debug_frame   0x000008d8       0x20 c:/nxp/s32ds_arm_v2.2/s32ds/build_tools/gcc_v6.3/gcc-6.3-arm32-eabi/bin/../lib/gcc/arm-none-eabi/6.3.1/thumb/v6-m\libgcc.a(_udivsi3.o)
 .debug_frame   0x000008f8       0x28 c:/nxp/s32ds_arm_v2.2/s32ds/build_tools/gcc_v6.3/gcc-6.3-arm32-eabi/bin/../lib/gcc/arm-none-eabi/6.3.1/thumb/v6-m\libgcc.a(_fixunssfsi.o)
 .debug_frame   0x00000920       0x2c c:/nxp/s32ds_arm_v2.2/s32ds/build_tools/gcc_v6.3/gcc-6.3-arm32-eabi/bin/../lib/gcc/arm-none-eabi/6.3.1/thumb/v6-m\libgcc.a(_fixunsdfsi.o)
 .debug_frame   0x0000094c       0x34 c:/nxp/s32ds_arm_v2.2/s32ds/build_tools/gcc_v6.3/gcc-6.3-arm32-eabi/bin/../lib/gcc/arm-none-eabi/6.3.1/thumb/v6-m\libgcc.a(addsf3.o)
 .debug_frame   0x00000980       0x3c c:/nxp/s32ds_arm_v2.2/s32ds/build_tools/gcc_v6.3/gcc-6.3-arm32-eabi/bin/../lib/gcc/arm-none-eabi/6.3.1/thumb/v6-m\libgcc.a(divsf3.o)
 .debug_frame   0x000009bc       0x2c c:/nxp/s32ds_arm_v2.2/s32ds/build_tools/gcc_v6.3/gcc-6.3-arm32-eabi/bin/../lib/gcc/arm-none-eabi/6.3.1/thumb/v6-m\libgcc.a(eqsf2.o)
 .debug_frame   0x000009e8       0x30 c:/nxp/s32ds_arm_v2.2/s32ds/build_tools/gcc_v6.3/gcc-6.3-arm32-eabi/bin/../lib/gcc/arm-none-eabi/6.3.1/thumb/v6-m\libgcc.a(gesf2.o)
 .debug_frame   0x00000a18       0x30 c:/nxp/s32ds_arm_v2.2/s32ds/build_tools/gcc_v6.3/gcc-6.3-arm32-eabi/bin/../lib/gcc/arm-none-eabi/6.3.1/thumb/v6-m\libgcc.a(lesf2.o)
 .debug_frame   0x00000a48       0x3c c:/nxp/s32ds_arm_v2.2/s32ds/build_tools/gcc_v6.3/gcc-6.3-arm32-eabi/bin/../lib/gcc/arm-none-eabi/6.3.1/thumb/v6-m\libgcc.a(mulsf3.o)
 .debug_frame   0x00000a84       0x38 c:/nxp/s32ds_arm_v2.2/s32ds/build_tools/gcc_v6.3/gcc-6.3-arm32-eabi/bin/../lib/gcc/arm-none-eabi/6.3.1/thumb/v6-m\libgcc.a(subsf3.o)
 .debug_frame   0x00000abc       0x20 c:/nxp/s32ds_arm_v2.2/s32ds/build_tools/gcc_v6.3/gcc-6.3-arm32-eabi/bin/../lib/gcc/arm-none-eabi/6.3.1/thumb/v6-m\libgcc.a(fixsfsi.o)
 .debug_frame   0x00000adc       0x2c c:/nxp/s32ds_arm_v2.2/s32ds/build_tools/gcc_v6.3/gcc-6.3-arm32-eabi/bin/../lib/gcc/arm-none-eabi/6.3.1/thumb/v6-m\libgcc.a(floatsisf.o)
 .debug_frame   0x00000b08       0x28 c:/nxp/s32ds_arm_v2.2/s32ds/build_tools/gcc_v6.3/gcc-6.3-arm32-eabi/bin/../lib/gcc/arm-none-eabi/6.3.1/thumb/v6-m\libgcc.a(floatunsisf.o)
 .debug_frame   0x00000b30       0x3c c:/nxp/s32ds_arm_v2.2/s32ds/build_tools/gcc_v6.3/gcc-6.3-arm32-eabi/bin/../lib/gcc/arm-none-eabi/6.3.1/thumb/v6-m\libgcc.a(divdf3.o)
 .debug_frame   0x00000b6c       0x38 c:/nxp/s32ds_arm_v2.2/s32ds/build_tools/gcc_v6.3/gcc-6.3-arm32-eabi/bin/../lib/gcc/arm-none-eabi/6.3.1/thumb/v6-m\libgcc.a(eqdf2.o)
 .debug_frame   0x00000ba4       0x38 c:/nxp/s32ds_arm_v2.2/s32ds/build_tools/gcc_v6.3/gcc-6.3-arm32-eabi/bin/../lib/gcc/arm-none-eabi/6.3.1/thumb/v6-m\libgcc.a(gedf2.o)
 .debug_frame   0x00000bdc       0x38 c:/nxp/s32ds_arm_v2.2/s32ds/build_tools/gcc_v6.3/gcc-6.3-arm32-eabi/bin/../lib/gcc/arm-none-eabi/6.3.1/thumb/v6-m\libgcc.a(ledf2.o)
 .debug_frame   0x00000c14       0x3c c:/nxp/s32ds_arm_v2.2/s32ds/build_tools/gcc_v6.3/gcc-6.3-arm32-eabi/bin/../lib/gcc/arm-none-eabi/6.3.1/thumb/v6-m\libgcc.a(muldf3.o)
 .debug_frame   0x00000c50       0x38 c:/nxp/s32ds_arm_v2.2/s32ds/build_tools/gcc_v6.3/gcc-6.3-arm32-eabi/bin/../lib/gcc/arm-none-eabi/6.3.1/thumb/v6-m\libgcc.a(subdf3.o)
 .debug_frame   0x00000c88       0x2c c:/nxp/s32ds_arm_v2.2/s32ds/build_tools/gcc_v6.3/gcc-6.3-arm32-eabi/bin/../lib/gcc/arm-none-eabi/6.3.1/thumb/v6-m\libgcc.a(fixdfsi.o)
 .debug_frame   0x00000cb4       0x2c c:/nxp/s32ds_arm_v2.2/s32ds/build_tools/gcc_v6.3/gcc-6.3-arm32-eabi/bin/../lib/gcc/arm-none-eabi/6.3.1/thumb/v6-m\libgcc.a(floatsidf.o)
 .debug_frame   0x00000ce0       0x2c c:/nxp/s32ds_arm_v2.2/s32ds/build_tools/gcc_v6.3/gcc-6.3-arm32-eabi/bin/../lib/gcc/arm-none-eabi/6.3.1/thumb/v6-m\libgcc.a(extendsfdf2.o)
 .debug_frame   0x00000d0c       0x30 c:/nxp/s32ds_arm_v2.2/s32ds/build_tools/gcc_v6.3/gcc-6.3-arm32-eabi/bin/../lib/gcc/arm-none-eabi/6.3.1/thumb/v6-m\libgcc.a(truncdfsf2.o)
 .debug_frame   0x00000d3c       0x28 C:/NXP/S32DS_ARM_v2.2/S32DS/build_tools/gcc_v6.3/gcc-6.3-arm32-eabi/arm-none-eabi/newlib/lib/thumb/v6-m\libc.a(lib_a-exit.o)
 .debug_frame   0x00000d64       0x2c C:/NXP/S32DS_ARM_v2.2/S32DS/build_tools/gcc_v6.3/gcc-6.3-arm32-eabi/arm-none-eabi/newlib/lib/thumb/v6-m\libc.a(lib_a-init.o)
 .debug_frame   0x00000d90       0x28 C:/NXP/S32DS_ARM_v2.2/S32DS/build_tools/gcc_v6.3/gcc-6.3-arm32-eabi/arm-none-eabi/newlib/lib/thumb/v6-m\libc.a(lib_a-memcpy-stub.o)
 .debug_frame   0x00000db8       0x20 C:/NXP/S32DS_ARM_v2.2/S32DS/build_tools/gcc_v6.3/gcc-6.3-arm32-eabi/arm-none-eabi/newlib/lib/thumb/v6-m\libc.a(lib_a-memset.o)
 .debug_frame   0x00000dd8       0x48 C:/NXP/S32DS_ARM_v2.2/S32DS/build_tools/gcc_v6.3/gcc-6.3-arm32-eabi/arm-none-eabi/newlib/lib/thumb/v6-m\libc.a(lib_a-__call_atexit.o)
 .debug_frame   0x00000e20       0x2c C:/NXP/S32DS_ARM_v2.2/S32DS/build_tools/gcc_v6.3/gcc-6.3-arm32-eabi/arm-none-eabi/newlib/lib/thumb/v6-m\libc.a(lib_a-fini.o)
 .debug_frame   0x00000e4c       0x28 C:/NXP/S32DS_ARM_v2.2/S32DS/build_tools/gcc_v6.3/gcc-6.3-arm32-eabi/arm-none-eabi/newlib/lib/thumb/v6-m\libc.a(lib_a-atexit.o)
 .debug_frame   0x00000e74       0x34 C:/NXP/S32DS_ARM_v2.2/S32DS/build_tools/gcc_v6.3/gcc-6.3-arm32-eabi/arm-none-eabi/newlib/lib/thumb/v6-m\libc.a(lib_a-__atexit.o)
 .debug_frame   0x00000ea8       0x20 C:/NXP/S32DS_ARM_v2.2/S32DS/build_tools/gcc_v6.3/gcc-6.3-arm32-eabi/arm-none-eabi/newlib/lib/thumb/v6-m\libnosys.a(_exit.o)
