Archive member included to satisfy reference by file (symbol)

c:/nxp/s32ds_arm_v2.2/s32ds/build_tools/gcc_v6.3/gcc-6.3-arm32-eabi/bin/../lib/gcc/arm-none-eabi/6.3.1/thumb/v6-m\libgcc.a(_udivsi3.o)
                              ./Project_Settings/Startup_Code/system_S32K116.o (__aeabi_uidiv)
c:/nxp/s32ds_arm_v2.2/s32ds/build_tools/gcc_v6.3/gcc-6.3-arm32-eabi/bin/../lib/gcc/arm-none-eabi/6.3.1/thumb/v6-m\libgcc.a(_dvmd_tls.o)
                              c:/nxp/s32ds_arm_v2.2/s32ds/build_tools/gcc_v6.3/gcc-6.3-arm32-eabi/bin/../lib/gcc/arm-none-eabi/6.3.1/thumb/v6-m\libgcc.a(_udivsi3.o) (__aeabi_idiv0)
c:/nxp/s32ds_arm_v2.2/s32ds/build_tools/gcc_v6.3/gcc-6.3-arm32-eabi/bin/../lib/gcc/arm-none-eabi/6.3.1/thumb/v6-m\libgcc.a(_arm_cmpdf2.o)
                              ./src/main.o (__aeabi_dcmplt)
c:/nxp/s32ds_arm_v2.2/s32ds/build_tools/gcc_v6.3/gcc-6.3-arm32-eabi/bin/../lib/gcc/arm-none-eabi/6.3.1/thumb/v6-m\libgcc.a(_arm_cmpsf2.o)
                              ./src/AppSAS.o (__aeabi_fcmplt)
c:/nxp/s32ds_arm_v2.2/s32ds/build_tools/gcc_v6.3/gcc-6.3-arm32-eabi/bin/../lib/gcc/arm-none-eabi/6.3.1/thumb/v6-m\libgcc.a(_fixunssfsi.o)
                              ./src/AppSAS.o (__aeabi_f2uiz)
c:/nxp/s32ds_arm_v2.2/s32ds/build_tools/gcc_v6.3/gcc-6.3-arm32-eabi/bin/../lib/gcc/arm-none-eabi/6.3.1/thumb/v6-m\libgcc.a(_fixunsdfsi.o)
                              ./src/AppSAS.o (__aeabi_d2uiz)
c:/nxp/s32ds_arm_v2.2/s32ds/build_tools/gcc_v6.3/gcc-6.3-arm32-eabi/bin/../lib/gcc/arm-none-eabi/6.3.1/thumb/v6-m\libgcc.a(addsf3.o)
                              ./src/AppSAS.o (__aeabi_fadd)
c:/nxp/s32ds_arm_v2.2/s32ds/build_tools/gcc_v6.3/gcc-6.3-arm32-eabi/bin/../lib/gcc/arm-none-eabi/6.3.1/thumb/v6-m\libgcc.a(divsf3.o)
                              ./src/AppSAS.o (__aeabi_fdiv)
c:/nxp/s32ds_arm_v2.2/s32ds/build_tools/gcc_v6.3/gcc-6.3-arm32-eabi/bin/../lib/gcc/arm-none-eabi/6.3.1/thumb/v6-m\libgcc.a(eqsf2.o)
                              c:/nxp/s32ds_arm_v2.2/s32ds/build_tools/gcc_v6.3/gcc-6.3-arm32-eabi/bin/../lib/gcc/arm-none-eabi/6.3.1/thumb/v6-m\libgcc.a(_arm_cmpsf2.o) (__eqsf2)
c:/nxp/s32ds_arm_v2.2/s32ds/build_tools/gcc_v6.3/gcc-6.3-arm32-eabi/bin/../lib/gcc/arm-none-eabi/6.3.1/thumb/v6-m\libgcc.a(gesf2.o)
                              c:/nxp/s32ds_arm_v2.2/s32ds/build_tools/gcc_v6.3/gcc-6.3-arm32-eabi/bin/../lib/gcc/arm-none-eabi/6.3.1/thumb/v6-m\libgcc.a(_arm_cmpsf2.o) (__gesf2)
c:/nxp/s32ds_arm_v2.2/s32ds/build_tools/gcc_v6.3/gcc-6.3-arm32-eabi/bin/../lib/gcc/arm-none-eabi/6.3.1/thumb/v6-m\libgcc.a(lesf2.o)
                              c:/nxp/s32ds_arm_v2.2/s32ds/build_tools/gcc_v6.3/gcc-6.3-arm32-eabi/bin/../lib/gcc/arm-none-eabi/6.3.1/thumb/v6-m\libgcc.a(_arm_cmpsf2.o) (__lesf2)
c:/nxp/s32ds_arm_v2.2/s32ds/build_tools/gcc_v6.3/gcc-6.3-arm32-eabi/bin/../lib/gcc/arm-none-eabi/6.3.1/thumb/v6-m\libgcc.a(mulsf3.o)
                              ./src/AppSAS.o (__aeabi_fmul)
c:/nxp/s32ds_arm_v2.2/s32ds/build_tools/gcc_v6.3/gcc-6.3-arm32-eabi/bin/../lib/gcc/arm-none-eabi/6.3.1/thumb/v6-m\libgcc.a(subsf3.o)
                              ./src/AppSAS.o (__aeabi_fsub)
c:/nxp/s32ds_arm_v2.2/s32ds/build_tools/gcc_v6.3/gcc-6.3-arm32-eabi/bin/../lib/gcc/arm-none-eabi/6.3.1/thumb/v6-m\libgcc.a(fixsfsi.o)
                              c:/nxp/s32ds_arm_v2.2/s32ds/build_tools/gcc_v6.3/gcc-6.3-arm32-eabi/bin/../lib/gcc/arm-none-eabi/6.3.1/thumb/v6-m\libgcc.a(_fixunssfsi.o) (__aeabi_f2iz)
c:/nxp/s32ds_arm_v2.2/s32ds/build_tools/gcc_v6.3/gcc-6.3-arm32-eabi/bin/../lib/gcc/arm-none-eabi/6.3.1/thumb/v6-m\libgcc.a(floatsisf.o)
                              ./src/AppSAS.o (__aeabi_i2f)
c:/nxp/s32ds_arm_v2.2/s32ds/build_tools/gcc_v6.3/gcc-6.3-arm32-eabi/bin/../lib/gcc/arm-none-eabi/6.3.1/thumb/v6-m\libgcc.a(floatunsisf.o)
                              ./src/main.o (__aeabi_ui2f)
c:/nxp/s32ds_arm_v2.2/s32ds/build_tools/gcc_v6.3/gcc-6.3-arm32-eabi/bin/../lib/gcc/arm-none-eabi/6.3.1/thumb/v6-m\libgcc.a(divdf3.o)
                              ./src/AppSAS.o (__aeabi_ddiv)
c:/nxp/s32ds_arm_v2.2/s32ds/build_tools/gcc_v6.3/gcc-6.3-arm32-eabi/bin/../lib/gcc/arm-none-eabi/6.3.1/thumb/v6-m\libgcc.a(eqdf2.o)
                              c:/nxp/s32ds_arm_v2.2/s32ds/build_tools/gcc_v6.3/gcc-6.3-arm32-eabi/bin/../lib/gcc/arm-none-eabi/6.3.1/thumb/v6-m\libgcc.a(_arm_cmpdf2.o) (__eqdf2)
c:/nxp/s32ds_arm_v2.2/s32ds/build_tools/gcc_v6.3/gcc-6.3-arm32-eabi/bin/../lib/gcc/arm-none-eabi/6.3.1/thumb/v6-m\libgcc.a(gedf2.o)
                              c:/nxp/s32ds_arm_v2.2/s32ds/build_tools/gcc_v6.3/gcc-6.3-arm32-eabi/bin/../lib/gcc/arm-none-eabi/6.3.1/thumb/v6-m\libgcc.a(_arm_cmpdf2.o) (__gedf2)
c:/nxp/s32ds_arm_v2.2/s32ds/build_tools/gcc_v6.3/gcc-6.3-arm32-eabi/bin/../lib/gcc/arm-none-eabi/6.3.1/thumb/v6-m\libgcc.a(ledf2.o)
                              c:/nxp/s32ds_arm_v2.2/s32ds/build_tools/gcc_v6.3/gcc-6.3-arm32-eabi/bin/../lib/gcc/arm-none-eabi/6.3.1/thumb/v6-m\libgcc.a(_arm_cmpdf2.o) (__ledf2)
[...]
Memory Configuration

Name             Origin             Length             Attributes
m_interrupts     0x00000000         0x000000c0         xr
m_flash_config   0x00000400         0x00000010         xr
m_text           0x00000410         0x0001fbf0         xr
m_dorman         0x0001fe00         0x00000040         xr
m_SecSpec        0x0001fe40         0x00000004         xr
m_SecLibVer      0x0001fe44         0x00000004         xr
m_ModuleName     0x0001ff00         0x00000020         xr
m_HardwareVersion 0x0001ff20         0x00000010         xr
m_FirmwareVersion 0x0001ff30         0x00000008         xr
m_Reserved1      0x0001ff38         0x00000008         xr
m_Reserved2      0x0001ff40         0x00000020         xr
m_data           0x20000000         0x000020c0         rw
m_data_2         0x200020c0         0x00001740         rw
*default*        0x00000000         0xffffffff

Linker script and memory map

LOAD c:/nxp/s32ds_arm_v2.2/s32ds/build_tools/gcc_v6.3/gcc-6.3-arm32-eabi/bin/../lib/gcc/arm-none-eabi/6.3.1/thumb/v6-m/crti.o
LOAD c:/nxp/s32ds_arm_v2.2/s32ds/build_tools/gcc_v6.3/gcc-6.3-arm32-eabi/bin/../lib/gcc/arm-none-eabi/6.3.1/thumb/v6-m/crtbegin.o
LOAD C:/NXP/S32DS_ARM_v2.2/S32DS/build_tools/gcc_v6.3/gcc-6.3-arm32-eabi/arm-none-eabi/newlib/lib/thumb/v6-m/crt0.o
LOAD ./Project_Settings/Startup_Code/startup.o
LOAD ./Project_Settings/Startup_Code/startup_S32K116.o
LOAD ./Project_Settings/Startup_Code/system_S32K116.o
LOAD ./src/AppSAS.o
LOAD ./src/CAN_app.o
LOAD ./src/Clock_Driver.o
LOAD ./src/Clock_app.o
LOAD ./src/Flash.o
LOAD ./src/FlexCAN.o
LOAD ./src/GPIO_Driver.o
LOAD ./src/GPIO_app.o
LOAD ./src/PWRMode_Driver.o
LOAD ./src/analog_sense.o
LOAD ./src/clk.o
LOAD ./src/lpi2c.o
LOAD ./src/lptmr.o
LOAD ./src/main.o
LOAD ./src/watchdog_driver.o
START GROUP
LOAD c:/nxp/s32ds_arm_v2.2/s32ds/build_tools/gcc_v6.3/gcc-6.3-arm32-eabi/bin/../lib/gcc/arm-none-eabi/6.3.1/thumb/v6-m\libgcc.a
LOAD C:/NXP/S32DS_ARM_v2.2/S32DS/build_tools/gcc_v6.3/gcc-6.3-arm32-eabi/arm-none-eabi/newlib/lib/thumb/v6-m\libc.a
END GROUP
START GROUP
LOAD c:/nxp/s32ds_arm_v2.2/s32ds/build_tools/gcc_v6.3/gcc-6.3-arm32-eabi/bin/../lib/gcc/arm-none-eabi/6.3.1/thumb/v6-m\libgcc.a
LOAD C:/NXP/S32DS_ARM_v2.2/S32DS/build_tools/gcc_v6.3/gcc-6.3-arm32-eabi/arm-none-eabi/newlib/lib/thumb/v6-m\libc.a
LOAD C:/NXP/S32DS_ARM_v2.2/S32DS/build_tools/gcc_v6.3/gcc-6.3-arm32-eabi/arm-none-eabi/newlib/lib/thumb/v6-m\libnosys.a
END GROUP
LOAD c:/nxp/s32ds_arm_v2.2/s32ds/build_tools/gcc_v6.3/gcc-6.3-arm32-eabi/bin/../lib/gcc/arm-none-eabi/6.3.1/thumb/v6-m/crtend.o
LOAD c:/nxp/s32ds_arm_v2.2/s32ds/build_tools/gcc_v6.3/gcc-6.3-arm32-eabi/bin/../lib/gcc/arm-none-eabi/6.3.1/thumb/v6-m/crtn.o
                0x00000200                HEAP_SIZE = DEFINED (__heap_size__)?__heap_size__:0x200
                0x00000200                STACK_SIZE = DEFINED (__stack_size__)?__stack_size__:0x200
                0x000000c0                M_VECTOR_RAM_SIZE = DEFINED (__flash_vector_table__)?0x0:0xc0

.interrupts     0x00000000       0xc0
                0x00000000                __VECTOR_TABLE = .
                0x00000000                __interrupts_start__ = .
                0x00000000                . = ALIGN (0x4)
 *(.isr_vector)
 .isr_vector    0x00000000       0xc0 ./Project_Settings/Startup_Code/startup_S32K116.o
                0x00000000                __isr_vector
                0x000000c0                __interrupts_end__ = .
                0x000000c0                . = ALIGN (0x4)

.flash_config   0x00000400       0x10
                0x00000400                . = ALIGN (0x4)
 *(.FlashConfig)
 .FlashConfig   0x00000400       0x10 ./Project_Settings/Startup_Code/startup_S32K116.o
                0x00000410                . = ALIGN (0x4)

.text           0x00000410     0x6770
                0x00000410                . = ALIGN (0x4)
 *(.text)
 .text          0x00000410       0xb4 c:/nxp/s32ds_arm_v2.2/s32ds/build_tools/gcc_v6.3/gcc-6.3-arm32-eabi/bin/../lib/gcc/arm-none-eabi/6.3.1/thumb/v6-m/crtbegin.o
 .text          0x000004c4       0x78 C:/NXP/S32DS_ARM_v2.2/S32DS/build_tools/gcc_v6.3/gcc-6.3-arm32-eabi/arm-none-eabi/newlib/lib/thumb/v6-m/crt0.o
                0x000004c4                _start
                0x000004c4                _mainCRTStartup
 .text          0x0000053c       0x60 ./Project_Settings/Startup_Code/startup_S32K116.o
                0x0000053c                Reset_Handler
                0x00000598                ERM_fault_IRQHandler
                0x00000598                PendSV_Handler
                0x00000598                NMI_Handler
                0x00000598                DMA2_IRQHandler
                0x00000598                LPIT0_IRQHandler
                0x00000598                ADC0_IRQHandler
                0x00000598                FTM0_Ovf_Reload_IRQHandler
                0x00000598                FTM1_Ch0_7_IRQHandler
                0x00000598                DefaultISR
                0x00000598                FTM0_Ch0_7_IRQHandler
                0x00000598                RTC_IRQHandler
                0x00000598                PDB0_IRQHandler
                0x00000598                HardFault_Handler
                0x00000598                CAN0_ORed_Err_Wakeup_IRQHandler
                0x00000598                Reserved27_IRQHandler
                0x00000598                LPUART1_RxTx_IRQHandler
                0x00000598                RTC_Seconds_IRQHandler
                0x00000598                FTFC_IRQHandler
                0x00000598                LPSPI0_IRQHandler
                0x00000598                FTM0_Fault_IRQHandler
                0x00000598                SVC_Handler
                0x00000598                RCM_IRQHandler
                0x00000598                DMA3_IRQHandler
                0x00000598                DMA0_IRQHandler
                0x00000598                FTM1_Fault_IRQHandler
                0x00000598                DMA_Error_IRQHandler
                0x00000598                LPUART0_RxTx_IRQHandler
                0x00000598                WDOG_IRQHandler
                0x00000598                FTM1_Ovf_Reload_IRQHandler
                0x00000598                CMP0_IRQHandler
                0x00000598                FLEXIO_IRQHandler
                0x00000598                DMA1_IRQHandler
 .text          0x0000059c      0x114 c:/nxp/s32ds_arm_v2.2/s32ds/build_tools/gcc_v6.3/gcc-6.3-arm32-eabi/bin/../lib/gcc/arm-none-eabi/6.3.1/thumb/v6-m\libgcc.a(_udivsi3.o)
                0x0000059c                __aeabi_uidiv
                0x0000059c                __udivsi3
                0x000006a8                __aeabi_uidivmod
 .text          0x000006b0        0x4 c:/nxp/s32ds_arm_v2.2/s32ds/build_tools/gcc_v6.3/gcc-6.3-arm32-eabi/bin/../lib/gcc/arm-none-eabi/6.3.1/thumb/v6-m\libgcc.a(_dvmd_tls.o)
                0x000006b0                __aeabi_idiv0
                0x000006b0                __aeabi_ldiv0
 .text          0x000006b4       0x7c c:/nxp/s32ds_arm_v2.2/s32ds/build_tools/gcc_v6.3/gcc-6.3-arm32-eabi/bin/../lib/gcc/arm-none-eabi/6.3.1/thumb/v6-m\libgcc.a(_arm_cmpdf2.o)
                0x000006b4                __aeabi_cdrcmple
                0x000006c4                __aeabi_cdcmple
                0x000006c4                __aeabi_cdcmpeq
                0x000006d4                __aeabi_dcmpeq
                0x000006e0                __aeabi_dcmplt
                0x000006f4                __aeabi_dcmple
                0x00000708                __aeabi_dcmpgt
                0x0000071c                __aeabi_dcmpge
 .text          0x00000730       0x74 c:/nxp/s32ds_arm_v2.2/s32ds/build_tools/gcc_v6.3/gcc-6.3-arm32-eabi/bin/../lib/gcc/arm-none-eabi/6.3.1/thumb/v6-m\libgcc.a(_arm_cmpsf2.o)
                0x00000730                __aeabi_cfrcmple
                0x00000738                __aeabi_cfcmpeq
                0x00000738                __aeabi_cfcmple
                0x00000748                __aeabi_fcmpeq
                0x00000754                __aeabi_fcmplt
                0x00000768                __aeabi_fcmple
                0x0000077c                __aeabi_fcmpgt
                0x00000790                __aeabi_fcmpge
 .text          0x000007a4       0x30 c:/nxp/s32ds_arm_v2.2/s32ds/build_tools/gcc_v6.3/gcc-6.3-arm32-eabi/bin/../lib/gcc/arm-none-eabi/6.3.1/thumb/v6-m\libgcc.a(_fixunssfsi.o)
                0x000007a4                __fixunssfsi
                0x000007a4                __aeabi_f2uiz
 .text          0x000007d4       0x3c c:/nxp/s32ds_arm_v2.2/s32ds/build_tools/gcc_v6.3/gcc-6.3-arm32-eabi/bin/../lib/gcc/arm-none-eabi/6.3.1/thumb/v6-m\libgcc.a(_fixunsdfsi.o)
                0x000007d4                __aeabi_d2uiz
                0x000007d4                __fixunsdfsi
 .text          0x00000810      0x324 c:/nxp/s32ds_arm_v2.2/s32ds/build_tools/gcc_v6.3/gcc-6.3-arm32-eabi/bin/../lib/gcc/arm-none-eabi/6.3.1/thumb/v6-m\libgcc.a(addsf3.o)
                0x00000810                __aeabi_fadd
 .text          0x00000b34      0x290 c:/nxp/s32ds_arm_v2.2/s32ds/build_tools/gcc_v6.3/gcc-6.3-arm32-eabi/bin/../lib/gcc/arm-none-eabi/6.3.1/thumb/v6-m\libgcc.a(divsf3.o)
                0x00000b34                __aeabi_fdiv
 .text          0x00000dc4       0x4c c:/nxp/s32ds_arm_v2.2/s32ds/build_tools/gcc_v6.3/gcc-6.3-arm32-eabi/bin/../lib/gcc/arm-none-eabi/6.3.1/thumb/v6-m\libgcc.a(eqsf2.o)
                0x00000dc4                __eqsf2
                0x00000dc4                __nesf2
 .text          0x00000e10       0x80 c:/nxp/s32ds_arm_v2.2/s32ds/build_tools/gcc_v6.3/gcc-6.3-arm32-eabi/bin/../lib/gcc/arm-none-eabi/6.3.1/thumb/v6-m\libgcc.a(gesf2.o)
                0x00000e10                __gesf2
                0x00000e10                __gtsf2
 .text          0x00000e90       0x84 c:/nxp/s32ds_arm_v2.2/s32ds/build_tools/gcc_v6.3/gcc-6.3-arm32-eabi/bin/../lib/gcc/arm-none-eabi/6.3.1/thumb/v6-m\libgcc.a(lesf2.o)
                0x00000e90                __ltsf2
                0x00000e90                __lesf2
 .text          0x00000f14      0x240 c:/nxp/s32ds_arm_v2.2/s32ds/build_tools/gcc_v6.3/gcc-6.3-arm32-eabi/bin/../lib/gcc/arm-none-eabi/6.3.1/thumb/v6-m\libgcc.a(mulsf3.o)
                0x00000f14                __aeabi_fmul
 .text          0x00001154      0x338 c:/nxp/s32ds_arm_v2.2/s32ds/build_tools/gcc_v6.3/gcc-6.3-arm32-eabi/bin/../lib/gcc/arm-none-eabi/6.3.1/thumb/v6-m\libgcc.a(subsf3.o)
                0x00001154                __aeabi_fsub
 .text          0x0000148c       0x40 c:/nxp/s32ds_arm_v2.2/s32ds/build_tools/gcc_v6.3/gcc-6.3-arm32-eabi/bin/../lib/gcc/arm-none-eabi/6.3.1/thumb/v6-m\libgcc.a(fixsfsi.o)
                0x0000148c                __aeabi_f2iz
 .text          0x000014cc       0xa0 c:/nxp/s32ds_arm_v2.2/s32ds/build_tools/gcc_v6.3/gcc-6.3-arm32-eabi/bin/../lib/gcc/arm-none-eabi/6.3.1/thumb/v6-m\libgcc.a(floatsisf.o)
                0x000014cc                __aeabi_i2f
 .text          0x0000156c       0x8c c:/nxp/s32ds_arm_v2.2/s32ds/build_tools/gcc_v6.3/gcc-6.3-arm32-eabi/bin/../lib/gcc/arm-none-eabi/6.3.1/thumb/v6-m\libgcc.a(floatunsisf.o)
                0x0000156c                __aeabi_ui2f
 .text          0x000015f8      0x668 c:/nxp/s32ds_arm_v2.2/s32ds/build_tools/gcc_v6.3/gcc-6.3-arm32-eabi/bin/../lib/gcc/arm-none-eabi/6.3.1/thumb/v6-m\libgcc.a(divdf3.o)
                0x000015f8                __aeabi_ddiv
 .text          0x00001c60       0x74 c:/nxp/s32ds_arm_v2.2/s32ds/build_tools/gcc_v6.3/gcc-6.3-arm32-eabi/bin/../lib/gcc/arm-none-eabi/6.3.1/thumb/v6-m\libgcc.a(eqdf2.o)
                0x00001c60                __nedf2
                0x00001c60                __eqdf2
 .text          0x00001cd4       0xc8 c:/nxp/s32ds_arm_v2.2/s32ds/build_tools/gcc_v6.3/gcc-6.3-arm32-eabi/bin/../lib/gcc/arm-none-eabi/6.3.1/thumb/v6-m\libgcc.a(gedf2.o)
                0x00001cd4                __gedf2
                0x00001cd4                __gtdf2
 .text          0x00001d9c       0xc4 c:/nxp/s32ds_arm_v2.2/s32ds/build_tools/gcc_v6.3/gcc-6.3-arm32-eabi/bin/../lib/gcc/arm-none-eabi/6.3.1/thumb/v6-m\libgcc.a(ledf2.o)
                0x00001d9c                __ledf2
                0x00001d9c                __ltdf2
 .text          0x00001e60      0x500 c:/nxp/s32ds_arm_v2.2/s32ds/build_tools/gcc_v6.3/gcc-6.3-arm32-eabi/bin/../lib/gcc/arm-none-eabi/6.3.1/thumb/v6-m\libgcc.a(muldf3.o)
                0x00001e60                __aeabi_dmul
 .text          0x00002360      0x62c c:/nxp/s32ds_arm_v2.2/s32ds/build_tools/gcc_v6.3/gcc-6.3-arm32-eabi/bin/../lib/gcc/arm-none-eabi/6.3.1/thumb/v6-m\libgcc.a(subdf3.o)
                0x00002360                __aeabi_dsub
 .text          0x0000298c       0x68 c:/nxp/s32ds_arm_v2.2/s32ds/build_tools/gcc_v6.3/gcc-6.3-arm32-eabi/bin/../lib/gcc/arm-none-eabi/6.3.1/thumb/v6-m\libgcc.a(fixdfsi.o)
                0x0000298c                __aeabi_d2iz
 .text          0x000029f4       0x84 c:/nxp/s32ds_arm_v2.2/s32ds/build_tools/gcc_v6.3/gcc-6.3-arm32-eabi/bin/../lib/gcc/arm-none-eabi/6.3.1/thumb/v6-m\libgcc.a(floatsidf.o)
                0x000029f4                __aeabi_i2d
 .text          0x00002a78       0xa4 c:/nxp/s32ds_arm_v2.2/s32ds/build_tools/gcc_v6.3/gcc-6.3-arm32-eabi/bin/../lib/gcc/arm-none-eabi/6.3.1/thumb/v6-m\libgcc.a(extendsfdf2.o)
                0x00002a78                __aeabi_f2d
 .text          0x00002b1c      0x114 c:/nxp/s32ds_arm_v2.2/s32ds/build_tools/gcc_v6.3/gcc-6.3-arm32-eabi/bin/../lib/gcc/arm-none-eabi/6.3.1/thumb/v6-m\libgcc.a(truncdfsf2.o)
                0x00002b1c                __aeabi_d2f
 .text          0x00002c30       0x3c c:/nxp/s32ds_arm_v2.2/s32ds/build_tools/gcc_v6.3/gcc-6.3-arm32-eabi/bin/../lib/gcc/arm-none-eabi/6.3.1/thumb/v6-m\libgcc.a(_clzsi2.o)
                0x00002c30                __clzsi2
 *(.text*)
 .text.init_data_bss
                0x00002c6c       0xdc ./Project_Settings/Startup_Code/startup.o
                0x00002c6c                init_data_bss
 .text.SystemInit
                0x00002d48       0x24 ./Project_Settings/Startup_Code/system_S32K116.o
                0x00002d48                SystemInit
 .text.sleep_actions
                0x00002d6c       0x74 ./src/AppSAS.o
                0x00002d6c                sleep_actions
 .text.wakeup_actions
                0x00002de0       0x6c ./src/AppSAS.o
                0x00002de0                wakeup_actions
 .text.App_SAS_Operations
                0x00002e4c      0xd14 ./src/AppSAS.o
                0x00002e4c                App_SAS_Operations
 .text.LPI2C_CONF_Reg_Write
                0x00003b60       0x44 ./src/AppSAS.o
                0x00003b60                LPI2C_CONF_Reg_Write
 .text.CAN_App_Config
                0x00003ba4       0x2e ./src/CAN_app.o
                0x00003ba4                CAN_App_Config
 *fill*         0x00003bd2        0x2 
 .text.CAN_App_GetRxID
                0x00003bd4       0x20 ./src/CAN_app.o
                0x00003bd4                CAN_App_GetRxID
 .text.CAN_App_GetRxBUF
                0x00003bf4       0x30 ./src/CAN_app.o
                0x00003bf4                CAN_App_GetRxBUF
 .text.CAN_App_Task
                0x00003c24      0x568 ./src/CAN_app.o
                0x00003c24                CAN_App_Task
 .text.CAN_App_Rx_Handler
                0x0000418c       0x1e ./src/CAN_app.o
                0x0000418c                CAN_App_Rx_Handler
 *fill*         0x000041aa        0x2 
 .text.Clock_Init
                0x000041ac      0x588 ./src/Clock_Driver.o
                0x000041ac                Clock_Init
 .text.Clock_Drv_Init
                0x00004734        0x8 ./src/Clock_Driver.o
                0x00004734                Clock_Drv_Init
 .text.Clock_App_Init
                0x0000473c       0x28 ./src/Clock_app.o
                0x0000473c                Clock_App_Init
 .text.FLASH_DRV_EWrite
                0x00004764       0xd0 ./src/Flash.o
                0x00004764                FLASH_DRV_EWrite
 .text.FLASH_DRV_EEERead
                0x00004834       0x1e ./src/Flash.o
                0x00004834                FLASH_DRV_EEERead
 *fill*         0x00004852        0x2 
 .text.Flash_ProgramPartitioning
                0x00004854       0x40 ./src/Flash.o
                0x00004854                Flash_ProgramPartitioning
 .text.Flash_SetFlexRAM
                0x00004894       0x34 ./src/Flash.o
                0x00004894                Flash_SetFlexRAM
 .text.Flash_Init
                0x000048c8        0xc ./src/Flash.o
                0x000048c8                Flash_Init
 .text.CAN0_ORed_0_31_MB_IRQHandler
                0x000048d4       0x10 ./src/FlexCAN.o
                0x000048d4                CAN0_ORed_0_31_MB_IRQHandler
 .text.CAN_Init
                0x000048e4      0x124 ./src/FlexCAN.o
                0x000048e4                CAN_Init
 .text.CAN_Port_Init
                0x00004a08       0x40 ./src/FlexCAN.o
                0x00004a08                CAN_Port_Init
 .text.CAN_ITConfig
                0x00004a48       0x20 ./src/FlexCAN.o
                0x00004a48                CAN_ITConfig
 .text.CAN_Transmit_msg
                0x00004a68       0x98 ./src/FlexCAN.o
                0x00004a68                CAN_Transmit_msg
 .text.CAN_Receive_msg
                0x00004b00       0x84 ./src/FlexCAN.o
                0x00004b00                CAN_Receive_msg
 .text.GPIO_Mode_Init
                0x00004b84       0x6c ./src/GPIO_Driver.o
                0x00004b84                GPIO_Mode_Init
 .text.GPIO_Drv_Init
                0x00004bf0       0x1a ./src/GPIO_Driver.o
                0x00004bf0                GPIO_Drv_Init
 *fill*         0x00004c0a        0x2 
 .text.GPIO_Clk_Init
                0x00004c0c       0x24 ./src/GPIO_Driver.o
                0x00004c0c                GPIO_Clk_Init
 .text.PIN_Muxmode_Select
                0x00004c30        0xe ./src/GPIO_Driver.o
                0x00004c30                PIN_Muxmode_Select
 .text.PIN_Input_Read
                0x00004c3e       0x10 ./src/GPIO_Driver.o
                0x00004c3e                PIN_Input_Read
 .text.PIN_Set  0x00004c4e        0xc ./src/GPIO_Driver.o
                0x00004c4e                PIN_Set
 .text.PIN_Clear
                0x00004c5a        0xc ./src/GPIO_Driver.o
                0x00004c5a                PIN_Clear
 .text.PIN_Toggle
                0x00004c66        0xc ./src/GPIO_Driver.o
                0x00004c66                PIN_Toggle
 .text.PIN_Interrupt_Enable
                0x00004c72       0x14 ./src/GPIO_Driver.o
                0x00004c72                PIN_Interrupt_Enable
 .text.PIN_Interrupt_Disable
                0x00004c86        0xa ./src/GPIO_Driver.o
                0x00004c86                PIN_Interrupt_Disable
 .text.PIN_Pull_Select
                0x00004c90       0x20 ./src/GPIO_Driver.o
                0x00004c90                PIN_Pull_Select
 .text.GPIO_App_init
                0x00004cb0      0x180 ./src/GPIO_app.o
                0x00004cb0                GPIO_App_init
 .text.PORT_IRQHandler
                0x00004e30       0x14 ./src/GPIO_app.o
                0x00004e30                PORT_IRQHandler
 .text.SIRC_Init
                0x00004e44       0x50 ./src/PWRMode_Driver.o
                0x00004e44                SIRC_Init
 .text.SIRC_RUNState
                0x00004e94       0x48 ./src/PWRMode_Driver.o
                0x00004e94                SIRC_RUNState
 .text.FIRC_Disable
                0x00004edc       0x58 ./src/PWRMode_Driver.o
                0x00004edc                FIRC_Disable
 .text.Set_Power_Mode
                0x00004f34      0x120 ./src/PWRMode_Driver.o
                0x00004f34                Set_Power_Mode
 .text.ADC_Init
                0x00005054       0x50 ./src/analog_sense.o
                0x00005054                ADC_Init
 .text.Read_ADC
                0x000050a4       0x50 ./src/analog_sense.o
                0x000050a4                Read_ADC
 .text.LPI2C_init
                0x000050f4       0x44 ./src/lpi2c.o
                0x000050f4                LPI2C_init
 .text.LPI2C_Transmit_Int
                0x00005138       0x20 ./src/lpi2c.o
                0x00005138                LPI2C_Transmit_Int
 .text.LPI2C_Generate_Start_Ack
                0x00005158       0x14 ./src/lpi2c.o
                0x00005158                LPI2C_Generate_Start_Ack
 .text.LPI2C_DataToRead
                0x0000516c       0x18 ./src/lpi2c.o
                0x0000516c                LPI2C_DataToRead
 .text.LPI2C_Receive_Data
                0x00005184       0x78 ./src/lpi2c.o
                0x00005184                LPI2C_Receive_Data
 .text.LPI2C_Check_Busy
                0x000051fc       0x38 ./src/lpi2c.o
                0x000051fc                LPI2C_Check_Busy
 .text.LPI2C_Generate_Stop
                0x00005234       0x54 ./src/lpi2c.o
                0x00005234                LPI2C_Generate_Stop
 .text.LPI2C_Read_Location
                0x00005288       0x5c ./src/lpi2c.o
                0x00005288                LPI2C_Read_Location
 .text.LPI2C_Select_MuxChannel
                0x000052e4       0x60 ./src/lpi2c.o
                0x000052e4                LPI2C_Select_MuxChannel
 .text.LPI2C0_Master_Slave_IRQHandler
                0x00005344      0x424 ./src/lpi2c.o
                0x00005344                LPI2C0_Master_Slave_IRQHandler
 .text.SAS_ReadMagnet_Status
                0x00005768       0x58 ./src/lpi2c.o
                0x00005768                SAS_ReadMagnet_Status
 .text.LPTMR0_IRQHandler
                0x000057c0       0x20 ./src/lptmr.o
                0x000057c0                LPTMR0_IRQHandler
 .text.check_dorman_rights
                0x000057e0       0x2c ./src/main.o
                0x000057e0                check_dorman_rights
 .text.NVIC_Init_IRQs
                0x0000580c       0x60 ./src/main.o
                0x0000580c                NVIC_Init_IRQs
 .text.Init_SysTick
                0x0000586c       0x20 ./src/main.o
                0x0000586c                Init_SysTick
 .text.Task_1ms
                0x0000588c       0xbc ./src/main.o
                0x0000588c                Task_1ms
 .text.Task_12ms
                0x00005948       0x10 ./src/main.o
                0x00005948                Task_12ms
 .text.Task_50ms
                0x00005958       0x1c ./src/main.o
                0x00005958                Task_50ms
 .text.SysTick_Handler
                0x00005974       0xcc ./src/main.o
                0x00005974                SysTick_Handler
 .text.Task_960msec
                0x00005a40       0x24 ./src/main.o
                0x00005a40                Task_960msec
 .text.Task_1sec
                0x00005a64      0x26c ./src/main.o
                0x00005a64                Task_1sec
 .text.Scheduler_Task
                0x00005cd0       0x68 ./src/main.o
                0x00005cd0                Scheduler_Task
 .text.GetTheAngleCounterValueCW
                0x00005d38      0x174 ./src/main.o
                0x00005d38                GetTheAngleCounterValueCW
 .text.GetTheAngleCounterValueCCW
                0x00005eac      0x174 ./src/main.o
                0x00005eac                GetTheAngleCounterValueCCW
 .text.ADC_Disable
                0x00006020        0xc ./src/main.o
                0x00006020                ADC_Disable
 .text.CSAS_checksum_Byte
                0x0000602c       0x16 ./src/main.o
                0x0000602c                CSAS_checksum_Byte
 *fill*         0x00006042        0x2 
 .text.Low_voltage_detection_enable
                0x00006044       0x10 ./src/main.o
                0x00006044                Low_voltage_detection_enable
 .text.SCG_CMU_LVD_LVWSCG_IRQHandler
                0x00006054       0x38 ./src/main.o
                0x00006054                SCG_CMU_LVD_LVWSCG_IRQHandler
 .text.Flash_write_struct
                0x0000608c       0x24 ./src/main.o
                0x0000608c                Flash_write_struct
 .text.flash_checksum_write
                0x000060b0       0x68 ./src/main.o
                0x000060b0                flash_checksum_write
 .text.Flash_read_struct
                0x00006118       0xec ./src/main.o
                0x00006118                Flash_read_struct
 .text.Flash_array_store
                0x00006204       0xb0 ./src/main.o
                0x00006204                Flash_array_store
 .text.Init_Sys_Peripherals
                0x000062b4       0x40 ./src/main.o
                0x000062b4                Init_Sys_Peripherals
 .text.main     0x000062f4       0x44 ./src/main.o
                0x000062f4                main
 .text.WDOG_disable
                0x00006338       0x28 ./src/watchdog_driver.o
                0x00006338                WDOG_disable
 .text.exit     0x00006360       0x20 C:/NXP/S32DS_ARM_v2.2/S32DS/build_tools/gcc_v6.3/gcc-6.3-arm32-eabi/arm-none-eabi/newlib/lib/thumb/v6-m\libc.a(lib_a-exit.o)
                0x00006360                exit
 .text.__libc_init_array
                0x00006380       0x48 C:/NXP/S32DS_ARM_v2.2/S32DS/build_tools/gcc_v6.3/gcc-6.3-arm32-eabi/arm-none-eabi/newlib/lib/thumb/v6-m\libc.a(lib_a-init.o)
                0x00006380                __libc_init_array
 .text.memcpy   0x000063c8       0x12 C:/NXP/S32DS_ARM_v2.2/S32DS/build_tools/gcc_v6.3/gcc-6.3-arm32-eabi/arm-none-eabi/newlib/lib/thumb/v6-m\libc.a(lib_a-memcpy-stub.o)
                0x000063c8                memcpy
 .text.memset   0x000063da       0x10 C:/NXP/S32DS_ARM_v2.2/S32DS/build_tools/gcc_v6.3/gcc-6.3-arm32-eabi/arm-none-eabi/newlib/lib/thumb/v6-m\libc.a(lib_a-memset.o)
                0x000063da                memset
 *fill*         0x000063ea        0x2 
 .text.startup.register_fini
                0x000063ec       0x18 C:/NXP/S32DS_ARM_v2.2/S32DS/build_tools/gcc_v6.3/gcc-6.3-arm32-eabi/arm-none-eabi/newlib/lib/thumb/v6-m\libc.a(lib_a-__call_atexit.o)
 .text.__call_exitprocs
                0x00006404       0xc8 C:/NXP/S32DS_ARM_v2.2/S32DS/build_tools/gcc_v6.3/gcc-6.3-arm32-eabi/arm-none-eabi/newlib/lib/thumb/v6-m\libc.a(lib_a-__call_atexit.o)
                0x00006404                __call_exitprocs
 .text.__libc_fini_array
                0x000064cc       0x28 C:/NXP/S32DS_ARM_v2.2/S32DS/build_tools/gcc_v6.3/gcc-6.3-arm32-eabi/arm-none-eabi/newlib/lib/thumb/v6-m\libc.a(lib_a-fini.o)
                0x000064cc                __libc_fini_array
 .text.atexit   0x000064f4       0x10 C:/NXP/S32DS_ARM_v2.2/S32DS/build_tools/gcc_v6.3/gcc-6.3-arm32-eabi/arm-none-eabi/newlib/lib/thumb/v6-m\libc.a(lib_a-atexit.o)
                0x000064f4                atexit
 .text.__register_exitproc
                0x00006504       0x98 C:/NXP/S32DS_ARM_v2.2/S32DS/build_tools/gcc_v6.3/gcc-6.3-arm32-eabi/arm-none-eabi/newlib/lib/thumb/v6-m\libc.a(lib_a-__atexit.o)
                0x00006504                __register_exitproc
 .text._exit    0x0000659c        0x2 C:/NXP/S32DS_ARM_v2.2/S32DS/build_tools/gcc_v6.3/gcc-6.3-arm32-eabi/arm-none-eabi/newlib/lib/thumb/v6-m\libnosys.a(_exit.o)
                0x0000659c                _exit
 *(.rodata)
 *fill*         0x0000659e        0x2 
 .rodata        0x000065a0       0x80 c:/nxp/s32ds_arm_v2.2/s32ds/build_tools/gcc_v6.3/gcc-6.3-arm32-eabi/bin/../lib/gcc/arm-none-eabi/6.3.1/thumb/v6-m\libgcc.a(divsf3.o)
 .rodata        0x00006620       0x40 c:/nxp/s32ds_arm_v2.2/s32ds/build_tools/gcc_v6.3/gcc-6.3-arm32-eabi/bin/../lib/gcc/arm-none-eabi/6.3.1/thumb/v6-m\libgcc.a(mulsf3.o)
 .rodata        0x00006660       0x40 c:/nxp/s32ds_arm_v2.2/s32ds/build_tools/gcc_v6.3/gcc-6.3-arm32-eabi/bin/../lib/gcc/arm-none-eabi/6.3.1/thumb/v6-m\libgcc.a(divdf3.o)
 .rodata        0x000066a0       0x40 c:/nxp/s32ds_arm_v2.2/s32ds/build_tools/gcc_v6.3/gcc-6.3-arm32-eabi/bin/../lib/gcc/arm-none-eabi/6.3.1/thumb/v6-m\libgcc.a(muldf3.o)
 *(.rodata*)
 .rodata.CAN_App_Task
                0x000066e0       0x80 ./src/CAN_app.o
 .rodata.Clock_Init
                0x00006760      0x3e8 ./src/Clock_Driver.o
 .rodata.Set_Power_Mode
                0x00006b48       0x18 ./src/PWRMode_Driver.o
 .rodata.Read_ADC.cst2
                0x00006b60        0x2 ./src/analog_sense.o
 *fill*         0x00006b62        0x2 
 .rodata._global_impure_ptr
                0x00006b64        0x4 C:/NXP/S32DS_ARM_v2.2/S32DS/build_tools/gcc_v6.3/gcc-6.3-arm32-eabi/arm-none-eabi/newlib/lib/thumb/v6-m\libc.a(lib_a-impure.o)
                0x00006b64                _global_impure_ptr
 *(.glue_7)
 .glue_7        0x00006b68        0x0 linker stubs
 *(.glue_7t)
 .glue_7t       0x00006b68        0x0 linker stubs
 *(.eh_frame)
 .eh_frame      0x00006b68        0x0 c:/nxp/s32ds_arm_v2.2/s32ds/build_tools/gcc_v6.3/gcc-6.3-arm32-eabi/bin/../lib/gcc/arm-none-eabi/6.3.1/thumb/v6-m/crtbegin.o
 *(.init)
 .init          0x00006b68        0x4 c:/nxp/s32ds_arm_v2.2/s32ds/build_tools/gcc_v6.3/gcc-6.3-arm32-eabi/bin/../lib/gcc/arm-none-eabi/6.3.1/thumb/v6-m/crti.o
                0x00006b68                _init
 .init          0x00006b6c        0x8 c:/nxp/s32ds_arm_v2.2/s32ds/build_tools/gcc_v6.3/gcc-6.3-arm32-eabi/bin/../lib/gcc/arm-none-eabi/6.3.1/thumb/v6-m/crtn.o
 *(.fini)
 .fini          0x00006b74        0x4 c:/nxp/s32ds_arm_v2.2/s32ds/build_tools/gcc_v6.3/gcc-6.3-arm32-eabi/bin/../lib/gcc/arm-none-eabi/6.3.1/thumb/v6-m/crti.o
                0x00006b74                _fini
 .fini          0x00006b78        0x8 c:/nxp/s32ds_arm_v2.2/s32ds/build_tools/gcc_v6.3/gcc-6.3-arm32-eabi/bin/../lib/gcc/arm-none-eabi/6.3.1/thumb/v6-m/crtn.o
                0x00006b80                . = ALIGN (0x4)

.vfp11_veneer   0x00006b80        0x0
 .vfp11_veneer  0x00006b80        0x0 linker stubs

.v4_bx          0x00006b80        0x0
 .v4_bx         0x00006b80        0x0 linker stubs

.iplt           0x00006b80        0x0
 .iplt          0x00006b80        0x0 c:/nxp/s32ds_arm_v2.2/s32ds/build_tools/gcc_v6.3/gcc-6.3-arm32-eabi/bin/../lib/gcc/arm-none-eabi/6.3.1/thumb/v6-m/crtbegin.o

.ARM.extab
 *(.ARM.extab* .gnu.linkonce.armextab.*)

.ARM            0x00006b80        0x8
                0x00006b80                __exidx_start = .
 *(.ARM.exidx*)
 .ARM.exidx     0x00006b80        0x8 C:/NXP/S32DS_ARM_v2.2/S32DS/build_tools/gcc_v6.3/gcc-6.3-arm32-eabi/arm-none-eabi/newlib/lib/thumb/v6-m/crt0.o
                0x00006b88                __exidx_end = .

.rel.dyn        0x00006b88        0x0
 .rel.iplt      0x00006b88        0x0 c:/nxp/s32ds_arm_v2.2/s32ds/build_tools/gcc_v6.3/gcc-6.3-arm32-eabi/bin/../lib/gcc/arm-none-eabi/6.3.1/thumb/v6-m/crtbegin.o

.ctors          0x00006b88        0x0
                0x00006b88                __CTOR_LIST__ = .
 *crtbegin.o(.ctors)
 *crtbegin?.o(.ctors)
 *(EXCLUDE_FILE(*crtend.o *crtend?.o) .ctors)
 *(SORT(.ctors.*))
 *(.ctors)
                0x00006b88                __CTOR_END__ = .

.dtors          0x00006b88        0x0
                0x00006b88                __DTOR_LIST__ = .
 *crtbegin.o(.dtors)
 *crtbegin?.o(.dtors)
 *(EXCLUDE_FILE(*crtend.o *crtend?.o) .dtors)
 *(SORT(.dtors.*))
 *(.dtors)
                0x00006b88                __DTOR_END__ = .

.preinit_array  0x00006b88        0x0
                0x00006b88                PROVIDE (__preinit_array_start, .)
 *(.preinit_array*)
                0x00006b88                PROVIDE (__preinit_array_end, .)

.init_array     0x00006b88        0x8
                0x00006b88                PROVIDE (__init_array_start, .)
 *(SORT(.init_array.*))
 .init_array.00000
                0x00006b88        0x4 C:/NXP/S32DS_ARM_v2.2/S32DS/build_tools/gcc_v6.3/gcc-6.3-arm32-eabi/arm-none-eabi/newlib/lib/thumb/v6-m\libc.a(lib_a-__call_atexit.o)
 *(.init_array*)
 .init_array    0x00006b8c        0x4 c:/nxp/s32ds_arm_v2.2/s32ds/build_tools/gcc_v6.3/gcc-6.3-arm32-eabi/bin/../lib/gcc/arm-none-eabi/6.3.1/thumb/v6-m/crtbegin.o
                0x00006b90                PROVIDE (__init_array_end, .)

.fini_array     0x00006b90        0x4
                0x00006b90                PROVIDE (__fini_array_start, .)
 *(SORT(.fini_array.*))
 *(.fini_array*)
 .fini_array    0x00006b90        0x4 c:/nxp/s32ds_arm_v2.2/s32ds/build_tools/gcc_v6.3/gcc-6.3-arm32-eabi/bin/../lib/gcc/arm-none-eabi/6.3.1/thumb/v6-m/crtbegin.o
                0x00006b94                PROVIDE (__fini_array_end, .)
                0x00006b94                __etext = .
                0x00006b94                __DATA_ROM = .

.interrupts_ram
                0x20000000       0xc0
                0x20000000                . = ALIGN (0x4)
                0x20000000                __VECTOR_RAM__ = .
                0x20000000                __RAM_START = .
                0x20000000                __interrupts_ram_start__ = .
 *(.m_interrupts_ram)
                0x200000c0                . = (. + M_VECTOR_RAM_SIZE)
 *fill*         0x20000000       0xc0 
                0x200000c0                . = ALIGN (0x4)
                0x200000c0                __interrupts_ram_end__ = .
                0x20000000                __VECTOR_RAM = DEFINED (__flash_vector_table__)?ORIGIN (m_interrupts):__VECTOR_RAM__
                0x000000c0                __RAM_VECTOR_TABLE_SIZE = DEFINED (__flash_vector_table__)?0x0:(__interrupts_ram_end__ - __interrupts_ram_start__)

.data           0x200000c0      0x554 load address 0x00006b94
                0x200000c0                . = ALIGN (0x4)
                0x200000c0                __DATA_RAM = .
                0x200000c0                __data_start__ = .
 *(.data)
 *(.data*)
 .data.gu8CSASclearcompletemem
                0x200000c0        0x8 ./src/CAN_app.o
                0x200000c0                gu8CSASclearcompletemem
 .data.gu8CSASdiagnosticack
                0x200000c8        0x8 ./src/CAN_app.o
                0x200000c8                gu8CSASdiagnosticack
 .data.gu8CSASendzeropoint
                0x200000d0        0x8 ./src/CAN_app.o
                0x200000d0                gu8CSASendzeropoint
 .data.gu8CSASresponse
                0x200000d8        0x8 ./src/CAN_app.o
                0x200000d8                gu8CSASresponse
 .data.gu8CSASresponsepending
                0x200000e0        0x8 ./src/CAN_app.o
                0x200000e0                gu8CSASresponsepending
 .data.gu8CSAStesterpresentack
                0x200000e8        0x8 ./src/CAN_app.o
                0x200000e8                gu8CSAStesterpresentack
 .data.clk_firc_init
                0x200000f0        0x3 ./src/Clock_app.o
                0x200000f0                clk_firc_init
 *fill*         0x200000f3        0x1 
 .data.clk_sirc_init
                0x200000f4        0x3 ./src/Clock_app.o
                0x200000f4                clk_sirc_init
 *fill*         0x200000f7        0x1 
 .data.freq_firc_init
                0x200000f8       0x18 ./src/Clock_app.o
                0x200000f8                freq_firc_init
 .data.freq_sirc_init
                0x20000110       0x18 ./src/Clock_app.o
                0x20000110                freq_sirc_init
 .data.start_address
                0x20000128        0x4 ./src/Flash.o
                0x20000128                start_address
 .data.gpio_struct
                0x2000012c       0x78 ./src/GPIO_app.o
                0x2000012c                gpio_struct
 .data.pta_out  0x200001a4        0x5 ./src/GPIO_app.o
                0x200001a4                pta_out
 .data.ptb_in   0x200001a9        0x1 ./src/GPIO_app.o
                0x200001a9                ptb_in
 *fill*         0x200001aa        0x2 
 .data.ptb_out  0x200001ac        0x6 ./src/GPIO_app.o
                0x200001ac                ptb_out
 *fill*         0x200001b2        0x2 
 .data.ptc_out  0x200001b4        0x7 ./src/GPIO_app.o
                0x200001b4                ptc_out
 *fill*         0x200001bb        0x1 
 .data.ptd_out  0x200001bc        0x7 ./src/GPIO_app.o
                0x200001bc                ptd_out
 *fill*         0x200001c3        0x1 
 .data.pte_out  0x200001c4        0x2 ./src/GPIO_app.o
                0x200001c4                pte_out
 .data.IsSasAngleDataValid
                0x200001c6        0x1 ./src/main.o
                0x200001c6                IsSasAngleDataValid
 *fill*         0x200001c7        0x1 
 .data.gu16ClockWiseCounterS1
                0x200001c8        0x2 ./src/main.o
                0x200001c8                gu16ClockWiseCounterS1
 .data.gu16ClockWiseCounterS2
                0x200001ca        0x2 ./src/main.o
                0x200001ca                gu16ClockWiseCounterS2
 .data.gu16CounterClockWiseCounterS1
                0x200001cc        0x2 ./src/main.o
                0x200001cc                gu16CounterClockWiseCounterS1
 .data.gu16CounterClockWiseCounterS2
                0x200001ce        0x2 ./src/main.o
                0x200001ce                gu16CounterClockWiseCounterS2
 .data.gu16phaseangleratio
                0x200001d0        0x4 ./src/main.o
                0x200001d0                gu16phaseangleratio
 .data.gu8CSASCanDataFrame
                0x200001d4        0x8 ./src/main.o
                0x200001d4                gu8CSASCanDataFrame
 .data.gu8CSASCanDataFrame_960MS
                0x200001dc        0x8 ./src/main.o
                0x200001dc                gu8CSASCanDataFrame_960MS
 .data.gu8CSASCanDataFrame_Anglelimit
                0x200001e4        0x8 ./src/main.o
                0x200001e4                gu8CSASCanDataFrame_Anglelimit
 .data.poweroff_address
                0x200001ec        0x4 ./src/main.o
                0x200001ec                poweroff_address
 .data.test_char_t1
                0x200001f0        0x6 ./src/main.o
                0x200001f0                test_char_t1
 *fill*         0x200001f6        0x2 
 .data.impure_data
                0x200001f8      0x418 C:/NXP/S32DS_ARM_v2.2/S32DS/build_tools/gcc_v6.3/gcc-6.3-arm32-eabi/arm-none-eabi/newlib/lib/thumb/v6-m\libc.a(lib_a-impure.o)
 *(.jcr*)
 .jcr           0x20000610        0x0 c:/nxp/s32ds_arm_v2.2/s32ds/build_tools/gcc_v6.3/gcc-6.3-arm32-eabi/bin/../lib/gcc/arm-none-eabi/6.3.1/thumb/v6-m/crtbegin.o
 .jcr           0x20000610        0x4 c:/nxp/s32ds_arm_v2.2/s32ds/build_tools/gcc_v6.3/gcc-6.3-arm32-eabi/bin/../lib/gcc/arm-none-eabi/6.3.1/thumb/v6-m/crtend.o
                0x20000614                . = ALIGN (0x4)
                0x20000614                __data_end__ = .
                0x000070e8                __DATA_END = (__DATA_ROM + (__data_end__ - __data_start__))
                0x000070e8                __CODE_ROM = __DATA_END

.tm_clone_table
                0x20000614        0x0 load address 0x000070e8
 .tm_clone_table
                0x20000614        0x0 c:/nxp/s32ds_arm_v2.2/s32ds/build_tools/gcc_v6.3/gcc-6.3-arm32-eabi/bin/../lib/gcc/arm-none-eabi/6.3.1/thumb/v6-m/crtbegin.o
 .tm_clone_table
                0x20000614        0x0 c:/nxp/s32ds_arm_v2.2/s32ds/build_tools/gcc_v6.3/gcc-6.3-arm32-eabi/bin/../lib/gcc/arm-none-eabi/6.3.1/thumb/v6-m/crtend.o

.igot.plt       0x20000614        0x0 load address 0x000070e8
 .igot.plt      0x20000614        0x0 c:/nxp/s32ds_arm_v2.2/s32ds/build_tools/gcc_v6.3/gcc-6.3-arm32-eabi/bin/../lib/gcc/arm-none-eabi/6.3.1/thumb/v6-m/crtbegin.o

.code           0x20000614        0x0 load address 0x000070e8
                0x20000614                . = ALIGN (0x4)
                0x20000614                __CODE_RAM = .
                0x20000614                __code_start__ = .
                0x20000614                __code_ram_start__ = .
 *(.code_ram)
                0x20000614                . = ALIGN (0x4)
                0x20000614                __code_end__ = .
                0x20000614                __code_ram_end__ = .
                0x000070e8                __CODE_END = (__CODE_ROM + (__code_end__ - __code_start__))
                0x000070e8                __CUSTOM_ROM = __CODE_END

.customSectionBlock
                0x200020c0        0x0 load address 0x000070e8
                0x200020c0                __customSection_start__ = .
 *(.customSection)
                0x200020c0                __customSection_end__ = .
                0x000070e8                __CUSTOM_END = (__CUSTOM_ROM + (__customSection_end__ - __customSection_start__))

.bss            0x200020c0      0x158
                0x200020c0                . = ALIGN (0x4)
                0x200020c0                __BSS_START = .
                0x200020c0                __bss_start__ = .
 *(.bss)
 .bss           0x200020c0       0x1c c:/nxp/s32ds_arm_v2.2/s32ds/build_tools/gcc_v6.3/gcc-6.3-arm32-eabi/bin/../lib/gcc/arm-none-eabi/6.3.1/thumb/v6-m/crtbegin.o
 *(.bss*)
 .bss.flag_anticlockwise
                0x200020dc        0x1 ./src/AppSAS.o
                0x200020dc                flag_anticlockwise
 .bss.flag_clockwise
                0x200020dd        0x1 ./src/AppSAS.o
                0x200020dd                flag_clockwise
 .bss.Cal_Stop  0x200020de        0x1 ./src/CAN_app.o
                0x200020de                Cal_Stop
 .bss.byte0_msb
                0x200020df        0x1 ./src/CAN_app.o
                0x200020df                byte0_msb
 .bss.can_msg   0x200020e0        0x8 ./src/CAN_app.o
                0x200020e0                can_msg
 .bss.canrxid   0x200020e8        0x4 ./src/CAN_app.o
                0x200020e8                canrxid
 .bss.check_mem
                0x200020ec        0x1 ./src/CAN_app.o
                0x200020ec                check_mem
 *fill*         0x200020ed        0x3 
 .bss.clear     0x200020f0        0xc ./src/CAN_app.o
                0x200020f0                clear
 .bss.gCANMailBoxNo
                0x200020fc        0x1 ./src/CAN_app.o
                0x200020fc                gCANMailBoxNo
 .bss.incr      0x200020fd        0x1 ./src/CAN_app.o
                0x200020fd                incr
 .bss.mem_loop  0x200020fe        0x1 ./src/CAN_app.o
                0x200020fe                mem_loop
 .bss.one_time  0x200020ff        0x1 ./src/CAN_app.o
                0x200020ff                one_time
 .bss.write_cal_data
                0x20002100        0x5 ./src/CAN_app.o
                0x20002100                write_cal_data
 .bss.zero_point_set
                0x20002105        0x1 ./src/CAN_app.o
                0x20002105                zero_point_set
 *fill*         0x20002106        0x2 
 .bss.retfreq   0x20002108       0x18 ./src/Clock_Driver.o
                0x20002108                retfreq
 .bss.loop      0x20002120        0x1 ./src/Flash.o
                0x20002120                loop
 *fill*         0x20002121        0x3 
 .bss.temp_addr
                0x20002124        0x4 ./src/Flash.o
                0x20002124                temp_addr
 .bss.anglelsb_data1
                0x20002128        0x1 ./src/lpi2c.o
                0x20002128                anglelsb_data1
 .bss.anglelsb_data2
                0x20002129        0x1 ./src/lpi2c.o
                0x20002129                anglelsb_data2
 .bss.anglemsb_data1
                0x2000212a        0x1 ./src/lpi2c.o
                0x2000212a                anglemsb_data1
 .bss.anglemsb_data2
                0x2000212b        0x1 ./src/lpi2c.o
                0x2000212b                anglemsb_data2
 .bss.cur_channel
                0x2000212c        0x1 ./src/lpi2c.o
                0x2000212c                cur_channel
 .bss.cur_tx_fifo_cnt
                0x2000212d        0x1 ./src/lpi2c.o
                0x2000212d                cur_tx_fifo_cnt
 .bss.error     0x2000212e        0x1 ./src/lpi2c.o
                0x2000212e                error
 .bss.i2c_state
                0x2000212f        0x1 ./src/lpi2c.o
                0x2000212f                i2c_state
 .bss.u8RegMuxSelect
                0x20002130        0x1 ./src/lpi2c.o
                0x20002130                u8RegMuxSelect
 .bss.u8RegReadValMagPresent
                0x20002131        0x1 ./src/lpi2c.o
                0x20002131                u8RegReadValMagPresent
 *fill*         0x20002132        0x2 
 .bss.ADC_Output
                0x20002134        0x4 ./src/main.o
                0x20002134                ADC_Output
 .bss.AngleDataCAN
                0x20002138        0x2 ./src/main.o
                0x20002138                AngleDataCAN
 *fill*         0x2000213a        0x2 
 .bss.BattVoltage
                0x2000213c        0x4 ./src/main.o
                0x2000213c                BattVoltage
 .bss.CalOk     0x20002140        0x1 ./src/main.o
                0x20002140                CalOk
 .bss.Count_100ms_Reg
                0x20002141        0x1 ./src/main.o
                0x20002141                Count_100ms_Reg
 .bss.Count_10ms_Reg
                0x20002142        0x1 ./src/main.o
                0x20002142                Count_10ms_Reg
 .bss.Count_1ms_Reg
                0x20002143        0x1 ./src/main.o
                0x20002143                Count_1ms_Reg
 .bss.Count_1sec_Reg
                0x20002144        0x1 ./src/main.o
                0x20002144                Count_1sec_Reg
 .bss.Count_20ms_Reg
                0x20002145        0x1 ./src/main.o
                0x20002145                Count_20ms_Reg
 .bss.F_CalOk   0x20002146        0x1 ./src/main.o
                0x20002146                F_CalOk
 .bss.IsCalibarationComp
                0x20002147        0x1 ./src/main.o
                0x20002147                IsCalibarationComp
 .bss.IsSasAngleExceed
                0x20002148        0x1 ./src/main.o
                0x20002148                IsSasAngleExceed
 .bss.IsSasAngleoutphase
                0x20002149        0x1 ./src/main.o
                0x20002149                IsSasAngleoutphase
 .bss.IsSasHardFault
                0x2000214a        0x1 ./src/main.o
                0x2000214a                IsSasHardFault
 *fill*         0x2000214b        0x1 
 .bss.TempVar   0x2000214c        0x2 ./src/main.o
                0x2000214c                TempVar
 *fill*         0x2000214e        0x2 
 .bss.TempVar_1
                0x20002150        0x4 ./src/main.o
                0x20002150                TempVar_1
 .bss.cal_stuck
                0x20002154        0x1 ./src/main.o
                0x20002154                cal_stuck
 .bss.decrement_flag
                0x20002155        0x1 ./src/main.o
                0x20002155                decrement_flag
 .bss.difference
                0x20002156        0x2 ./src/main.o
                0x20002156                difference
 .bss.dorman_flag
                0x20002158        0x1 ./src/main.o
                0x20002158                dorman_flag
 *fill*         0x20002159        0x3 
 .bss.flash_array
                0x2000215c        0xc ./src/main.o
                0x2000215c                flash_array
 .bss.flash_struct_data
                0x20002168       0x10 ./src/main.o
                0x20002168                flash_struct_data
 .bss.gu16AHFromS1
                0x20002178        0x4 ./src/main.o
                0x20002178                gu16AHFromS1
 .bss.gu16AHFromS2
                0x2000217c        0x4 ./src/main.o
                0x2000217c                gu16AHFromS2
 .bss.gu16AS5600s1Angle
                0x20002180        0x2 ./src/main.o
                0x20002180                gu16AS5600s1Angle
 .bss.gu16AS5600s2Angle
                0x20002182        0x2 ./src/main.o
                0x20002182                gu16AS5600s2Angle
 .bss.gu16AbsAngleS1
                0x20002184        0x4 ./src/main.o
                0x20002184                gu16AbsAngleS1
 .bss.gu16AbsAngleS2
                0x20002188        0x4 ./src/main.o
                0x20002188                gu16AbsAngleS2
 .bss.gu16CCWAngleS1
                0x2000218c        0x4 ./src/main.o
                0x2000218c                gu16CCWAngleS1
 .bss.gu16CCWAngleS2
                0x20002190        0x4 ./src/main.o
                0x20002190                gu16CCWAngleS2
 .bss.gu16CWAngleS1
                0x20002194        0x4 ./src/main.o
                0x20002194                gu16CWAngleS1
 .bss.gu16CWAngleS2
                0x20002198        0x4 ./src/main.o
                0x20002198                gu16CWAngleS2
 .bss.gu16CounterValue
                0x2000219c        0x2 ./src/main.o
 .bss.gu16CurrentAngleData1
                0x2000219e        0x2 ./src/main.o
                0x2000219e                gu16CurrentAngleData1
 .bss.gu16CurrentAngleData1_phase
                0x200021a0        0x2 ./src/main.o
                0x200021a0                gu16CurrentAngleData1_phase
 .bss.gu16CurrentAngleData2
                0x200021a2        0x2 ./src/main.o
                0x200021a2                gu16CurrentAngleData2
 .bss.gu16CurrentAngleData2_phase
                0x200021a4        0x2 ./src/main.o
                0x200021a4                gu16CurrentAngleData2_phase
 *fill*         0x200021a6        0x2 
 .bss.gu16FinalSasAngle
                0x200021a8        0x4 ./src/main.o
                0x200021a8                gu16FinalSasAngle
 .bss.gu16PreviousAngleData1
                0x200021ac        0x2 ./src/main.o
                0x200021ac                gu16PreviousAngleData1
 .bss.gu16PreviousAngleData1_phase
                0x200021ae        0x2 ./src/main.o
                0x200021ae                gu16PreviousAngleData1_phase
 .bss.gu16PreviousAngleData2
                0x200021b0        0x2 ./src/main.o
                0x200021b0                gu16PreviousAngleData2
 .bss.gu16PreviousAngleData2_phase
                0x200021b2        0x2 ./src/main.o
                0x200021b2                gu16PreviousAngleData2_phase
 .bss.gu16RevCntS1
                0x200021b4        0x2 ./src/main.o
                0x200021b4                gu16RevCntS1
 .bss.gu16RevCntS2
                0x200021b6        0x2 ./src/main.o
                0x200021b6                gu16RevCntS2
 .bss.gu16TempVar
                0x200021b8        0x2 ./src/main.o
                0x200021b8                gu16TempVar
 .bss.gu16ZeroPositionS1
                0x200021ba        0x2 ./src/main.o
                0x200021ba                gu16ZeroPositionS1
 .bss.gu16ZeroPositionS2
                0x200021bc        0x2 ./src/main.o
                0x200021bc                gu16ZeroPositionS2
 *fill*         0x200021be        0x2 
 .bss.gu8CSASCanDataFrame_1Sec
                0x200021c0        0x1 ./src/main.o
                0x200021c0                gu8CSASCanDataFrame_1Sec
 .bss.gu8STDIDbit
                0x200021c1        0x1 ./src/main.o
                0x200021c1                gu8STDIDbit
 .bss.gu8STSnibble
                0x200021c2        0x1 ./src/main.o
                0x200021c2                gu8STSnibble
 .bss.gu8increment_value
                0x200021c3        0x1 ./src/main.o
                0x200021c3                gu8increment_value
 .bss.isFlagCCWS1
                0x200021c4        0x1 ./src/main.o
                0x200021c4                isFlagCCWS1
 .bss.isFlagCCWS2
                0x200021c5        0x1 ./src/main.o
                0x200021c5                isFlagCCWS2
 .bss.isFlagCWS1
                0x200021c6        0x1 ./src/main.o
                0x200021c6                isFlagCWS1
 .bss.isFlagCWS2
                0x200021c7        0x1 ./src/main.o
                0x200021c7                isFlagCWS2
 .bss.isFlagpoweroff
                0x200021c8        0x1 ./src/main.o
                0x200021c8                isFlagpoweroff
 .bss.isFlagpoweroff_1
                0x200021c9        0x1 ./src/main.o
                0x200021c9                isFlagpoweroff_1
 .bss.isMovedS1
                0x200021ca        0x1 ./src/main.o
                0x200021ca                isMovedS1
 .bss.isMovedS2
                0x200021cb        0x1 ./src/main.o
                0x200021cb                isMovedS2
 .bss.phase_check
                0x200021cc        0x1 ./src/main.o
                0x200021cc                phase_check
 *(COMMON)
 *fill*         0x200021cd        0x3 
 COMMON         0x200021d0        0xc ./src/CAN_app.o
                0x200021d0                byte1_msb
                0x200021d4                RxBuff
 COMMON         0x200021dc       0x19 ./src/FlexCAN.o
                0x200021dc                RxDATA
                0x200021e4                RxID
                0x200021e8                RxLENGTH
                0x200021ec                RxCODE
                0x200021f0                RxTIMESTAMP
                0x200021f4                RxIDType
 *fill*         0x200021f5        0x3 
 COMMON         0x200021f8       0x20 ./src/main.o
                0x200021f8                err_3
                0x200021fc                address
                0x20002200                Destination_Buff
                0x2000220a                err_1
                0x2000220b                err_4
                0x2000220c                err_0
                0x2000220d                err_5
                0x2000220e                err_2
                0x2000220f                err_6
                0x20002210                ready
                0x20002214                Flag
                0x20002218                . = ALIGN (0x4)
                0x20002218                __bss_end__ = .
                0x20002218                __BSS_END = .

.heap           0x20002218      0x200
                0x20002218                . = ALIGN (0x8)
                0x20002218                __end__ = .
                0x20002218                __heap_start__ = .
                [!provide]                PROVIDE (end, .)
                [!provide]                PROVIDE (_end, .)
                [!provide]                PROVIDE (__end, .)
                0x20002218                __HeapBase = .
                0x20002418                . = (. + HEAP_SIZE)
 *fill*         0x20002218      0x200 
                0x20002418                __HeapLimit = .
                0x20002418                __heap_limit = .
                0x20002418                __heap_end__ = .
                0x20003800                __StackTop = (ORIGIN (m_data_2) + LENGTH (m_data_2))
                0x20003600                __StackLimit = (__StackTop - STACK_SIZE)
                0x20003800                PROVIDE (__stack, __StackTop)
                0x20003800                __RAM_END = __StackTop

.stack          0x20003600      0x200
                0x20003600                . = ALIGN (0x8)
                0x20003600                __stack_start__ = .
                0x20003800                . = (. + STACK_SIZE)
 *fill*         0x20003600      0x200 
                0x20003800                __stack_end__ = .
                0x200020c0                __START_BSS = __BSS_START
                0x20002218                __END_BSS = __BSS_END
                0x20003800                __SP_INIT = __StackTop

.ARM.attributes
                0x00000000       0x28
 *(.ARM.attributes)
 .ARM.attributes
                0x00000000       0x1e c:/nxp/s32ds_arm_v2.2/s32ds/build_tools/gcc_v6.3/gcc-6.3-arm32-eabi/bin/../lib/gcc/arm-none-eabi/6.3.1/thumb/v6-m/crti.o
 .ARM.attributes
                0x0000001e       0x2c c:/nxp/s32ds_arm_v2.2/s32ds/build_tools/gcc_v6.3/gcc-6.3-arm32-eabi/bin/../lib/gcc/arm-none-eabi/6.3.1/thumb/v6-m/crtbegin.o
 .ARM.attributes
                0x0000004a       0x1b C:/NXP/S32DS_ARM_v2.2/S32DS/build_tools/gcc_v6.3/gcc-6.3-arm32-eabi/arm-none-eabi/newlib/lib/thumb/v6-m/crt0.o
 .ARM.attributes
                0x00000065       0x32 ./Project_Settings/Startup_Code/startup.o
 .ARM.attributes
                0x00000097       0x1b ./Project_Settings/Startup_Code/startup_S32K116.o
 .ARM.attributes
                0x000000b2       0x32 ./Project_Settings/Startup_Code/system_S32K116.o
 .ARM.attributes
                0x000000e4       0x32 ./src/AppSAS.o
 .ARM.attributes
                0x00000116       0x32 ./src/CAN_app.o
 .ARM.attributes
                0x00000148       0x32 ./src/Clock_Driver.o
 .ARM.attributes
                0x0000017a       0x32 ./src/Clock_app.o
 .ARM.attributes
                0x000001ac       0x32 ./src/Flash.o
 .ARM.attributes
                0x000001de       0x32 ./src/FlexCAN.o
 .ARM.attributes
                0x00000210       0x32 ./src/GPIO_Driver.o
 .ARM.attributes
                0x00000242       0x32 ./src/GPIO_app.o
 .ARM.attributes
                0x00000274       0x32 ./src/PWRMode_Driver.o
 .ARM.attributes
                0x000002a6       0x32 ./src/analog_sense.o
 .ARM.attributes
                0x000002d8       0x32 ./src/lpi2c.o
 .ARM.attributes
                0x0000030a       0x32 ./src/lptmr.o
 .ARM.attributes
                0x0000033c       0x32 ./src/main.o
 .ARM.attributes
                0x0000036e       0x32 ./src/watchdog_driver.o
 .ARM.attributes
                0x000003a0       0x1e c:/nxp/s32ds_arm_v2.2/s32ds/build_tools/gcc_v6.3/gcc-6.3-arm32-eabi/bin/../lib/gcc/arm-none-eabi/6.3.1/thumb/v6-m\libgcc.a(_udivsi3.o)
 .ARM.attributes
                0x000003be       0x1e c:/nxp/s32ds_arm_v2.2/s32ds/build_tools/gcc_v6.3/gcc-6.3-arm32-eabi/bin/../lib/gcc/arm-none-eabi/6.3.1/thumb/v6-m\libgcc.a(_dvmd_tls.o)
 .ARM.attributes
                0x000003dc       0x1e c:/nxp/s32ds_arm_v2.2/s32ds/build_tools/gcc_v6.3/gcc-6.3-arm32-eabi/bin/../lib/gcc/arm-none-eabi/6.3.1/thumb/v6-m\libgcc.a(_arm_cmpdf2.o)
 .ARM.attributes
                0x000003fa       0x1e c:/nxp/s32ds_arm_v2.2/s32ds/build_tools/gcc_v6.3/gcc-6.3-arm32-eabi/bin/../lib/gcc/arm-none-eabi/6.3.1/thumb/v6-m\libgcc.a(_arm_cmpsf2.o)
 .ARM.attributes
                0x00000418       0x2c c:/nxp/s32ds_arm_v2.2/s32ds/build_tools/gcc_v6.3/gcc-6.3-arm32-eabi/bin/../lib/gcc/arm-none-eabi/6.3.1/thumb/v6-m\libgcc.a(_fixunssfsi.o)
 .ARM.attributes
                0x00000444       0x2c c:/nxp/s32ds_arm_v2.2/s32ds/build_tools/gcc_v6.3/gcc-6.3-arm32-eabi/bin/../lib/gcc/arm-none-eabi/6.3.1/thumb/v6-m\libgcc.a(_fixunsdfsi.o)
 .ARM.attributes
                0x00000470       0x2c c:/nxp/s32ds_arm_v2.2/s32ds/build_tools/gcc_v6.3/gcc-6.3-arm32-eabi/bin/../lib/gcc/arm-none-eabi/6.3.1/thumb/v6-m\libgcc.a(addsf3.o)
 .ARM.attributes
                0x0000049c       0x2c c:/nxp/s32ds_arm_v2.2/s32ds/build_tools/gcc_v6.3/gcc-6.3-arm32-eabi/bin/../lib/gcc/arm-none-eabi/6.3.1/thumb/v6-m\libgcc.a(divsf3.o)
 .ARM.attributes
                0x000004c8       0x2c c:/nxp/s32ds_arm_v2.2/s32ds/build_tools/gcc_v6.3/gcc-6.3-arm32-eabi/bin/../lib/gcc/arm-none-eabi/6.3.1/thumb/v6-m\libgcc.a(eqsf2.o)
 .ARM.attributes
                0x000004f4       0x2c c:/nxp/s32ds_arm_v2.2/s32ds/build_tools/gcc_v6.3/gcc-6.3-arm32-eabi/bin/../lib/gcc/arm-none-eabi/6.3.1/thumb/v6-m\libgcc.a(gesf2.o)
 .ARM.attributes
                0x00000520       0x2c c:/nxp/s32ds_arm_v2.2/s32ds/build_tools/gcc_v6.3/gcc-6.3-arm32-eabi/bin/../lib/gcc/arm-none-eabi/6.3.1/thumb/v6-m\libgcc.a(lesf2.o)
 .ARM.attributes
                0x0000054c       0x2c c:/nxp/s32ds_arm_v2.2/s32ds/build_tools/gcc_v6.3/gcc-6.3-arm32-eabi/bin/../lib/gcc/arm-none-eabi/6.3.1/thumb/v6-m\libgcc.a(mulsf3.o)
 .ARM.attributes
                0x00000578       0x2c c:/nxp/s32ds_arm_v2.2/s32ds/build_tools/gcc_v6.3/gcc-6.3-arm32-eabi/bin/../lib/gcc/arm-none-eabi/6.3.1/thumb/v6-m\libgcc.a(subsf3.o)
 .ARM.attributes
                0x000005a4       0x2c c:/nxp/s32ds_arm_v2.2/s32ds/build_tools/gcc_v6.3/gcc-6.3-arm32-eabi/bin/../lib/gcc/arm-none-eabi/6.3.1/thumb/v6-m\libgcc.a(fixsfsi.o)
 .ARM.attributes
                0x000005d0       0x2c c:/nxp/s32ds_arm_v2.2/s32ds/build_tools/gcc_v6.3/gcc-6.3-arm32-eabi/bin/../lib/gcc/arm-none-eabi/6.3.1/thumb/v6-m\libgcc.a(floatsisf.o)
 .ARM.attributes
                0x000005fc       0x2c c:/nxp/s32ds_arm_v2.2/s32ds/build_tools/gcc_v6.3/gcc-6.3-arm32-eabi/bin/../lib/gcc/arm-none-eabi/6.3.1/thumb/v6-m\libgcc.a(floatunsisf.o)
 .ARM.attributes
                0x00000628       0x2c c:/nxp/s32ds_arm_v2.2/s32ds/build_tools/gcc_v6.3/gcc-6.3-arm32-eabi/bin/../lib/gcc/arm-none-eabi/6.3.1/thumb/v6-m\libgcc.a(divdf3.o)
 .ARM.attributes
                0x00000654       0x2c c:/nxp/s32ds_arm_v2.2/s32ds/build_tools/gcc_v6.3/gcc-6.3-arm32-eabi/bin/../lib/gcc/arm-none-eabi/6.3.1/thumb/v6-m\libgcc.a(eqdf2.o)
 .ARM.attributes
                0x00000680       0x2c c:/nxp/s32ds_arm_v2.2/s32ds/build_tools/gcc_v6.3/gcc-6.3-arm32-eabi/bin/../lib/gcc/arm-none-eabi/6.3.1/thumb/v6-m\libgcc.a(gedf2.o)
 .ARM.attributes
                0x000006ac       0x2c c:/nxp/s32ds_arm_v2.2/s32ds/build_tools/gcc_v6.3/gcc-6.3-arm32-eabi/bin/../lib/gcc/arm-none-eabi/6.3.1/thumb/v6-m\libgcc.a(ledf2.o)
 .ARM.attributes
                0x000006d8       0x2c c:/nxp/s32ds_arm_v2.2/s32ds/build_tools/gcc_v6.3/gcc-6.3-arm32-eabi/bin/../lib/gcc/arm-none-eabi/6.3.1/thumb/v6-m\libgcc.a(muldf3.o)
 .ARM.attributes
                0x00000704       0x2c c:/nxp/s32ds_arm_v2.2/s32ds/build_tools/gcc_v6.3/gcc-6.3-arm32-eabi/bin/../lib/gcc/arm-none-eabi/6.3.1/thumb/v6-m\libgcc.a(subdf3.o)
 .ARM.attributes
                0x00000730       0x2c c:/nxp/s32ds_arm_v2.2/s32ds/build_tools/gcc_v6.3/gcc-6.3-arm32-eabi/bin/../lib/gcc/arm-none-eabi/6.3.1/thumb/v6-m\libgcc.a(fixdfsi.o)
 .ARM.attributes
                0x0000075c       0x2c c:/nxp/s32ds_arm_v2.2/s32ds/build_tools/gcc_v6.3/gcc-6.3-arm32-eabi/bin/../lib/gcc/arm-none-eabi/6.3.1/thumb/v6-m\libgcc.a(floatsidf.o)
 .ARM.attributes
                0x00000788       0x2c c:/nxp/s32ds_arm_v2.2/s32ds/build_tools/gcc_v6.3/gcc-6.3-arm32-eabi/bin/../lib/gcc/arm-none-eabi/6.3.1/thumb/v6-m\libgcc.a(extendsfdf2.o)
 .ARM.attributes
                0x000007b4       0x2c c:/nxp/s32ds_arm_v2.2/s32ds/build_tools/gcc_v6.3/gcc-6.3-arm32-eabi/bin/../lib/gcc/arm-none-eabi/6.3.1/thumb/v6-m\libgcc.a(truncdfsf2.o)
 .ARM.attributes
                0x000007e0       0x1e c:/nxp/s32ds_arm_v2.2/s32ds/build_tools/gcc_v6.3/gcc-6.3-arm32-eabi/bin/../lib/gcc/arm-none-eabi/6.3.1/thumb/v6-m\libgcc.a(_clzsi2.o)
 .ARM.attributes
                0x000007fe       0x2c C:/NXP/S32DS_ARM_v2.2/S32DS/build_tools/gcc_v6.3/gcc-6.3-arm32-eabi/arm-none-eabi/newlib/lib/thumb/v6-m\libc.a(lib_a-exit.o)
 .ARM.attributes
                0x0000082a       0x2c C:/NXP/S32DS_ARM_v2.2/S32DS/build_tools/gcc_v6.3/gcc-6.3-arm32-eabi/arm-none-eabi/newlib/lib/thumb/v6-m\libc.a(lib_a-impure.o)
 .ARM.attributes
                0x00000856       0x2c C:/NXP/S32DS_ARM_v2.2/S32DS/build_tools/gcc_v6.3/gcc-6.3-arm32-eabi/arm-none-eabi/newlib/lib/thumb/v6-m\libc.a(lib_a-init.o)
 .ARM.attributes
                0x00000882       0x2c C:/NXP/S32DS_ARM_v2.2/S32DS/build_tools/gcc_v6.3/gcc-6.3-arm32-eabi/arm-none-eabi/newlib/lib/thumb/v6-m\libc.a(lib_a-memcpy-stub.o)
 .ARM.attributes
                0x000008ae       0x2c C:/NXP/S32DS_ARM_v2.2/S32DS/build_tools/gcc_v6.3/gcc-6.3-arm32-eabi/arm-none-eabi/newlib/lib/thumb/v6-m\libc.a(lib_a-memset.o)
 .ARM.attributes
                0x000008da       0x2c C:/NXP/S32DS_ARM_v2.2/S32DS/build_tools/gcc_v6.3/gcc-6.3-arm32-eabi/arm-none-eabi/newlib/lib/thumb/v6-m\libc.a(lib_a-__call_atexit.o)
 .ARM.attributes
                0x00000906       0x2c C:/NXP/S32DS_ARM_v2.2/S32DS/build_tools/gcc_v6.3/gcc-6.3-arm32-eabi/arm-none-eabi/newlib/lib/thumb/v6-m\libc.a(lib_a-fini.o)
 .ARM.attributes
                0x00000932       0x2c C:/NXP/S32DS_ARM_v2.2/S32DS/build_tools/gcc_v6.3/gcc-6.3-arm32-eabi/arm-none-eabi/newlib/lib/thumb/v6-m\libc.a(lib_a-atexit.o)
 .ARM.attributes
                0x0000095e       0x2c C:/NXP/S32DS_ARM_v2.2/S32DS/build_tools/gcc_v6.3/gcc-6.3-arm32-eabi/arm-none-eabi/newlib/lib/thumb/v6-m\libc.a(lib_a-__atexit.o)
 .ARM.attributes
                0x0000098a       0x2c C:/NXP/S32DS_ARM_v2.2/S32DS/build_tools/gcc_v6.3/gcc-6.3-arm32-eabi/arm-none-eabi/newlib/lib/thumb/v6-m\libnosys.a(_exit.o)
 .ARM.attributes
                0x000009b6       0x2c c:/nxp/s32ds_arm_v2.2/s32ds/build_tools/gcc_v6.3/gcc-6.3-arm32-eabi/bin/../lib/gcc/arm-none-eabi/6.3.1/thumb/v6-m/crtend.o
 .ARM.attributes
                0x000009e2       0x1e c:/nxp/s32ds_arm_v2.2/s32ds/build_tools/gcc_v6.3/gcc-6.3-arm32-eabi/bin/../lib/gcc/arm-none-eabi/6.3.1/thumb/v6-m/crtn.o
                0x00000001                ASSERT ((__StackLimit >= __HeapLimit), region m_data_2 overflowed with stack and heap)
OUTPUT(E168-0011-SAS.elf elf32-littlearm)

.comment        0x00000000       0xa0
 .comment       0x00000000       0xa0 c:/nxp/s32ds_arm_v2.2/s32ds/build_tools/gcc_v6.3/gcc-6.3-arm32-eabi/bin/../lib/gcc/arm-none-eabi/6.3.1/thumb/v6-m/crtbegin.o
                                 0xa1 (size before relaxing)
 .comment       0x000000a0       0xa1 ./Project_Settings/Startup_Code/startup.o
 .comment       0x000000a0       0xa1 ./Project_Settings/Startup_Code/system_S32K116.o
 .comment       0x000000a0       0xa1 ./src/AppSAS.o
 .comment       0x000000a0       0xa1 ./src/CAN_app.o
 .comment       0x000000a0       0xa1 ./src/Clock_Driver.o
 .comment       0x000000a0       0xa1 ./src/Clock_app.o
 .comment       0x000000a0       0xa1 ./src/Flash.o
 .comment       0x000000a0       0xa1 ./src/FlexCAN.o
 .comment       0x000000a0       0xa1 ./src/GPIO_Driver.o
 .comment       0x000000a0       0xa1 ./src/GPIO_app.o
 .comment       0x000000a0       0xa1 ./src/PWRMode_Driver.o
 .comment       0x000000a0       0xa1 ./src/analog_sense.o
 .comment       0x000000a0       0xa1 ./src/lpi2c.o
 .comment       0x000000a0       0xa1 ./src/lptmr.o
 .comment       0x000000a0       0xa1 ./src/main.o
 .comment       0x000000a0       0xa1 ./src/watchdog_driver.o
 .comment       0x000000a0       0xa1 c:/nxp/s32ds_arm_v2.2/s32ds/build_tools/gcc_v6.3/gcc-6.3-arm32-eabi/bin/../lib/gcc/arm-none-eabi/6.3.1/thumb/v6-m/crtend.o

.debug_info     0x00000000    0x12428
 .debug_info    0x00000000      0x299 ./Project_Settings/Startup_Code/startup.o
 .debug_info    0x00000299       0x26 ./Project_Settings/Startup_Code/startup_S32K116.o
 .debug_info    0x000002bf      0x3f7 ./Project_Settings/Startup_Code/system_S32K116.o
 .debug_info    0x000006b6     0x16fc ./src/AppSAS.o
 .debug_info    0x00001db2     0x1464 ./src/CAN_app.o
 .debug_info    0x00003216     0x19ab ./src/Clock_Driver.o
 .debug_info    0x00004bc1     0x1098 ./src/Clock_app.o
 .debug_info    0x00005c59     0x11e7 ./src/Flash.o
 .debug_info    0x00006e40     0x17a5 ./src/FlexCAN.o
 .debug_info    0x000085e5     0x14be ./src/GPIO_Driver.o
 .debug_info    0x00009aa3     0x164d ./src/GPIO_app.o
 .debug_info    0x0000b0f0     0x1533 ./src/PWRMode_Driver.o
 .debug_info    0x0000c623      0x332 ./src/analog_sense.o
 .debug_info    0x0000c955     0x1702 ./src/lpi2c.o
 .debug_info    0x0000e057     0x108e ./src/lptmr.o
 .debug_info    0x0000f0e5     0x233a ./src/main.o
 .debug_info    0x0001141f     0x1009 ./src/watchdog_driver.o

.debug_abbrev   0x00000000     0x24ef
 .debug_abbrev  0x00000000       0xe3 ./Project_Settings/Startup_Code/startup.o
 .debug_abbrev  0x000000e3       0x14 ./Project_Settings/Startup_Code/startup_S32K116.o
 .debug_abbrev  0x000000f7      0x14e ./Project_Settings/Startup_Code/system_S32K116.o
 .debug_abbrev  0x00000245      0x283 ./src/AppSAS.o
 .debug_abbrev  0x000004c8      0x2b2 ./src/CAN_app.o
 .debug_abbrev  0x0000077a      0x3a0 ./src/Clock_Driver.o
 .debug_abbrev  0x00000b1a      0x1e9 ./src/Clock_app.o
 .debug_abbrev  0x00000d03      0x265 ./src/Flash.o
 .debug_abbrev  0x00000f68      0x28f ./src/FlexCAN.o
 .debug_abbrev  0x000011f7      0x290 ./src/GPIO_Driver.o
 .debug_abbrev  0x00001487      0x220 ./src/GPIO_app.o
 .debug_abbrev  0x000016a7      0x28c ./src/PWRMode_Driver.o
 .debug_abbrev  0x00001933       0xf1 ./src/analog_sense.o
 .debug_abbrev  0x00001a24      0x348 ./src/lpi2c.o
 .debug_abbrev  0x00001d6c      0x213 ./src/lptmr.o
 .debug_abbrev  0x00001f7f      0x34f ./src/main.o
 .debug_abbrev  0x000022ce      0x221 ./src/watchdog_driver.o

.debug_loc      0x00000000     0x34dc
 .debug_loc     0x00000000       0x32 ./Project_Settings/Startup_Code/startup.o
 .debug_loc     0x00000032       0xc0 ./Project_Settings/Startup_Code/system_S32K116.o
 .debug_loc     0x000000f2       0x21 ./src/AppSAS.o
 .debug_loc     0x00000113       0xc5 ./src/CAN_app.o
 .debug_loc     0x000001d8     0x2032 ./src/Clock_Driver.o
 .debug_loc     0x0000220a      0x12d ./src/Flash.o
 .debug_loc     0x00002337      0x21f ./src/FlexCAN.o
 .debug_loc     0x00002556      0x2b6 ./src/GPIO_Driver.o
 .debug_loc     0x0000280c       0x40 ./src/PWRMode_Driver.o
 .debug_loc     0x0000284c       0xd1 ./src/analog_sense.o
 .debug_loc     0x0000291d      0x3d1 ./src/lpi2c.o
 .debug_loc     0x00002cee      0x7cd ./src/main.o
 .debug_loc     0x000034bb       0x21 ./src/watchdog_driver.o

.debug_aranges  0x00000000      0x4f8
 .debug_aranges
                0x00000000       0x20 ./Project_Settings/Startup_Code/startup.o
 .debug_aranges
                0x00000020       0x20 ./Project_Settings/Startup_Code/startup_S32K116.o
 .debug_aranges
                0x00000040       0x30 ./Project_Settings/Startup_Code/system_S32K116.o
 .debug_aranges
                0x00000070       0x38 ./src/AppSAS.o
 .debug_aranges
                0x000000a8       0x40 ./src/CAN_app.o
 .debug_aranges
                0x000000e8       0x70 ./src/Clock_Driver.o
 .debug_aranges
                0x00000158       0x20 ./src/Clock_app.o
 .debug_aranges
                0x00000178       0x48 ./src/Flash.o
 .debug_aranges
                0x000001c0       0x48 ./src/FlexCAN.o
 .debug_aranges
                0x00000208       0x88 ./src/GPIO_Driver.o
 .debug_aranges
                0x00000290       0x28 ./src/GPIO_app.o
 .debug_aranges
                0x000002b8       0x50 ./src/PWRMode_Driver.o
 .debug_aranges
                0x00000308       0x28 ./src/analog_sense.o
 .debug_aranges
                0x00000330       0x88 ./src/lpi2c.o
 .debug_aranges
                0x000003b8       0x38 ./src/lptmr.o
 .debug_aranges
                0x000003f0       0xd0 ./src/main.o
 .debug_aranges
                0x000004c0       0x38 ./src/watchdog_driver.o

.debug_ranges   0x00000000      0x3d8
 .debug_ranges  0x00000000       0x10 ./Project_Settings/Startup_Code/startup.o
 .debug_ranges  0x00000010       0x20 ./Project_Settings/Startup_Code/system_S32K116.o
 .debug_ranges  0x00000030       0x28 ./src/AppSAS.o
 .debug_ranges  0x00000058       0x30 ./src/CAN_app.o
 .debug_ranges  0x00000088       0x60 ./src/Clock_Driver.o
 .debug_ranges  0x000000e8       0x10 ./src/Clock_app.o
 .debug_ranges  0x000000f8       0x38 ./src/Flash.o
 .debug_ranges  0x00000130       0x38 ./src/FlexCAN.o
 .debug_ranges  0x00000168       0x78 ./src/GPIO_Driver.o
 .debug_ranges  0x000001e0       0x18 ./src/GPIO_app.o
 .debug_ranges  0x000001f8       0x40 ./src/PWRMode_Driver.o
 .debug_ranges  0x00000238       0x18 ./src/analog_sense.o
 .debug_ranges  0x00000250       0x78 ./src/lpi2c.o
 .debug_ranges  0x000002c8       0x28 ./src/lptmr.o
 .debug_ranges  0x000002f0       0xc0 ./src/main.o
 .debug_ranges  0x000003b0       0x28 ./src/watchdog_driver.o

.debug_macro    0x00000000    0x1dd48
 .debug_macro   0x00000000       0xaf ./Project_Settings/Startup_Code/startup.o
 .debug_macro   0x000000af      0x8bc ./Project_Settings/Startup_Code/startup.o
 .debug_macro   0x0000096b       0x22 ./Project_Settings/Startup_Code/startup.o
 .debug_macro   0x0000098d       0x87 ./Project_Settings/Startup_Code/startup.o
 .debug_macro   0x00000a14       0x51 ./Project_Settings/Startup_Code/startup.o
 .debug_macro   0x00000a65       0xef ./Project_Settings/Startup_Code/startup.o
 .debug_macro   0x00000b54       0x6a ./Project_Settings/Startup_Code/startup.o
 .debug_macro   0x00000bbe      0x1df ./Project_Settings/Startup_Code/startup.o
 .debug_macro   0x00000d9d       0x10 ./Project_Settings/Startup_Code/startup.o
 .debug_macro   0x00000dad       0x73 ./Project_Settings/Startup_Code/startup.o
 .debug_macro   0x00000e20     0xc7e8 ./Project_Settings/Startup_Code/startup.o
 .debug_macro   0x0000d608      0x9bd ./Project_Settings/Startup_Code/startup.o
 .debug_macro   0x0000dfc5       0x22 ./Project_Settings/Startup_Code/startup.o
 .debug_macro   0x0000dfe7       0x40 ./Project_Settings/Startup_Code/startup.o
 .debug_macro   0x0000e027       0xae ./Project_Settings/Startup_Code/system_S32K116.o
 .debug_macro   0x0000e0d5       0x16 ./Project_Settings/Startup_Code/system_S32K116.o
 .debug_macro   0x0000e0eb     0xc7d6 ./Project_Settings/Startup_Code/system_S32K116.o
 .debug_macro   0x0001a8c1       0x22 ./Project_Settings/Startup_Code/system_S32K116.o
 .debug_macro   0x0001a8e3      0x2de ./src/AppSAS.o
 .debug_macro   0x0001abc1       0x1c ./src/AppSAS.o
 .debug_macro   0x0001abdd       0x22 ./src/AppSAS.o
 .debug_macro   0x0001abff       0x34 ./src/AppSAS.o
 .debug_macro   0x0001ac33       0x52 ./src/AppSAS.o
 .debug_macro   0x0001ac85       0x3c ./src/AppSAS.o
 .debug_macro   0x0001acc1       0x9c ./src/AppSAS.o
 .debug_macro   0x0001ad5d      0x174 ./src/AppSAS.o
 .debug_macro   0x0001aed1       0x52 ./src/AppSAS.o
 .debug_macro   0x0001af23       0x1f ./src/AppSAS.o
 .debug_macro   0x0001af42       0x43 ./src/AppSAS.o
 .debug_macro   0x0001af85       0x20 ./src/AppSAS.o
 .debug_macro   0x0001afa5      0x1a3 ./src/AppSAS.o
 .debug_macro   0x0001b148      0x30d ./src/AppSAS.o
 .debug_macro   0x0001b455       0x10 ./src/AppSAS.o
 .debug_macro   0x0001b465       0x35 ./src/AppSAS.o
 .debug_macro   0x0001b49a       0x16 ./src/AppSAS.o
 .debug_macro   0x0001b4b0       0x1c ./src/AppSAS.o
 .debug_macro   0x0001b4cc       0x10 ./src/AppSAS.o
 .debug_macro   0x0001b4dc       0x10 ./src/AppSAS.o
 .debug_macro   0x0001b4ec       0x1c ./src/AppSAS.o
 .debug_macro   0x0001b508       0x52 ./src/AppSAS.o
 .debug_macro   0x0001b55a       0x40 ./src/AppSAS.o
 .debug_macro   0x0001b59a       0x10 ./src/AppSAS.o
 .debug_macro   0x0001b5aa       0x40 ./src/AppSAS.o
 .debug_macro   0x0001b5ea       0xd7 ./src/AppSAS.o
 .debug_macro   0x0001b6c1       0x16 ./src/AppSAS.o
 .debug_macro   0x0001b6d7      0x161 ./src/AppSAS.o
 .debug_macro   0x0001b838       0x52 ./src/AppSAS.o
 .debug_macro   0x0001b88a       0x10 ./src/AppSAS.o
 .debug_macro   0x0001b89a       0x10 ./src/AppSAS.o
 .debug_macro   0x0001b8aa       0x3a ./src/AppSAS.o
 .debug_macro   0x0001b8e4       0x16 ./src/AppSAS.o
 .debug_macro   0x0001b8fa       0x70 ./src/AppSAS.o
 .debug_macro   0x0001b96a      0x2ec ./src/CAN_app.o
 .debug_macro   0x0001bc56       0x4c ./src/CAN_app.o
 .debug_macro   0x0001bca2      0x2de ./src/Clock_Driver.o
 .debug_macro   0x0001bf80      0x2de ./src/Clock_app.o
 .debug_macro   0x0001c25e      0x2e4 ./src/Flash.o
 .debug_macro   0x0001c542       0x2e ./src/Flash.o
 .debug_macro   0x0001c570      0x2e8 ./src/FlexCAN.o
 .debug_macro   0x0001c858      0x2e4 ./src/GPIO_Driver.o
 .debug_macro   0x0001cb3c       0x16 ./src/GPIO_Driver.o
 .debug_macro   0x0001cb52      0x2e4 ./src/GPIO_app.o
 .debug_macro   0x0001ce36       0x1c ./src/GPIO_app.o
 .debug_macro   0x0001ce52      0x2e4 ./src/PWRMode_Driver.o
 .debug_macro   0x0001d136       0x7b ./src/analog_sense.o
 .debug_macro   0x0001d1b1      0x2da ./src/lpi2c.o
 .debug_macro   0x0001d48b      0x2e5 ./src/lptmr.o
 .debug_macro   0x0001d770      0x2e4 ./src/main.o
 .debug_macro   0x0001da54      0x2e4 ./src/watchdog_driver.o
 .debug_macro   0x0001dd38       0x10 ./src/watchdog_driver.o

.debug_line     0x00000000     0x5db6
 .debug_line    0x00000000      0x32f ./Project_Settings/Startup_Code/startup.o
 .debug_line    0x0000032f       0x94 ./Project_Settings/Startup_Code/startup_S32K116.o
 .debug_line    0x000003c3      0x34b ./Project_Settings/Startup_Code/system_S32K116.o
 .debug_line    0x0000070e      0x7d7 ./src/AppSAS.o
 .debug_line    0x00000ee5      0x6f6 ./src/CAN_app.o
 .debug_line    0x000015db      0x845 ./src/Clock_Driver.o
 .debug_line    0x00001e20      0x510 ./src/Clock_app.o
 .debug_line    0x00002330      0x5e6 ./src/Flash.o
 .debug_line    0x00002916      0x5f8 ./src/FlexCAN.o
 .debug_line    0x00002f0e      0x64d ./src/GPIO_Driver.o
 .debug_line    0x0000355b      0x542 ./src/GPIO_app.o
 .debug_line    0x00003a9d      0x606 ./src/PWRMode_Driver.o
 .debug_line    0x000040a3      0x2cf ./src/analog_sense.o
 .debug_line    0x00004372      0x72d ./src/lpi2c.o
 .debug_line    0x00004a9f      0x545 ./src/lptmr.o
 .debug_line    0x00004fe4      0x868 ./src/main.o
 .debug_line    0x0000584c      0x56a ./src/watchdog_driver.o

.debug_str      0x00000000    0x5f26b
 .debug_str     0x00000000    0x57efc ./Project_Settings/Startup_Code/startup.o
                              0x58129 (size before relaxing)
 .debug_str     0x00057efc       0x3f ./Project_Settings/Startup_Code/startup_S32K116.o
                                 0x88 (size before relaxing)
 .debug_str     0x00057f3b      0x21c ./Project_Settings/Startup_Code/system_S32K116.o
                              0x57f2b (size before relaxing)
 .debug_str     0x00058157     0x566d ./src/AppSAS.o
                              0x5d508 (size before relaxing)
 .debug_str     0x0005d7c4      0x279 ./src/CAN_app.o
                              0x5d404 (size before relaxing)
 .debug_str     0x0005da3d      0x6d7 ./src/Clock_Driver.o
                              0x5d8f3 (size before relaxing)
 .debug_str     0x0005e114       0x5c ./src/Clock_app.o
                              0x5d2d0 (size before relaxing)
 .debug_str     0x0005e170       0xf4 ./src/Flash.o
                              0x5d27f (size before relaxing)
 .debug_str     0x0005e264      0x3d0 ./src/FlexCAN.o
                              0x5d6bd (size before relaxing)
 .debug_str     0x0005e634      0x1ec ./src/GPIO_Driver.o
                              0x5d48d (size before relaxing)
 .debug_str     0x0005e820       0x6b ./src/GPIO_app.o
                              0x5d370 (size before relaxing)
 .debug_str     0x0005e88b       0xd7 ./src/PWRMode_Driver.o
                              0x5d3b8 (size before relaxing)
 .debug_str     0x0005e962       0xdf ./src/analog_sense.o
                              0x5322a (size before relaxing)
 .debug_str     0x0005ea41      0x22b ./src/lpi2c.o
                              0x5d4f2 (size before relaxing)
 .debug_str     0x0005ec6c       0x52 ./src/lptmr.o
                              0x5d1e8 (size before relaxing)
 .debug_str     0x0005ecbe      0x562 ./src/main.o
                              0x5dbfe (size before relaxing)
 .debug_str     0x0005f220       0x4b ./src/watchdog_driver.o
                              0x5d1c3 (size before relaxing)

.debug_frame    0x00000000      0xfd4
 .debug_frame   0x00000000       0x2c ./Project_Settings/Startup_Code/startup.o
 .debug_frame   0x0000002c       0x48 ./Project_Settings/Startup_Code/system_S32K116.o
 .debug_frame   0x00000074       0x84 ./src/AppSAS.o
 .debug_frame   0x000000f8       0x80 ./src/CAN_app.o
 .debug_frame   0x00000178       0xec ./src/Clock_Driver.o
 .debug_frame   0x00000264       0x28 ./src/Clock_app.o
 .debug_frame   0x0000028c       0xb0 ./src/Flash.o
 .debug_frame   0x0000033c       0xac ./src/FlexCAN.o
 .debug_frame   0x000003e8      0x10c ./src/GPIO_Driver.o
 .debug_frame   0x000004f4       0x38 ./src/GPIO_app.o
 .debug_frame   0x0000052c       0x90 ./src/PWRMode_Driver.o
 .debug_frame   0x000005bc       0x40 ./src/analog_sense.o
 .debug_frame   0x000005fc      0x12c ./src/lpi2c.o
 .debug_frame   0x00000728       0x58 ./src/lptmr.o
 .debug_frame   0x00000780      0x20c ./src/main.o
 .debug_frame   0x0000098c       0x58 ./src/watchdog_driver.o
 .debug_frame   0x000009e4       0x20 c:/nxp/s32ds_arm_v2.2/s32ds/build_tools/gcc_v6.3/gcc-6.3-arm32-eabi/bin/../lib/gcc/arm-none-eabi/6.3.1/thumb/v6-m\libgcc.a(_udivsi3.o)
 .debug_frame   0x00000a04       0x28 c:/nxp/s32ds_arm_v2.2/s32ds/build_tools/gcc_v6.3/gcc-6.3-arm32-eabi/bin/../lib/gcc/arm-none-eabi/6.3.1/thumb/v6-m\libgcc.a(_fixunssfsi.o)
 .debug_frame   0x00000a2c       0x2c c:/nxp/s32ds_arm_v2.2/s32ds/build_tools/gcc_v6.3/gcc-6.3-arm32-eabi/bin/../lib/gcc/arm-none-eabi/6.3.1/thumb/v6-m\libgcc.a(_fixunsdfsi.o)
 .debug_frame   0x00000a58       0x34 c:/nxp/s32ds_arm_v2.2/s32ds/build_tools/gcc_v6.3/gcc-6.3-arm32-eabi/bin/../lib/gcc/arm-none-eabi/6.3.1/thumb/v6-m\libgcc.a(addsf3.o)
 .debug_frame   0x00000a8c       0x3c c:/nxp/s32ds_arm_v2.2/s32ds/build_tools/gcc_v6.3/gcc-6.3-arm32-eabi/bin/../lib/gcc/arm-none-eabi/6.3.1/thumb/v6-m\libgcc.a(divsf3.o)
 .debug_frame   0x00000ac8       0x2c c:/nxp/s32ds_arm_v2.2/s32ds/build_tools/gcc_v6.3/gcc-6.3-arm32-eabi/bin/../lib/gcc/arm-none-eabi/6.3.1/thumb/v6-m\libgcc.a(eqsf2.o)
 .debug_frame   0x00000af4       0x30 c:/nxp/s32ds_arm_v2.2/s32ds/build_tools/gcc_v6.3/gcc-6.3-arm32-eabi/bin/../lib/gcc/arm-none-eabi/6.3.1/thumb/v6-m\libgcc.a(gesf2.o)
 .debug_frame   0x00000b24       0x30 c:/nxp/s32ds_arm_v2.2/s32ds/build_tools/gcc_v6.3/gcc-6.3-arm32-eabi/bin/../lib/gcc/arm-none-eabi/6.3.1/thumb/v6-m\libgcc.a(lesf2.o)
 .debug_frame   0x00000b54       0x3c c:/nxp/s32ds_arm_v2.2/s32ds/build_tools/gcc_v6.3/gcc-6.3-arm32-eabi/bin/../lib/gcc/arm-none-eabi/6.3.1/thumb/v6-m\libgcc.a(mulsf3.o)
 .debug_frame   0x00000b90       0x38 c:/nxp/s32ds_arm_v2.2/s32ds/build_tools/gcc_v6.3/gcc-6.3-arm32-eabi/bin/../lib/gcc/arm-none-eabi/6.3.1/thumb/v6-m\libgcc.a(subsf3.o)
 .debug_frame   0x00000bc8       0x20 c:/nxp/s32ds_arm_v2.2/s32ds/build_tools/gcc_v6.3/gcc-6.3-arm32-eabi/bin/../lib/gcc/arm-none-eabi/6.3.1/thumb/v6-m\libgcc.a(fixsfsi.o)
 .debug_frame   0x00000be8       0x2c c:/nxp/s32ds_arm_v2.2/s32ds/build_tools/gcc_v6.3/gcc-6.3-arm32-eabi/bin/../lib/gcc/arm-none-eabi/6.3.1/thumb/v6-m\libgcc.a(floatsisf.o)
 .debug_frame   0x00000c14       0x28 c:/nxp/s32ds_arm_v2.2/s32ds/build_tools/gcc_v6.3/gcc-6.3-arm32-eabi/bin/../lib/gcc/arm-none-eabi/6.3.1/thumb/v6-m\libgcc.a(floatunsisf.o)
 .debug_frame   0x00000c3c       0x3c c:/nxp/s32ds_arm_v2.2/s32ds/build_tools/gcc_v6.3/gcc-6.3-arm32-eabi/bin/../lib/gcc/arm-none-eabi/6.3.1/thumb/v6-m\libgcc.a(divdf3.o)
 .debug_frame   0x00000c78       0x38 c:/nxp/s32ds_arm_v2.2/s32ds/build_tools/gcc_v6.3/gcc-6.3-arm32-eabi/bin/../lib/gcc/arm-none-eabi/6.3.1/thumb/v6-m\libgcc.a(eqdf2.o)
 .debug_frame   0x00000cb0       0x38 c:/nxp/s32ds_arm_v2.2/s32ds/build_tools/gcc_v6.3/gcc-6.3-arm32-eabi/bin/../lib/gcc/arm-none-eabi/6.3.1/thumb/v6-m\libgcc.a(gedf2.o)
 .debug_frame   0x00000ce8       0x38 c:/nxp/s32ds_arm_v2.2/s32ds/build_tools/gcc_v6.3/gcc-6.3-arm32-eabi/bin/../lib/gcc/arm-none-eabi/6.3.1/thumb/v6-m\libgcc.a(ledf2.o)
 .debug_frame   0x00000d20       0x3c c:/nxp/s32ds_arm_v2.2/s32ds/build_tools/gcc_v6.3/gcc-6.3-arm32-eabi/bin/../lib/gcc/arm-none-eabi/6.3.1/thumb/v6-m\libgcc.a(muldf3.o)
 .debug_frame   0x00000d5c       0x38 c:/nxp/s32ds_arm_v2.2/s32ds/build_tools/gcc_v6.3/gcc-6.3-arm32-eabi/bin/../lib/gcc/arm-none-eabi/6.3.1/thumb/v6-m\libgcc.a(subdf3.o)
 .debug_frame   0x00000d94       0x2c c:/nxp/s32ds_arm_v2.2/s32ds/build_tools/gcc_v6.3/gcc-6.3-arm32-eabi/bin/../lib/gcc/arm-none-eabi/6.3.1/thumb/v6-m\libgcc.a(fixdfsi.o)
 .debug_frame   0x00000dc0       0x2c c:/nxp/s32ds_arm_v2.2/s32ds/build_tools/gcc_v6.3/gcc-6.3-arm32-eabi/bin/../lib/gcc/arm-none-eabi/6.3.1/thumb/v6-m\libgcc.a(floatsidf.o)
 .debug_frame   0x00000dec       0x2c c:/nxp/s32ds_arm_v2.2/s32ds/build_tools/gcc_v6.3/gcc-6.3-arm32-eabi/bin/../lib/gcc/arm-none-eabi/6.3.1/thumb/v6-m\libgcc.a(extendsfdf2.o)
 .debug_frame   0x00000e18       0x30 c:/nxp/s32ds_arm_v2.2/s32ds/build_tools/gcc_v6.3/gcc-6.3-arm32-eabi/bin/../lib/gcc/arm-none-eabi/6.3.1/thumb/v6-m\libgcc.a(truncdfsf2.o)
 .debug_frame   0x00000e48       0x28 C:/NXP/S32DS_ARM_v2.2/S32DS/build_tools/gcc_v6.3/gcc-6.3-arm32-eabi/arm-none-eabi/newlib/lib/thumb/v6-m\libc.a(lib_a-exit.o)
 .debug_frame   0x00000e70       0x2c C:/NXP/S32DS_ARM_v2.2/S32DS/build_tools/gcc_v6.3/gcc-6.3-arm32-eabi/arm-none-eabi/newlib/lib/thumb/v6-m\libc.a(lib_a-init.o)
 .debug_frame   0x00000e9c       0x28 C:/NXP/S32DS_ARM_v2.2/S32DS/build_tools/gcc_v6.3/gcc-6.3-arm32-eabi/arm-none-eabi/newlib/lib/thumb/v6-m\libc.a(lib_a-memcpy-stub.o)
 .debug_frame   0x00000ec4       0x20 C:/NXP/S32DS_ARM_v2.2/S32DS/build_tools/gcc_v6.3/gcc-6.3-arm32-eabi/arm-none-eabi/newlib/lib/thumb/v6-m\libc.a(lib_a-memset.o)
 .debug_frame   0x00000ee4       0x48 C:/NXP/S32DS_ARM_v2.2/S32DS/build_tools/gcc_v6.3/gcc-6.3-arm32-eabi/arm-none-eabi/newlib/lib/thumb/v6-m\libc.a(lib_a-__call_atexit.o)
 .debug_frame   0x00000f2c       0x2c C:/NXP/S32DS_ARM_v2.2/S32DS/build_tools/gcc_v6.3/gcc-6.3-arm32-eabi/arm-none-eabi/newlib/lib/thumb/v6-m\libc.a(lib_a-fini.o)
 .debug_frame   0x00000f58       0x28 C:/NXP/S32DS_ARM_v2.2/S32DS/build_tools/gcc_v6.3/gcc-6.3-arm32-eabi/arm-none-eabi/newlib/lib/thumb/v6-m\libc.a(lib_a-atexit.o)
 .debug_frame   0x00000f80       0x34 C:/NXP/S32DS_ARM_v2.2/S32DS/build_tools/gcc_v6.3/gcc-6.3-arm32-eabi/arm-none-eabi/newlib/lib/thumb/v6-m\libc.a(lib_a-__atexit.o)
 .debug_frame   0x00000fb4       0x20 C:/NXP/S32DS_ARM_v2.2/S32DS/build_tools/gcc_v6.3/gcc-6.3-arm32-eabi/arm-none-eabi/newlib/lib/thumb/v6-m\libnosys.a(_exit.o)
